Archive member included because of file (symbol)

c:/program files/atollic/truestudio for arm lite 5.0.0/armtools/bin/../lib/gcc/arm-atollic-eabi/4.7.3/../../../../arm-atollic-eabi/lib/armv7e-m/fpu\libc_s.a(lib_a-init.o)
                              src\startup_stm32f429x.o (__libc_init_array)
c:/program files/atollic/truestudio for arm lite 5.0.0/armtools/bin/../lib/gcc/arm-atollic-eabi/4.7.3/../../../../arm-atollic-eabi/lib/armv7e-m/fpu\libc_s.a(lib_a-malloc.o)
                              src\uart.o (malloc)
c:/program files/atollic/truestudio for arm lite 5.0.0/armtools/bin/../lib/gcc/arm-atollic-eabi/4.7.3/../../../../arm-atollic-eabi/lib/armv7e-m/fpu\libc_s.a(lib_a-mallocr.o)
                              c:/program files/atollic/truestudio for arm lite 5.0.0/armtools/bin/../lib/gcc/arm-atollic-eabi/4.7.3/../../../../arm-atollic-eabi/lib/armv7e-m/fpu\libc_s.a(lib_a-malloc.o) (_malloc_r)
c:/program files/atollic/truestudio for arm lite 5.0.0/armtools/bin/../lib/gcc/arm-atollic-eabi/4.7.3/../../../../arm-atollic-eabi/lib/armv7e-m/fpu\libc_s.a(lib_a-memset.o)
                              src\main.o (memset)
c:/program files/atollic/truestudio for arm lite 5.0.0/armtools/bin/../lib/gcc/arm-atollic-eabi/4.7.3/../../../../arm-atollic-eabi/lib/armv7e-m/fpu\libc_s.a(lib_a-sbrkr.o)
                              c:/program files/atollic/truestudio for arm lite 5.0.0/armtools/bin/../lib/gcc/arm-atollic-eabi/4.7.3/../../../../arm-atollic-eabi/lib/armv7e-m/fpu\libc_s.a(lib_a-mallocr.o) (_sbrk_r)
c:/program files/atollic/truestudio for arm lite 5.0.0/armtools/bin/../lib/gcc/arm-atollic-eabi/4.7.3/../../../../arm-atollic-eabi/lib/armv7e-m/fpu\libc_s.a(lib_a-strcat.o)
                              src\main.o (strcat)
c:/program files/atollic/truestudio for arm lite 5.0.0/armtools/bin/../lib/gcc/arm-atollic-eabi/4.7.3/../../../../arm-atollic-eabi/lib/armv7e-m/fpu\libc_s.a(lib_a-strcmp.o)
                              src\main.o (strcmp)
c:/program files/atollic/truestudio for arm lite 5.0.0/armtools/bin/../lib/gcc/arm-atollic-eabi/4.7.3/../../../../arm-atollic-eabi/lib/armv7e-m/fpu\libc_s.a(lib_a-strcpy.o)
                              src\string_queue.o (strcpy)
c:/program files/atollic/truestudio for arm lite 5.0.0/armtools/bin/../lib/gcc/arm-atollic-eabi/4.7.3/../../../../arm-atollic-eabi/lib/armv7e-m/fpu\libc_s.a(lib_a-strlen.o)
                              src\uart.o (strlen)
c:/program files/atollic/truestudio for arm lite 5.0.0/armtools/bin/../lib/gcc/arm-atollic-eabi/4.7.3/../../../../arm-atollic-eabi/lib/armv7e-m/fpu\libc_s.a(lib_a-syscalls.o)
                              src\tiny_printf.o (_write)
c:/program files/atollic/truestudio for arm lite 5.0.0/armtools/bin/../lib/gcc/arm-atollic-eabi/4.7.3/../../../../arm-atollic-eabi/lib/armv7e-m/fpu\libc_s.a(lib_a-freer.o)
                              c:/program files/atollic/truestudio for arm lite 5.0.0/armtools/bin/../lib/gcc/arm-atollic-eabi/4.7.3/../../../../arm-atollic-eabi/lib/armv7e-m/fpu\libc_s.a(lib_a-malloc.o) (_free_r)
c:/program files/atollic/truestudio for arm lite 5.0.0/armtools/bin/../lib/gcc/arm-atollic-eabi/4.7.3/../../../../arm-atollic-eabi/lib/armv7e-m/fpu\libc_s.a(lib_a-impure.o)
                              c:/program files/atollic/truestudio for arm lite 5.0.0/armtools/bin/../lib/gcc/arm-atollic-eabi/4.7.3/../../../../arm-atollic-eabi/lib/armv7e-m/fpu\libc_s.a(lib_a-malloc.o) (_impure_ptr)
c:/program files/atollic/truestudio for arm lite 5.0.0/armtools/bin/../lib/gcc/arm-atollic-eabi/4.7.3/../../../../arm-atollic-eabi/lib/armv7e-m/fpu\libc_s.a(lib_a-reent.o)
                              c:/program files/atollic/truestudio for arm lite 5.0.0/armtools/bin/../lib/gcc/arm-atollic-eabi/4.7.3/../../../../arm-atollic-eabi/lib/armv7e-m/fpu\libc_s.a(lib_a-sbrkr.o) (errno)

Allocating common symbols
Common symbol       size              file

errno               0x4               c:/program files/atollic/truestudio for arm lite 5.0.0/armtools/bin/../lib/gcc/arm-atollic-eabi/4.7.3/../../../../arm-atollic-eabi/lib/armv7e-m/fpu\libc_s.a(lib_a-reent.o)
dbg                 0x4               src\camera.o
image               0x4e20            src\main.o
buf                 0x400             src\main.o
uart                0x3c              src\main.o

Discarded input sections

 .text          0x00000000        0x0 c:/program files/atollic/truestudio for arm lite 5.0.0/armtools/bin/../lib/gcc/arm-atollic-eabi/4.7.3/armv7e-m/fpu/crti.o
 .data          0x00000000        0x0 c:/program files/atollic/truestudio for arm lite 5.0.0/armtools/bin/../lib/gcc/arm-atollic-eabi/4.7.3/armv7e-m/fpu/crti.o
 .bss           0x00000000        0x0 c:/program files/atollic/truestudio for arm lite 5.0.0/armtools/bin/../lib/gcc/arm-atollic-eabi/4.7.3/armv7e-m/fpu/crti.o
 .data          0x00000000        0x4 c:/program files/atollic/truestudio for arm lite 5.0.0/armtools/bin/../lib/gcc/arm-atollic-eabi/4.7.3/armv7e-m/fpu/crtbegin.o
[...]
Memory Configuration

Name             Origin             Length             Attributes
FLASH            0x08000000         0x00100000         xr
RAM              0x20000000         0x00030000         xrw
MEMORY_B1        0x60000000         0x00000000         xr
CCMRAM           0x10000000         0x00010000         rw
*default*        0x00000000         0xffffffff

Linker script and memory map

LOAD c:/program files/atollic/truestudio for arm lite 5.0.0/armtools/bin/../lib/gcc/arm-atollic-eabi/4.7.3/armv7e-m/fpu/crti.o
LOAD c:/program files/atollic/truestudio for arm lite 5.0.0/armtools/bin/../lib/gcc/arm-atollic-eabi/4.7.3/armv7e-m/fpu/crtbegin.o
LOAD src\uart.o
LOAD src\tiny_printf.o
LOAD src\system_stm32f4xx.o
LOAD src\string_queue.o
LOAD src\stm32f4xx_it.o
LOAD src\startup_stm32f429x.o
LOAD src\main.o
LOAD src\i2c.o
LOAD src\gpio.o
LOAD src\event_timer.o
LOAD src\clock.o
LOAD src\camera.o
LOAD Libraries\STM32F4xx_StdPeriph_Driver\src\stm32f4xx_wwdg.o
LOAD Libraries\STM32F4xx_StdPeriph_Driver\src\stm32f4xx_usart.o
LOAD Libraries\STM32F4xx_StdPeriph_Driver\src\stm32f4xx_tim.o
LOAD Libraries\STM32F4xx_StdPeriph_Driver\src\stm32f4xx_syscfg.o
LOAD Libraries\STM32F4xx_StdPeriph_Driver\src\stm32f4xx_spi.o
LOAD Libraries\STM32F4xx_StdPeriph_Driver\src\stm32f4xx_sdio.o
LOAD Libraries\STM32F4xx_StdPeriph_Driver\src\stm32f4xx_sai.o
LOAD Libraries\STM32F4xx_StdPeriph_Driver\src\stm32f4xx_rtc.o
LOAD Libraries\STM32F4xx_StdPeriph_Driver\src\stm32f4xx_rng.o
LOAD Libraries\STM32F4xx_StdPeriph_Driver\src\stm32f4xx_rcc.o
LOAD Libraries\STM32F4xx_StdPeriph_Driver\src\stm32f4xx_pwr.o
LOAD Libraries\STM32F4xx_StdPeriph_Driver\src\stm32f4xx_ltdc.o
LOAD Libraries\STM32F4xx_StdPeriph_Driver\src\stm32f4xx_iwdg.o
LOAD Libraries\STM32F4xx_StdPeriph_Driver\src\stm32f4xx_i2c.o
LOAD Libraries\STM32F4xx_StdPeriph_Driver\src\stm32f4xx_hash_sha1.o
LOAD Libraries\STM32F4xx_StdPeriph_Driver\src\stm32f4xx_hash_md5.o
LOAD Libraries\STM32F4xx_StdPeriph_Driver\src\stm32f4xx_hash.o
LOAD Libraries\STM32F4xx_StdPeriph_Driver\src\stm32f4xx_gpio.o
LOAD Libraries\STM32F4xx_StdPeriph_Driver\src\stm32f4xx_fmc.o
LOAD Libraries\STM32F4xx_StdPeriph_Driver\src\stm32f4xx_flash.o
LOAD Libraries\STM32F4xx_StdPeriph_Driver\src\stm32f4xx_exti.o
LOAD Libraries\STM32F4xx_StdPeriph_Driver\src\stm32f4xx_dma2d.o
LOAD Libraries\STM32F4xx_StdPeriph_Driver\src\stm32f4xx_dma.o
LOAD Libraries\STM32F4xx_StdPeriph_Driver\src\stm32f4xx_dcmi.o
LOAD Libraries\STM32F4xx_StdPeriph_Driver\src\stm32f4xx_dbgmcu.o
LOAD Libraries\STM32F4xx_StdPeriph_Driver\src\stm32f4xx_dac.o
LOAD Libraries\STM32F4xx_StdPeriph_Driver\src\stm32f4xx_cryp_tdes.o
LOAD Libraries\STM32F4xx_StdPeriph_Driver\src\stm32f4xx_cryp_des.o
LOAD Libraries\STM32F4xx_StdPeriph_Driver\src\stm32f4xx_cryp_aes.o
LOAD Libraries\STM32F4xx_StdPeriph_Driver\src\stm32f4xx_cryp.o
LOAD Libraries\STM32F4xx_StdPeriph_Driver\src\stm32f4xx_crc.o
LOAD Libraries\STM32F4xx_StdPeriph_Driver\src\stm32f4xx_can.o
LOAD Libraries\STM32F4xx_StdPeriph_Driver\src\stm32f4xx_adc.o
LOAD Libraries\STM32F4xx_StdPeriph_Driver\src\misc.o
START GROUP
LOAD c:/program files/atollic/truestudio for arm lite 5.0.0/armtools/bin/../lib/gcc/arm-atollic-eabi/4.7.3/../../../../arm-atollic-eabi/lib/armv7e-m/fpu\libc_s.a
LOAD c:/program files/atollic/truestudio for arm lite 5.0.0/armtools/bin/../lib/gcc/arm-atollic-eabi/4.7.3/../../../../arm-atollic-eabi/lib/armv7e-m/fpu\libm.a
END GROUP
                0x00001000                malloc_getpagesize_P = 0x1000
START GROUP
LOAD c:/program files/atollic/truestudio for arm lite 5.0.0/armtools/bin/../lib/gcc/arm-atollic-eabi/4.7.3/armv7e-m/fpu\libgcc.a
LOAD c:/program files/atollic/truestudio for arm lite 5.0.0/armtools/bin/../lib/gcc/arm-atollic-eabi/4.7.3/../../../../arm-atollic-eabi/lib/armv7e-m/fpu\libc.a
END GROUP
LOAD c:/program files/atollic/truestudio for arm lite 5.0.0/armtools/bin/../lib/gcc/arm-atollic-eabi/4.7.3/armv7e-m/fpu/crtend.o
LOAD c:/program files/atollic/truestudio for arm lite 5.0.0/armtools/bin/../lib/gcc/arm-atollic-eabi/4.7.3/armv7e-m/fpu/crtn.o
                0x20030000                _estack = 0x20030000
                0x00000000                _Min_Heap_Size = 0x0
                0x00000400                _Min_Stack_Size = 0x400

.isr_vector     0x08000000      0x1ac
                0x08000000                . = ALIGN (0x4)
 *(.isr_vector)
 .isr_vector    0x08000000      0x1ac src\startup_stm32f429x.o
                0x08000000                g_pfnVectors
                0x080001ac                . = ALIGN (0x4)

.text           0x080001ac     0x3c60
                0x080001ac                . = ALIGN (0x4)
 *(.text)
 .text          0x080001ac       0x54 c:/program files/atollic/truestudio for arm lite 5.0.0/armtools/bin/../lib/gcc/arm-atollic-eabi/4.7.3/armv7e-m/fpu/crtbegin.o
 *(.text*)
 .text.NVIC_EnableIRQ
                0x08000200       0x38 src\uart.o
 .text.UART_init
                0x08000238      0x1d4 src\uart.o
                0x08000238                UART_init
 .text.UART_set_state
                0x0800040c       0x94 src\uart.o
                0x0800040c                UART_set_state
 .text.uart_putc
                0x080004a0       0x48 src\uart.o
                0x080004a0                uart_putc
 .text.uart_putstr
                0x080004e8       0x40 src\uart.o
                0x080004e8                uart_putstr
 .text.uart_putline
                0x08000528       0x30 src\uart.o
                0x08000528                uart_putline
 .text.uart_inbox_count
                0x08000558       0x18 src\uart.o
                0x08000558                uart_inbox_count
 .text.uart_getstr
                0x08000570       0x64 src\uart.o
                0x08000570                uart_getstr
 .text.uart_outbox_not_empty
                0x080005d4       0x28 src\uart.o
                0x080005d4                uart_outbox_not_empty
 .text.process_reception
                0x080005fc       0x70 src\uart.o
                0x080005fc                process_reception
 .text.UART_IRQ_process
                0x0800066c       0xa0 src\uart.o
                0x0800066c                UART_IRQ_process
 .text.USART1_IRQHandler
                0x0800070c       0x18 src\uart.o
                0x0800070c                USART1_IRQHandler
 .text.USART2_IRQHandler
                0x08000724       0x18 src\uart.o
                0x08000724                USART2_IRQHandler
 .text.USART3_IRQHandler
                0x0800073c       0x18 src\uart.o
                0x0800073c                USART3_IRQHandler
 .text.UART4_IRQHandler
                0x08000754       0x18 src\uart.o
                0x08000754                UART4_IRQHandler
 .text.UART5_IRQHandler
                0x0800076c       0x18 src\uart.o
                0x0800076c                UART5_IRQHandler
 .text.UART_enqueue
                0x08000784       0x50 src\uart.o
                0x08000784                UART_enqueue
 .text.UART_dequeue
                0x080007d4       0x50 src\uart.o
                0x080007d4                UART_dequeue
 .text.ts_itoa  0x08000824       0x9c src\tiny_printf.o
                0x08000824                ts_itoa
 .text.ts_formatstring
                0x080008c0      0x164 src\tiny_printf.o
                0x080008c0                ts_formatstring
 .text.siprintf
                0x08000a24       0x30 src\tiny_printf.o
                0x08000a24                siprintf
                0x08000a24                sprintf
 .text.SystemInit
                0x08000a54       0xb0 src\system_stm32f4xx.o
                0x08000a54                SystemInit
 .text.SetSysClock
                0x08000b04      0x188 src\system_stm32f4xx.o
 .text.NMI_Handler
                0x08000c8c        0xc src\stm32f4xx_it.o
                0x08000c8c                NMI_Handler
 .text.HardFault_Handler
                0x08000c98        0x8 src\stm32f4xx_it.o
                0x08000c98                HardFault_Handler
 .text.MemManage_Handler
                0x08000ca0        0x8 src\stm32f4xx_it.o
                0x08000ca0                MemManage_Handler
 .text.BusFault_Handler
                0x08000ca8        0x8 src\stm32f4xx_it.o
                0x08000ca8                BusFault_Handler
 .text.UsageFault_Handler
                0x08000cb0        0x8 src\stm32f4xx_it.o
                0x08000cb0                UsageFault_Handler
 .text.SVC_Handler
                0x08000cb8        0xc src\stm32f4xx_it.o
                0x08000cb8                SVC_Handler
 .text.DebugMon_Handler
                0x08000cc4        0xc src\stm32f4xx_it.o
                0x08000cc4                DebugMon_Handler
 .text.PendSV_Handler
                0x08000cd0        0xc src\stm32f4xx_it.o
                0x08000cd0                PendSV_Handler
 .text.SysTick_Handler
                0x08000cdc        0xc src\stm32f4xx_it.o
                0x08000cdc                SysTick_Handler
 .text.Reset_Handler
                0x08000ce8       0x58 src\startup_stm32f429x.o
                0x08000ce8                Reset_Handler
 .text.Default_Handler
                0x08000d40        0x4 src\startup_stm32f429x.o
                0x08000d40                RTC_Alarm_IRQHandler
                0x08000d40                HASH_RNG_IRQHandler
                0x08000d40                EXTI2_IRQHandler
                0x08000d40                TIM8_CC_IRQHandler
                0x08000d40                UART8_IRQHandler
                0x08000d40                SPI4_IRQHandler
                0x08000d40                TIM1_CC_IRQHandler
                0x08000d40                DMA2_Stream5_IRQHandler
                0x08000d40                DMA1_Stream5_IRQHandler
                0x08000d40                PVD_IRQHandler
                0x08000d40                SDIO_IRQHandler
                0x08000d40                TAMP_STAMP_IRQHandler
                0x08000d40                CAN2_RX1_IRQHandler
                0x08000d40                EXTI3_IRQHandler
                0x08000d40                TIM8_TRG_COM_TIM14_IRQHandler
                0x08000d40                TIM1_UP_TIM10_IRQHandler
                0x08000d40                TIM8_UP_TIM13_IRQHandler
                0x08000d40                I2C3_ER_IRQHandler
                0x08000d40                EXTI0_IRQHandler
                0x08000d40                I2C2_EV_IRQHandler
                0x08000d40                DMA1_Stream2_IRQHandler
                0x08000d40                CAN1_RX0_IRQHandler
                0x08000d40                FPU_IRQHandler
                0x08000d40                OTG_HS_WKUP_IRQHandler
                0x08000d40                LTDC_ER_IRQHandler
                0x08000d40                CAN2_SCE_IRQHandler
                0x08000d40                DMA2_Stream2_IRQHandler
                0x08000d40                SPI1_IRQHandler
                0x08000d40                TIM1_BRK_TIM9_IRQHandler
                0x08000d40                CAN2_RX0_IRQHandler
                0x08000d40                DMA2_Stream3_IRQHandler
                0x08000d40                USART6_IRQHandler
                0x08000d40                CRYP_IRQHandler
                0x08000d40                CAN1_RX1_IRQHandler
                0x08000d40                DMA2_Stream0_IRQHandler
                0x08000d40                TIM4_IRQHandler
                0x08000d40                I2C1_EV_IRQHandler
                0x08000d40                DMA1_Stream6_IRQHandler
                0x08000d40                DMA1_Stream1_IRQHandler
                0x08000d40                TIM3_IRQHandler
                0x08000d40                RCC_IRQHandler
                0x08000d40                TIM8_BRK_TIM12_IRQHandler
                0x08000d40                Default_Handler
                0x08000d40                EXTI15_10_IRQHandler
                0x08000d40                ADC_IRQHandler
                0x08000d40                DMA1_Stream7_IRQHandler
                0x08000d40                SPI5_IRQHandler
                0x08000d40                CAN2_TX_IRQHandler
                0x08000d40                TIM5_IRQHandler
                0x08000d40                DMA2_Stream7_IRQHandler
                0x08000d40                I2C3_EV_IRQHandler
                0x08000d40                EXTI9_5_IRQHandler
                0x08000d40                RTC_WKUP_IRQHandler
                0x08000d40                LTDC_IRQHandler
                0x08000d40                ETH_WKUP_IRQHandler
                0x08000d40                SPI2_IRQHandler
                0x08000d40                OTG_HS_EP1_IN_IRQHandler
                0x08000d40                DMA1_Stream0_IRQHandler
                0x08000d40                CAN1_TX_IRQHandler
                0x08000d40                EXTI4_IRQHandler
                0x08000d40                ETH_IRQHandler
                0x08000d40                OTG_HS_EP1_OUT_IRQHandler
                0x08000d40                WWDG_IRQHandler
                0x08000d40                SPI6_IRQHandler
                0x08000d40                TIM2_IRQHandler
                0x08000d40                OTG_FS_WKUP_IRQHandler
                0x08000d40                TIM1_TRG_COM_TIM11_IRQHandler
                0x08000d40                OTG_HS_IRQHandler
                0x08000d40                DMA2D_IRQHandler
                0x08000d40                EXTI1_IRQHandler
                0x08000d40                UART7_IRQHandler
                0x08000d40                I2C2_ER_IRQHandler
                0x08000d40                CAN1_SCE_IRQHandler
                0x08000d40                FLASH_IRQHandler
                0x08000d40                DMA2_Stream4_IRQHandler
                0x08000d40                OTG_FS_IRQHandler
                0x08000d40                SPI3_IRQHandler
                0x08000d40                DMA1_Stream4_IRQHandler
                0x08000d40                I2C1_ER_IRQHandler
                0x08000d40                FMC_IRQHandler
                0x08000d40                DMA2_Stream6_IRQHandler
                0x08000d40                SAI1_IRQHandler
                0x08000d40                DMA1_Stream3_IRQHandler
 .text.NVIC_SetPriority
                0x08000d44       0x5c src\main.o
 .text.SysTick_Config
                0x08000da0       0x64 src\main.o
 .text.main     0x08000e04      0x430 src\main.o
                0x08000e04                main
 .text.init_sdram
                0x08001234      0x504 src\main.o
                0x08001234                init_sdram
 .text.set_frame_size
                0x08001738       0x54 src\main.o
                0x08001738                set_frame_size
 .text.take_picture
                0x0800178c      0x2c4 src\main.o
                0x0800178c                take_picture
 .text.snapshot_falling_edge
                0x08001a50       0x64 src\main.o
                0x08001a50                snapshot_falling_edge
 .text.i2c_init
                0x08001ab4       0xc4 src\i2c.o
                0x08001ab4                i2c_init
 .text.sensor_get
                0x08001b78      0x1a8 src\i2c.o
                0x08001b78                sensor_get
 .text.sensor_set
                0x08001d20      0x120 src\i2c.o
                0x08001d20                sensor_set
 .text.gpio_init
                0x08001e40       0xe0 src\gpio.o
                0x08001e40                gpio_init
 .text.gpio_set
                0x08001f20       0x50 src\gpio.o
                0x08001f20                gpio_set
 .text.gpio_toggle
                0x08001f70       0x90 src\gpio.o
                0x08001f70                gpio_toggle
 .text.gpio_read
                0x08002000       0x48 src\gpio.o
                0x08002000                gpio_read
 .text.event_timer_init
                0x08002048       0x60 src\event_timer.o
                0x08002048                event_timer_init
 .text.event_timer_increment
                0x080020a8       0x90 src\event_timer.o
                0x080020a8                event_timer_increment
 .text.TIM7_IRQHandler
                0x08002138        0xc src\event_timer.o
                0x08002138                TIM7_IRQHandler
 .text.TIM6_DAC_IRQHandler
                0x08002144        0xc src\event_timer.o
                0x08002144                TIM6_DAC_IRQHandler
 .text.event_flag_is_set
                0x08002150       0x4c src\event_timer.o
                0x08002150                event_flag_is_set
 .text.clock_init
                0x0800219c       0xec src\clock.o
                0x0800219c                clock_init
 .text.NVIC_EnableIRQ
                0x08002288       0x38 src\camera.o
 .text.camera_init
                0x080022c0      0x31c src\camera.o
                0x080022c0                camera_init
 .text.camera_test_image_array
                0x080025dc       0x48 src\camera.o
                0x080025dc                camera_test_image_array
 .text.DCMI_IRQHandler
                0x08002624      0x170 src\camera.o
                0x08002624                DCMI_IRQHandler
 .text.DMA2_Stream1_IRQHandler
                0x08002794      0x100 src\camera.o
                0x08002794                DMA2_Stream1_IRQHandler
 .text.USART_Init
                0x08002894      0x1ac Libraries\STM32F4xx_StdPeriph_Driver\src\stm32f4xx_usart.o
                0x08002894                USART_Init
 .text.USART_Cmd
                0x08002a40       0x40 Libraries\STM32F4xx_StdPeriph_Driver\src\stm32f4xx_usart.o
                0x08002a40                USART_Cmd
 .text.USART_SendData
                0x08002a80       0x28 Libraries\STM32F4xx_StdPeriph_Driver\src\stm32f4xx_usart.o
                0x08002a80                USART_SendData
 .text.USART_ReceiveData
                0x08002aa8       0x24 Libraries\STM32F4xx_StdPeriph_Driver\src\stm32f4xx_usart.o
                0x08002aa8                USART_ReceiveData
 .text.USART_ITConfig
                0x08002acc       0xa4 Libraries\STM32F4xx_StdPeriph_Driver\src\stm32f4xx_usart.o
                0x08002acc                USART_ITConfig
 .text.USART_GetITStatus
                0x08002b70       0xc4 Libraries\STM32F4xx_StdPeriph_Driver\src\stm32f4xx_usart.o
                0x08002b70                USART_GetITStatus
 .text.TIM_TimeBaseInit
                0x08002c34       0xf4 Libraries\STM32F4xx_StdPeriph_Driver\src\stm32f4xx_tim.o
                0x08002c34                TIM_TimeBaseInit
 .text.TIM_Cmd  0x08002d28       0x40 Libraries\STM32F4xx_StdPeriph_Driver\src\stm32f4xx_tim.o
                0x08002d28                TIM_Cmd
 .text.TIM_OC1Init
                0x08002d68       0xfc Libraries\STM32F4xx_StdPeriph_Driver\src\stm32f4xx_tim.o
                0x08002d68                TIM_OC1Init
 .text.TIM_OC1PreloadConfig
                0x08002e64       0x38 Libraries\STM32F4xx_StdPeriph_Driver\src\stm32f4xx_tim.o
                0x08002e64                TIM_OC1PreloadConfig
 .text.RCC_GetClocksFreq
                0x08002e9c      0x1cc Libraries\STM32F4xx_StdPeriph_Driver\src\stm32f4xx_rcc.o
                0x08002e9c                RCC_GetClocksFreq
 .text.RCC_AHB1PeriphClockCmd
                0x08003068       0x54 Libraries\STM32F4xx_StdPeriph_Driver\src\stm32f4xx_rcc.o
                0x08003068                RCC_AHB1PeriphClockCmd
 .text.RCC_AHB2PeriphClockCmd
                0x080030bc       0x54 Libraries\STM32F4xx_StdPeriph_Driver\src\stm32f4xx_rcc.o
                0x080030bc                RCC_AHB2PeriphClockCmd
 .text.RCC_AHB3PeriphClockCmd
                0x08003110       0x54 Libraries\STM32F4xx_StdPeriph_Driver\src\stm32f4xx_rcc.o
                0x08003110                RCC_AHB3PeriphClockCmd
 .text.RCC_APB1PeriphClockCmd
                0x08003164       0x54 Libraries\STM32F4xx_StdPeriph_Driver\src\stm32f4xx_rcc.o
                0x08003164                RCC_APB1PeriphClockCmd
 .text.RCC_APB2PeriphClockCmd
                0x080031b8       0x54 Libraries\STM32F4xx_StdPeriph_Driver\src\stm32f4xx_rcc.o
                0x080031b8                RCC_APB2PeriphClockCmd
 .text.I2C_Init
                0x0800320c      0x1ac Libraries\STM32F4xx_StdPeriph_Driver\src\stm32f4xx_i2c.o
                0x0800320c                I2C_Init
 .text.I2C_Cmd  0x080033b8       0x40 Libraries\STM32F4xx_StdPeriph_Driver\src\stm32f4xx_i2c.o
                0x080033b8                I2C_Cmd
 .text.I2C_GenerateSTART
                0x080033f8       0x40 Libraries\STM32F4xx_StdPeriph_Driver\src\stm32f4xx_i2c.o
                0x080033f8                I2C_GenerateSTART
 .text.I2C_GenerateSTOP
                0x08003438       0x40 Libraries\STM32F4xx_StdPeriph_Driver\src\stm32f4xx_i2c.o
                0x08003438                I2C_GenerateSTOP
 .text.I2C_Send7bitAddress
                0x08003478       0x3c Libraries\STM32F4xx_StdPeriph_Driver\src\stm32f4xx_i2c.o
                0x08003478                I2C_Send7bitAddress
 .text.I2C_AcknowledgeConfig
                0x080034b4       0x40 Libraries\STM32F4xx_StdPeriph_Driver\src\stm32f4xx_i2c.o
                0x080034b4                I2C_AcknowledgeConfig
 .text.I2C_SendData
                0x080034f4       0x20 Libraries\STM32F4xx_StdPeriph_Driver\src\stm32f4xx_i2c.o
                0x080034f4                I2C_SendData
 .text.I2C_ReceiveData
                0x08003514       0x1c Libraries\STM32F4xx_StdPeriph_Driver\src\stm32f4xx_i2c.o
                0x08003514                I2C_ReceiveData
 .text.I2C_CheckEvent
                0x08003530       0x70 Libraries\STM32F4xx_StdPeriph_Driver\src\stm32f4xx_i2c.o
                0x08003530                I2C_CheckEvent
 .text.I2C_GetFlagStatus
                0x080035a0       0x78 Libraries\STM32F4xx_StdPeriph_Driver\src\stm32f4xx_i2c.o
                0x080035a0                I2C_GetFlagStatus
 .text.GPIO_Init
                0x08003618      0x144 Libraries\STM32F4xx_StdPeriph_Driver\src\stm32f4xx_gpio.o
                0x08003618                GPIO_Init
 .text.GPIO_ReadInputDataBit
                0x0800375c       0x3c Libraries\STM32F4xx_StdPeriph_Driver\src\stm32f4xx_gpio.o
                0x0800375c                GPIO_ReadInputDataBit
 .text.GPIO_WriteBit
                0x08003798       0x30 Libraries\STM32F4xx_StdPeriph_Driver\src\stm32f4xx_gpio.o
                0x08003798                GPIO_WriteBit
 .text.GPIO_PinAFConfig
                0x080037c8       0xa8 Libraries\STM32F4xx_StdPeriph_Driver\src\stm32f4xx_gpio.o
                0x080037c8                GPIO_PinAFConfig
 .text.DMA_GetITStatus
                0x08003870       0xc0 Libraries\STM32F4xx_StdPeriph_Driver\src\stm32f4xx_dma.o
                0x08003870                DMA_GetITStatus
 .text.DMA_ClearITPendingBit
                0x08003930       0x60 Libraries\STM32F4xx_StdPeriph_Driver\src\stm32f4xx_dma.o
                0x08003930                DMA_ClearITPendingBit
 .text.DCMI_Init
                0x08003990       0x94 Libraries\STM32F4xx_StdPeriph_Driver\src\stm32f4xx_dcmi.o
                0x08003990                DCMI_Init
 .text.DCMI_Cmd
                0x08003a24       0x4c Libraries\STM32F4xx_StdPeriph_Driver\src\stm32f4xx_dcmi.o
                0x08003a24                DCMI_Cmd
 .text.DCMI_CaptureCmd
                0x08003a70       0x4c Libraries\STM32F4xx_StdPeriph_Driver\src\stm32f4xx_dcmi.o
                0x08003a70                DCMI_CaptureCmd
 .text.DCMI_ITConfig
                0x08003abc       0x58 Libraries\STM32F4xx_StdPeriph_Driver\src\stm32f4xx_dcmi.o
                0x08003abc                DCMI_ITConfig
 .text.DCMI_GetITStatus
                0x08003b14       0x48 Libraries\STM32F4xx_StdPeriph_Driver\src\stm32f4xx_dcmi.o
                0x08003b14                DCMI_GetITStatus
 .text.DCMI_ClearITPendingBit
                0x08003b5c       0x20 Libraries\STM32F4xx_StdPeriph_Driver\src\stm32f4xx_dcmi.o
                0x08003b5c                DCMI_ClearITPendingBit
 .text.NVIC_Init
                0x08003b7c       0xe4 Libraries\STM32F4xx_StdPeriph_Driver\src\misc.o
                0x08003b7c                NVIC_Init
 .text.__libc_init_array
                0x08003c60       0x4c c:/program files/atollic/truestudio for arm lite 5.0.0/armtools/bin/../lib/gcc/arm-atollic-eabi/4.7.3/../../../../arm-atollic-eabi/lib/armv7e-m/fpu\libc_s.a(lib_a-init.o)
                0x08003c60                __libc_init_array
 .text.malloc   0x08003cac       0x10 c:/program files/atollic/truestudio for arm lite 5.0.0/armtools/bin/../lib/gcc/arm-atollic-eabi/4.7.3/../../../../arm-atollic-eabi/lib/armv7e-m/fpu\libc_s.a(lib_a-malloc.o)
                0x08003cac                malloc
 .text._malloc_r
                0x08003cbc       0x94 c:/program files/atollic/truestudio for arm lite 5.0.0/armtools/bin/../lib/gcc/arm-atollic-eabi/4.7.3/../../../../arm-atollic-eabi/lib/armv7e-m/fpu\libc_s.a(lib_a-mallocr.o)
                0x08003cbc                _malloc_r
 .text.memset   0x08003d50       0x10 c:/program files/atollic/truestudio for arm lite 5.0.0/armtools/bin/../lib/gcc/arm-atollic-eabi/4.7.3/../../../../arm-atollic-eabi/lib/armv7e-m/fpu\libc_s.a(lib_a-memset.o)
                0x08003d50                memset
 .text._sbrk_r  0x08003d60       0x20 c:/program files/atollic/truestudio for arm lite 5.0.0/armtools/bin/../lib/gcc/arm-atollic-eabi/4.7.3/../../../../arm-atollic-eabi/lib/armv7e-m/fpu\libc_s.a(lib_a-sbrkr.o)
                0x08003d60                _sbrk_r
 .text.strcat   0x08003d80       0x1a c:/program files/atollic/truestudio for arm lite 5.0.0/armtools/bin/../lib/gcc/arm-atollic-eabi/4.7.3/../../../../arm-atollic-eabi/lib/armv7e-m/fpu\libc_s.a(lib_a-strcat.o)
                0x08003d80                strcat
 .text.strcmp   0x08003d9a       0x16 c:/program files/atollic/truestudio for arm lite 5.0.0/armtools/bin/../lib/gcc/arm-atollic-eabi/4.7.3/../../../../arm-atollic-eabi/lib/armv7e-m/fpu\libc_s.a(lib_a-strcmp.o)
                0x08003d9a                strcmp
 .text.strlen   0x08003db0       0x10 c:/program files/atollic/truestudio for arm lite 5.0.0/armtools/bin/../lib/gcc/arm-atollic-eabi/4.7.3/../../../../arm-atollic-eabi/lib/armv7e-m/fpu\libc_s.a(lib_a-strlen.o)
                0x08003db0                strlen
 .text._sbrk    0x08003dc0       0x34 c:/program files/atollic/truestudio for arm lite 5.0.0/armtools/bin/../lib/gcc/arm-atollic-eabi/4.7.3/../../../../arm-atollic-eabi/lib/armv7e-m/fpu\libc_s.a(lib_a-syscalls.o)
                0x08003dc0                _sbrk
 *(.glue_7)
 .glue_7        0x00000000        0x0 linker stubs
 *(.glue_7t)
 .glue_7t       0x00000000        0x0 linker stubs
 *(.eh_frame)
 .eh_frame      0x08003df4        0x0 c:/program files/atollic/truestudio for arm lite 5.0.0/armtools/bin/../lib/gcc/arm-atollic-eabi/4.7.3/armv7e-m/fpu/crtbegin.o
 *(.init)
 .init          0x08003df4        0x4 c:/program files/atollic/truestudio for arm lite 5.0.0/armtools/bin/../lib/gcc/arm-atollic-eabi/4.7.3/armv7e-m/fpu/crti.o
                0x08003df4                _init
 .init          0x08003df8        0x8 c:/program files/atollic/truestudio for arm lite 5.0.0/armtools/bin/../lib/gcc/arm-atollic-eabi/4.7.3/armv7e-m/fpu/crtn.o
 *(.fini)
 .fini          0x08003e00        0x4 c:/program files/atollic/truestudio for arm lite 5.0.0/armtools/bin/../lib/gcc/arm-atollic-eabi/4.7.3/armv7e-m/fpu/crti.o
                0x08003e00                _fini
 .fini          0x08003e04        0x8 c:/program files/atollic/truestudio for arm lite 5.0.0/armtools/bin/../lib/gcc/arm-atollic-eabi/4.7.3/armv7e-m/fpu/crtn.o
                0x08003e0c                . = ALIGN (0x4)
                0x08003e0c                _etext = .

.vfp11_veneer   0x08003e0c        0x0
 .vfp11_veneer  0x00000000        0x0 linker stubs

.v4_bx          0x08003e0c        0x0
 .v4_bx         0x00000000        0x0 linker stubs

.iplt           0x08003e0c        0x0
 .iplt          0x00000000        0x0 c:/program files/atollic/truestudio for arm lite 5.0.0/armtools/bin/../lib/gcc/arm-atollic-eabi/4.7.3/armv7e-m/fpu/crtbegin.o

.rodata         0x08003e0c      0x2d8
                0x08003e0c                . = ALIGN (0x4)
 *(.rodata)
 .rodata        0x08003e0c      0x254 src\main.o
 .rodata        0x08004060       0x80 src\camera.o
 *(.rodata*)
 .rodata.str1.1
                0x080040e0        0x2 c:/program files/atollic/truestudio for arm lite 5.0.0/armtools/bin/../lib/gcc/arm-atollic-eabi/4.7.3/../../../../arm-atollic-eabi/lib/armv7e-m/fpu\libc_s.a(lib_a-impure.o)
                0x080040e4                . = ALIGN (0x4)
 *fill*         0x080040e2        0x2 00

.rel.dyn        0x080040e4        0x0
 .rel.iplt      0x00000000        0x0 c:/program files/atollic/truestudio for arm lite 5.0.0/armtools/bin/../lib/gcc/arm-atollic-eabi/4.7.3/armv7e-m/fpu/crtbegin.o

.ARM.extab
 *(.ARM.extab* .gnu.linkonce.armextab.*)

.ARM            0x080040e4        0x0
                0x080040e4                __exidx_start = .
 *(.ARM.exidx*)
                0x080040e4                __exidx_end = .

.preinit_array  0x080040e4        0x0
                0x080040e4                PROVIDE (__preinit_array_start, .)
 *(.preinit_array*)
                0x080040e4                PROVIDE (__preinit_array_end, .)

.init_array     0x080040e4        0x4
                0x080040e4                PROVIDE (__init_array_start, .)
 *(SORT(.init_array.*))
 *(.init_array*)
 .init_array    0x080040e4        0x4 c:/program files/atollic/truestudio for arm lite 5.0.0/armtools/bin/../lib/gcc/arm-atollic-eabi/4.7.3/armv7e-m/fpu/crtbegin.o
                0x080040e8                PROVIDE (__init_array_end, .)

.fini_array     0x080040e8        0x4
                0x080040e8                PROVIDE (__fini_array_start, .)
 *(SORT(.fini_array.*))
 *(.fini_array*)
 .fini_array    0x080040e8        0x4 c:/program files/atollic/truestudio for arm lite 5.0.0/armtools/bin/../lib/gcc/arm-atollic-eabi/4.7.3/armv7e-m/fpu/crtbegin.o
                0x080040ec                PROVIDE (__fini_array_end, .)
                0x080040ec                _sidata = LOADADDR (.data)

.data           0x20000000       0xd4 load address 0x080040ec
                0x20000000                . = ALIGN (0x4)
                0x20000000                _sdata = .
 *(.data)
 *(.data*)
 .data.snapshot_prev
                0x20000000        0x4 src\main.o
                0x20000000                snapshot_prev
 .data.snapshot_cur
                0x20000004        0x4 src\main.o
                0x20000004                snapshot_cur
 .data.gpio_config_list
                0x20000008       0x50 src\gpio.o
                0x20000008                gpio_config_list
 .data.event_flag_periods
                0x20000058        0x4 src\event_timer.o
 .data.APBAHBPrescTable
                0x2000005c       0x10 Libraries\STM32F4xx_StdPeriph_Driver\src\stm32f4xx_rcc.o
 .data.impure_data
                0x2000006c       0x64 c:/program files/atollic/truestudio for arm lite 5.0.0/armtools/bin/../lib/gcc/arm-atollic-eabi/4.7.3/../../../../arm-atollic-eabi/lib/armv7e-m/fpu\libc_s.a(lib_a-impure.o)
 .data._impure_ptr
                0x200000d0        0x4 c:/program files/atollic/truestudio for arm lite 5.0.0/armtools/bin/../lib/gcc/arm-atollic-eabi/4.7.3/../../../../arm-atollic-eabi/lib/armv7e-m/fpu\libc_s.a(lib_a-impure.o)
                0x200000d0                _impure_ptr
                0x200000d4                . = ALIGN (0x4)
                0x200000d4                _edata = .
                0x080041c0                _siccmram = LOADADDR (.ccmram)

.jcr            0x200000d4        0x0 load address 0x080041c0
 .jcr           0x200000d4        0x0 c:/program files/atollic/truestudio for arm lite 5.0.0/armtools/bin/../lib/gcc/arm-atollic-eabi/4.7.3/armv7e-m/fpu/crtbegin.o

.igot.plt       0x200000d4        0x0 load address 0x080041c0
 .igot.plt      0x00000000        0x0 c:/program files/atollic/truestudio for arm lite 5.0.0/armtools/bin/../lib/gcc/arm-atollic-eabi/4.7.3/armv7e-m/fpu/crtbegin.o

.ccmram         0x10000000        0x0 load address 0x080041c0
                0x10000000                . = ALIGN (0x4)
                0x10000000                _sccmram = .
 *(.ccmram)
 *(.ccmram*)
                0x10000000                . = ALIGN (0x4)
                0x10000000                _eccmram = .
                0x10000000                . = ALIGN (0x4)

.bss            0x200000d4     0x52b8
                0x200000d4                _sbss = .
                0x200000d4                __bss_start__ = _sbss
 *(.bss)
 .bss           0x200000d4       0x1c c:/program files/atollic/truestudio for arm lite 5.0.0/armtools/bin/../lib/gcc/arm-atollic-eabi/4.7.3/armv7e-m/fpu/crtbegin.o
 *(.bss*)
 .bss.peripheral_address
                0x200000f0       0x14 src\uart.o
 .bss.event_flags
                0x20000104        0x4 src\event_timer.o
 .bss.event_flag_time
                0x20000108        0x4 src\event_timer.o
 .bss.absolute_time
                0x2000010c        0x4 src\event_timer.o
 .bss.overflow_count
                0x20000110        0x4 src\camera.o
                0x20000110                overflow_count
 .bss.sync_error_count
                0x20000114        0x4 src\camera.o
                0x20000114                sync_error_count
 .bss.fv_count  0x20000118        0x4 src\camera.o
                0x20000118                fv_count
 .bss.lv_count  0x2000011c        0x4 src\camera.o
                0x2000011c                lv_count
 .bss.__malloc_free_list
                0x20000120        0x4 c:/program files/atollic/truestudio for arm lite 5.0.0/armtools/bin/../lib/gcc/arm-atollic-eabi/4.7.3/../../../../arm-atollic-eabi/lib/armv7e-m/fpu\libc_s.a(lib_a-mallocr.o)
                0x20000120                __malloc_free_list
 .bss.heap_end.5107
                0x20000124        0x4 c:/program files/atollic/truestudio for arm lite 5.0.0/armtools/bin/../lib/gcc/arm-atollic-eabi/4.7.3/../../../../arm-atollic-eabi/lib/armv7e-m/fpu\libc_s.a(lib_a-syscalls.o)
 *(COMMON)
 COMMON         0x20000128     0x525c src\main.o
                0x20000128                image
                0x20004f48                buf
                0x20005348                uart
 COMMON         0x20005384        0x4 src\camera.o
                0x20005384                dbg
 COMMON         0x20005388        0x4 c:/program files/atollic/truestudio for arm lite 5.0.0/armtools/bin/../lib/gcc/arm-atollic-eabi/4.7.3/../../../../arm-atollic-eabi/lib/armv7e-m/fpu\libc_s.a(lib_a-reent.o)
                0x20005388                errno
                0x2000538c                . = ALIGN (0x4)
                0x2000538c                _ebss = .
                0x2000538c                __bss_end__ = _ebss

._user_heap_stack
                0x2000538c      0x400
                0x2000538c                . = ALIGN (0x4)
                0x2000538c                PROVIDE (end, .)
                0x2000538c                PROVIDE (_end, .)
                0x2000538c                . = (. + _Min_Heap_Size)
                0x2000578c                . = (. + _Min_Stack_Size)
 *fill*         0x2000538c      0x400 00
                0x2000578c                . = ALIGN (0x4)

.memory_b1_text
 *(.mb1text)
 *(.mb1text*)
 *(.mb1rodata)
 *(.mb1rodata*)

/DISCARD/
 libc.a(*)
 libm.a(*)
 libgcc.a(*)

.ARM.attributes
                0x00000000       0x32
 *(.ARM.attributes)
 .ARM.attributes
                0x00000000       0x24 c:/program files/atollic/truestudio for arm lite 5.0.0/armtools/bin/../lib/gcc/arm-atollic-eabi/4.7.3/armv7e-m/fpu/crti.o
 .ARM.attributes
                0x00000024       0x36 c:/program files/atollic/truestudio for arm lite 5.0.0/armtools/bin/../lib/gcc/arm-atollic-eabi/4.7.3/armv7e-m/fpu/crtbegin.o
 .ARM.attributes
                0x0000005a       0x3b src\uart.o
 .ARM.attributes
                0x00000095       0x3b src\tiny_printf.o
 .ARM.attributes
                0x000000d0       0x3b src\system_stm32f4xx.o
 .ARM.attributes
                0x0000010b       0x3b src\stm32f4xx_it.o
 .ARM.attributes
                0x00000146       0x21 src\startup_stm32f429x.o
 .ARM.attributes
                0x00000167       0x3b src\main.o
 .ARM.attributes
                0x000001a2       0x3b src\i2c.o
 .ARM.attributes
                0x000001dd       0x3b src\gpio.o
 .ARM.attributes
                0x00000218       0x3b src\event_timer.o
 .ARM.attributes
                0x00000253       0x3b src\clock.o
 .ARM.attributes
                0x0000028e       0x3b src\camera.o
 .ARM.attributes
                0x000002c9       0x3b Libraries\STM32F4xx_StdPeriph_Driver\src\stm32f4xx_usart.o
 .ARM.attributes
                0x00000304       0x3b Libraries\STM32F4xx_StdPeriph_Driver\src\stm32f4xx_tim.o
 .ARM.attributes
                0x0000033f       0x3b Libraries\STM32F4xx_StdPeriph_Driver\src\stm32f4xx_rcc.o
 .ARM.attributes
                0x0000037a       0x3b Libraries\STM32F4xx_StdPeriph_Driver\src\stm32f4xx_i2c.o
 .ARM.attributes
                0x000003b5       0x3b Libraries\STM32F4xx_StdPeriph_Driver\src\stm32f4xx_gpio.o
 .ARM.attributes
                0x000003f0       0x3b Libraries\STM32F4xx_StdPeriph_Driver\src\stm32f4xx_dma.o
 .ARM.attributes
                0x0000042b       0x3b Libraries\STM32F4xx_StdPeriph_Driver\src\stm32f4xx_dcmi.o
 .ARM.attributes
                0x00000466       0x3b Libraries\STM32F4xx_StdPeriph_Driver\src\misc.o
 .ARM.attributes
                0x000004a1       0x36 c:/program files/atollic/truestudio for arm lite 5.0.0/armtools/bin/../lib/gcc/arm-atollic-eabi/4.7.3/../../../../arm-atollic-eabi/lib/armv7e-m/fpu\libc_s.a(lib_a-init.o)
 .ARM.attributes
                0x000004d7       0x36 c:/program files/atollic/truestudio for arm lite 5.0.0/armtools/bin/../lib/gcc/arm-atollic-eabi/4.7.3/../../../../arm-atollic-eabi/lib/armv7e-m/fpu\libc_s.a(lib_a-malloc.o)
 .ARM.attributes
                0x0000050d       0x36 c:/program files/atollic/truestudio for arm lite 5.0.0/armtools/bin/../lib/gcc/arm-atollic-eabi/4.7.3/../../../../arm-atollic-eabi/lib/armv7e-m/fpu\libc_s.a(lib_a-mallocr.o)
 .ARM.attributes
                0x00000543       0x36 c:/program files/atollic/truestudio for arm lite 5.0.0/armtools/bin/../lib/gcc/arm-atollic-eabi/4.7.3/../../../../arm-atollic-eabi/lib/armv7e-m/fpu\libc_s.a(lib_a-memset.o)
 .ARM.attributes
                0x00000579       0x36 c:/program files/atollic/truestudio for arm lite 5.0.0/armtools/bin/../lib/gcc/arm-atollic-eabi/4.7.3/../../../../arm-atollic-eabi/lib/armv7e-m/fpu\libc_s.a(lib_a-sbrkr.o)
 .ARM.attributes
                0x000005af       0x36 c:/program files/atollic/truestudio for arm lite 5.0.0/armtools/bin/../lib/gcc/arm-atollic-eabi/4.7.3/../../../../arm-atollic-eabi/lib/armv7e-m/fpu\libc_s.a(lib_a-strcat.o)
 .ARM.attributes
                0x000005e5       0x36 c:/program files/atollic/truestudio for arm lite 5.0.0/armtools/bin/../lib/gcc/arm-atollic-eabi/4.7.3/../../../../arm-atollic-eabi/lib/armv7e-m/fpu\libc_s.a(lib_a-strcmp.o)
 .ARM.attributes
                0x0000061b       0x36 c:/program files/atollic/truestudio for arm lite 5.0.0/armtools/bin/../lib/gcc/arm-atollic-eabi/4.7.3/../../../../arm-atollic-eabi/lib/armv7e-m/fpu\libc_s.a(lib_a-strlen.o)
 .ARM.attributes
                0x00000651       0x36 c:/program files/atollic/truestudio for arm lite 5.0.0/armtools/bin/../lib/gcc/arm-atollic-eabi/4.7.3/../../../../arm-atollic-eabi/lib/armv7e-m/fpu\libc_s.a(lib_a-syscalls.o)
 .ARM.attributes
                0x00000687       0x36 c:/program files/atollic/truestudio for arm lite 5.0.0/armtools/bin/../lib/gcc/arm-atollic-eabi/4.7.3/../../../../arm-atollic-eabi/lib/armv7e-m/fpu\libc_s.a(lib_a-impure.o)
 .ARM.attributes
                0x000006bd       0x36 c:/program files/atollic/truestudio for arm lite 5.0.0/armtools/bin/../lib/gcc/arm-atollic-eabi/4.7.3/../../../../arm-atollic-eabi/lib/armv7e-m/fpu\libc_s.a(lib_a-reent.o)
 .ARM.attributes
                0x000006f3       0x24 c:/program files/atollic/truestudio for arm lite 5.0.0/armtools/bin/../lib/gcc/arm-atollic-eabi/4.7.3/armv7e-m/fpu/crtn.o
OUTPUT(camera_1.elf elf32-littlearm)

.debug_info     0x00000000     0xae5e
 .debug_info    0x00000000      0xde2 src\uart.o
 .debug_info    0x00000de2      0xcbb src\tiny_printf.o
 .debug_info    0x00001a9d      0x62b src\system_stm32f4xx.o
 .debug_info    0x000020c8      0x191 src\stm32f4xx_it.o
 .debug_info    0x00002259       0x91 src\startup_stm32f429x.o
 .debug_info    0x000022ea     0x1131 src\main.o
 .debug_info    0x0000341b      0x4e0 src\i2c.o
 .debug_info    0x000038fb      0x41b src\gpio.o
 .debug_info    0x00003d16      0x27b src\event_timer.o
 .debug_info    0x00003f91      0x5e0 src\clock.o
 .debug_info    0x00004571      0xb3b src\camera.o
 .debug_info    0x000050ac      0xa69 Libraries\STM32F4xx_StdPeriph_Driver\src\stm32f4xx_usart.o
 .debug_info    0x00005b15     0x1e81 Libraries\STM32F4xx_StdPeriph_Driver\src\stm32f4xx_tim.o
 .debug_info    0x00007996      0xf3f Libraries\STM32F4xx_StdPeriph_Driver\src\stm32f4xx_rcc.o
 .debug_info    0x000088d5      0xc50 Libraries\STM32F4xx_StdPeriph_Driver\src\stm32f4xx_i2c.o
 .debug_info    0x00009525      0x647 Libraries\STM32F4xx_StdPeriph_Driver\src\stm32f4xx_gpio.o
 .debug_info    0x00009b6c      0x7b3 Libraries\STM32F4xx_StdPeriph_Driver\src\stm32f4xx_dma.o
 .debug_info    0x0000a31f      0x5a9 Libraries\STM32F4xx_StdPeriph_Driver\src\stm32f4xx_dcmi.o
 .debug_info    0x0000a8c8      0x596 Libraries\STM32F4xx_StdPeriph_Driver\src\misc.o

.debug_abbrev   0x00000000     0x1b1f
 .debug_abbrev  0x00000000      0x20e src\uart.o
 .debug_abbrev  0x0000020e      0x23b src\tiny_printf.o
 .debug_abbrev  0x00000449      0x13a src\system_stm32f4xx.o
 .debug_abbrev  0x00000583       0xb8 src\stm32f4xx_it.o
 .debug_abbrev  0x0000063b       0x12 src\startup_stm32f429x.o
 .debug_abbrev  0x0000064d      0x263 src\main.o
 .debug_abbrev  0x000008b0      0x155 src\i2c.o
 .debug_abbrev  0x00000a05      0x16f src\gpio.o
 .debug_abbrev  0x00000b74      0x10a src\event_timer.o
 .debug_abbrev  0x00000c7e      0x110 src\clock.o
 .debug_abbrev  0x00000d8e      0x1d1 src\camera.o
 .debug_abbrev  0x00000f5f      0x159 Libraries\STM32F4xx_StdPeriph_Driver\src\stm32f4xx_usart.o
 .debug_abbrev  0x000010b8      0x18b Libraries\STM32F4xx_StdPeriph_Driver\src\stm32f4xx_tim.o
 .debug_abbrev  0x00001243      0x1be Libraries\STM32F4xx_StdPeriph_Driver\src\stm32f4xx_rcc.o
 .debug_abbrev  0x00001401      0x168 Libraries\STM32F4xx_StdPeriph_Driver\src\stm32f4xx_i2c.o
 .debug_abbrev  0x00001569      0x1a7 Libraries\STM32F4xx_StdPeriph_Driver\src\stm32f4xx_gpio.o
 .debug_abbrev  0x00001710      0x159 Libraries\STM32F4xx_StdPeriph_Driver\src\stm32f4xx_dma.o
 .debug_abbrev  0x00001869      0x18b Libraries\STM32F4xx_StdPeriph_Driver\src\stm32f4xx_dcmi.o
 .debug_abbrev  0x000019f4      0x12b Libraries\STM32F4xx_StdPeriph_Driver\src\misc.o

.debug_loc      0x00000000     0x483c
 .debug_loc     0x00000000      0x424 src\uart.o
 .debug_loc     0x00000424      0x220 src\tiny_printf.o
 .debug_loc     0x00000644       0x9c src\system_stm32f4xx.o
 .debug_loc     0x000006e0      0x18c src\stm32f4xx_it.o
 .debug_loc     0x0000086c      0x21c src\main.o
 .debug_loc     0x00000a88       0xa8 src\i2c.o
 .debug_loc     0x00000b30       0xe0 src\gpio.o
 .debug_loc     0x00000c10      0x1e0 src\event_timer.o
 .debug_loc     0x00000df0       0x38 src\clock.o
 .debug_loc     0x00000e28      0x138 src\camera.o
 .debug_loc     0x00000f60      0x658 Libraries\STM32F4xx_StdPeriph_Driver\src\stm32f4xx_usart.o
 .debug_loc     0x000015b8     0x1420 Libraries\STM32F4xx_StdPeriph_Driver\src\stm32f4xx_tim.o
 .debug_loc     0x000029d8      0xb3c Libraries\STM32F4xx_StdPeriph_Driver\src\stm32f4xx_rcc.o
 .debug_loc     0x00003514      0x7a8 Libraries\STM32F4xx_StdPeriph_Driver\src\stm32f4xx_i2c.o
 .debug_loc     0x00003cbc      0x310 Libraries\STM32F4xx_StdPeriph_Driver\src\stm32f4xx_gpio.o
 .debug_loc     0x00003fcc      0x428 Libraries\STM32F4xx_StdPeriph_Driver\src\stm32f4xx_dma.o
 .debug_loc     0x000043f4      0x330 Libraries\STM32F4xx_StdPeriph_Driver\src\stm32f4xx_dcmi.o
 .debug_loc     0x00004724      0x118 Libraries\STM32F4xx_StdPeriph_Driver\src\misc.o

.debug_aranges  0x00000000      0xc50
 .debug_aranges
                0x00000000       0xb8 src\uart.o
 .debug_aranges
                0x000000b8       0x60 src\tiny_printf.o
 .debug_aranges
                0x00000118       0x30 src\system_stm32f4xx.o
 .debug_aranges
                0x00000148       0x60 src\stm32f4xx_it.o
 .debug_aranges
                0x000001a8       0x28 src\startup_stm32f429x.o
 .debug_aranges
                0x000001d0       0x68 src\main.o
 .debug_aranges
                0x00000238       0x30 src\i2c.o
 .debug_aranges
                0x00000268       0x38 src\gpio.o
 .debug_aranges
                0x000002a0       0x60 src\event_timer.o
 .debug_aranges
                0x00000300       0x20 src\clock.o
 .debug_aranges
                0x00000320       0x48 src\camera.o
 .debug_aranges
                0x00000368      0x100 Libraries\STM32F4xx_StdPeriph_Driver\src\stm32f4xx_usart.o
 .debug_aranges
                0x00000468      0x2f8 Libraries\STM32F4xx_StdPeriph_Driver\src\stm32f4xx_tim.o
 .debug_aranges
                0x00000760      0x1b8 Libraries\STM32F4xx_StdPeriph_Driver\src\stm32f4xx_rcc.o
 .debug_aranges
                0x00000918      0x130 Libraries\STM32F4xx_StdPeriph_Driver\src\stm32f4xx_i2c.o
 .debug_aranges
                0x00000a48       0x88 Libraries\STM32F4xx_StdPeriph_Driver\src\stm32f4xx_gpio.o
 .debug_aranges
                0x00000ad0       0xb0 Libraries\STM32F4xx_StdPeriph_Driver\src\stm32f4xx_dma.o
 .debug_aranges
                0x00000b80       0x90 Libraries\STM32F4xx_StdPeriph_Driver\src\stm32f4xx_dcmi.o
 .debug_aranges
                0x00000c10       0x40 Libraries\STM32F4xx_StdPeriph_Driver\src\misc.o

.debug_ranges   0x00000000      0xb28
 .debug_ranges  0x00000000       0xa8 src\uart.o
 .debug_ranges  0x000000a8       0x50 src\tiny_printf.o
 .debug_ranges  0x000000f8       0x20 src\system_stm32f4xx.o
 .debug_ranges  0x00000118       0x50 src\stm32f4xx_it.o
 .debug_ranges  0x00000168       0x20 src\startup_stm32f429x.o
 .debug_ranges  0x00000188       0x58 src\main.o
 .debug_ranges  0x000001e0       0x20 src\i2c.o
 .debug_ranges  0x00000200       0x28 src\gpio.o
 .debug_ranges  0x00000228       0x50 src\event_timer.o
 .debug_ranges  0x00000278       0x10 src\clock.o
 .debug_ranges  0x00000288       0x38 src\camera.o
 .debug_ranges  0x000002c0       0xf0 Libraries\STM32F4xx_StdPeriph_Driver\src\stm32f4xx_usart.o
 .debug_ranges  0x000003b0      0x2e8 Libraries\STM32F4xx_StdPeriph_Driver\src\stm32f4xx_tim.o
 .debug_ranges  0x00000698      0x1a8 Libraries\STM32F4xx_StdPeriph_Driver\src\stm32f4xx_rcc.o
 .debug_ranges  0x00000840      0x120 Libraries\STM32F4xx_StdPeriph_Driver\src\stm32f4xx_i2c.o
 .debug_ranges  0x00000960       0x78 Libraries\STM32F4xx_StdPeriph_Driver\src\stm32f4xx_gpio.o
 .debug_ranges  0x000009d8       0xa0 Libraries\STM32F4xx_StdPeriph_Driver\src\stm32f4xx_dma.o
 .debug_ranges  0x00000a78       0x80 Libraries\STM32F4xx_StdPeriph_Driver\src\stm32f4xx_dcmi.o
 .debug_ranges  0x00000af8       0x30 Libraries\STM32F4xx_StdPeriph_Driver\src\misc.o

.debug_line     0x00000000     0x3d60
 .debug_line    0x00000000      0x3d0 src\uart.o
 .debug_line    0x000003d0      0x339 src\tiny_printf.o
 .debug_line    0x00000709      0x1b8 src\system_stm32f4xx.o
 .debug_line    0x000008c1      0x1b0 src\stm32f4xx_it.o
 .debug_line    0x00000a71       0x7a src\startup_stm32f429x.o
 .debug_line    0x00000aeb      0x400 src\main.o
 .debug_line    0x00000eeb      0x23b src\i2c.o
 .debug_line    0x00001126      0x1ee src\gpio.o
 .debug_line    0x00001314      0x1dd src\event_timer.o
 .debug_line    0x000014f1      0x1a1 src\clock.o
 .debug_line    0x00001692      0x27c src\camera.o
 .debug_line    0x0000190e      0x452 Libraries\STM32F4xx_StdPeriph_Driver\src\stm32f4xx_usart.o
 .debug_line    0x00001d60      0xa21 Libraries\STM32F4xx_StdPeriph_Driver\src\stm32f4xx_tim.o
 .debug_line    0x00002781      0x5ec Libraries\STM32F4xx_StdPeriph_Driver\src\stm32f4xx_rcc.o
 .debug_line    0x00002d6d      0x4ae Libraries\STM32F4xx_StdPeriph_Driver\src\stm32f4xx_i2c.o
 .debug_line    0x0000321b      0x2ed Libraries\STM32F4xx_StdPeriph_Driver\src\stm32f4xx_gpio.o
 .debug_line    0x00003508      0x384 Libraries\STM32F4xx_StdPeriph_Driver\src\stm32f4xx_dma.o
 .debug_line    0x0000388c      0x2e7 Libraries\STM32F4xx_StdPeriph_Driver\src\stm32f4xx_dcmi.o
 .debug_line    0x00003b73      0x1ed Libraries\STM32F4xx_StdPeriph_Driver\src\misc.o

.debug_str      0x00000000     0x3a36
 .debug_str     0x00000000      0xc9c src\uart.o
                                0xd0f (size before relaxing)
 .debug_str     0x00000c9c      0x427 src\tiny_printf.o
                                0x5a4 (size before relaxing)
 .debug_str     0x000010c3      0x1d2 src\system_stm32f4xx.o
                                0x38c (size before relaxing)
 .debug_str     0x00001295       0xd1 src\stm32f4xx_it.o
                                0x20d (size before relaxing)
 .debug_str     0x00001366      0x205 src\main.o
                                0xd8e (size before relaxing)
 .debug_str     0x0000156b       0xef src\i2c.o
                                0x434 (size before relaxing)
 .debug_str     0x0000165a       0x7e src\gpio.o
                                0x3c5 (size before relaxing)
 .debug_str     0x000016d8       0xef src\event_timer.o
                                0x25b (size before relaxing)
 .debug_str     0x000017c7      0x190 src\clock.o
                                0x4ee (size before relaxing)
 .debug_str     0x00001957      0x160 src\camera.o
                                0xbf1 (size before relaxing)
 .debug_str     0x00001ab7      0x3b7 Libraries\STM32F4xx_StdPeriph_Driver\src\stm32f4xx_usart.o
                                0x676 (size before relaxing)
 .debug_str     0x00001e6e      0x9f1 Libraries\STM32F4xx_StdPeriph_Driver\src\stm32f4xx_tim.o
                                0xdb7 (size before relaxing)
 .debug_str     0x0000285f      0x639 Libraries\STM32F4xx_StdPeriph_Driver\src\stm32f4xx_rcc.o
                                0x984 (size before relaxing)
 .debug_str     0x00002e98      0x36f Libraries\STM32F4xx_StdPeriph_Driver\src\stm32f4xx_i2c.o
                                0x699 (size before relaxing)
 .debug_str     0x00003207      0x180 Libraries\STM32F4xx_StdPeriph_Driver\src\stm32f4xx_gpio.o
                                0x48a (size before relaxing)
 .debug_str     0x00003387      0x355 Libraries\STM32F4xx_StdPeriph_Driver\src\stm32f4xx_dma.o
                                0x533 (size before relaxing)
 .debug_str     0x000036dc      0x254 Libraries\STM32F4xx_StdPeriph_Driver\src\stm32f4xx_dcmi.o
                                0x4c0 (size before relaxing)
 .debug_str     0x00003930      0x106 Libraries\STM32F4xx_StdPeriph_Driver\src\misc.o
                                0x3c0 (size before relaxing)

.comment        0x00000000       0x83
 .comment       0x00000000       0x83 src\uart.o
                                 0x84 (size before relaxing)
 .comment       0x00000000       0x84 src\tiny_printf.o
 .comment       0x00000000       0x84 src\system_stm32f4xx.o
 .comment       0x00000000       0x84 src\stm32f4xx_it.o
 .comment       0x00000000       0x84 src\main.o
 .comment       0x00000000       0x84 src\i2c.o
 .comment       0x00000000       0x84 src\gpio.o
 .comment       0x00000000       0x84 src\event_timer.o
 .comment       0x00000000       0x84 src\clock.o
 .comment       0x00000000       0x84 src\camera.o
 .comment       0x00000000       0x84 Libraries\STM32F4xx_StdPeriph_Driver\src\stm32f4xx_usart.o
 .comment       0x00000000       0x84 Libraries\STM32F4xx_StdPeriph_Driver\src\stm32f4xx_tim.o
 .comment       0x00000000       0x84 Libraries\STM32F4xx_StdPeriph_Driver\src\stm32f4xx_rcc.o
 .comment       0x00000000       0x84 Libraries\STM32F4xx_StdPeriph_Driver\src\stm32f4xx_i2c.o
 .comment       0x00000000       0x84 Libraries\STM32F4xx_StdPeriph_Driver\src\stm32f4xx_gpio.o
 .comment       0x00000000       0x84 Libraries\STM32F4xx_StdPeriph_Driver\src\stm32f4xx_dma.o
 .comment       0x00000000       0x84 Libraries\STM32F4xx_StdPeriph_Driver\src\stm32f4xx_dcmi.o
 .comment       0x00000000       0x84 Libraries\STM32F4xx_StdPeriph_Driver\src\misc.o

.debug_frame    0x00000000     0x2958
 .debug_frame   0x00000000      0x268 src\uart.o
 .debug_frame   0x00000268      0x154 src\tiny_printf.o
 .debug_frame   0x000003bc       0x64 src\system_stm32f4xx.o
 .debug_frame   0x00000420       0xec src\stm32f4xx_it.o
 .debug_frame   0x0000050c      0x140 src\main.o
 .debug_frame   0x0000064c       0x70 src\i2c.o
 .debug_frame   0x000006bc       0x90 src\gpio.o
 .debug_frame   0x0000074c      0x104 src\event_timer.o
 .debug_frame   0x00000850       0x30 src\clock.o
 .debug_frame   0x00000880       0xc0 src\camera.o
 .debug_frame   0x00000940      0x344 Libraries\STM32F4xx_StdPeriph_Driver\src\stm32f4xx_usart.o
 .debug_frame   0x00000c84      0xa3c Libraries\STM32F4xx_StdPeriph_Driver\src\stm32f4xx_tim.o
 .debug_frame   0x000016c0      0x5b8 Libraries\STM32F4xx_StdPeriph_Driver\src\stm32f4xx_rcc.o
 .debug_frame   0x00001c78      0x3ec Libraries\STM32F4xx_StdPeriph_Driver\src\stm32f4xx_i2c.o
 .debug_frame   0x00002064      0x19c Libraries\STM32F4xx_StdPeriph_Driver\src\stm32f4xx_gpio.o
 .debug_frame   0x00002200      0x224 Libraries\STM32F4xx_StdPeriph_Driver\src\stm32f4xx_dma.o
 .debug_frame   0x00002424      0x1ac Libraries\STM32F4xx_StdPeriph_Driver\src\stm32f4xx_dcmi.o
 .debug_frame   0x000025d0       0x9c Libraries\STM32F4xx_StdPeriph_Driver\src\misc.o
 .debug_frame   0x0000266c       0x2c c:/program files/atollic/truestudio for arm lite 5.0.0/armtools/bin/../lib/gcc/arm-atollic-eabi/4.7.3/../../../../arm-atollic-eabi/lib/armv7e-m/fpu\libc_s.a(lib_a-init.o)
 .debug_frame   0x00002698       0x30 c:/program files/atollic/truestudio for arm lite 5.0.0/armtools/bin/../lib/gcc/arm-atollic-eabi/4.7.3/../../../../arm-atollic-eabi/lib/armv7e-m/fpu\libc_s.a(lib_a-malloc.o)
 .debug_frame   0x000026c8       0x2c c:/program files/atollic/truestudio for arm lite 5.0.0/armtools/bin/../lib/gcc/arm-atollic-eabi/4.7.3/../../../../arm-atollic-eabi/lib/armv7e-m/fpu\libc_s.a(lib_a-mallocr.o)
 .debug_frame   0x000026f4       0x20 c:/program files/atollic/truestudio for arm lite 5.0.0/armtools/bin/../lib/gcc/arm-atollic-eabi/4.7.3/../../../../arm-atollic-eabi/lib/armv7e-m/fpu\libc_s.a(lib_a-memset.o)
 .debug_frame   0x00002714       0x2c c:/program files/atollic/truestudio for arm lite 5.0.0/armtools/bin/../lib/gcc/arm-atollic-eabi/4.7.3/../../../../arm-atollic-eabi/lib/armv7e-m/fpu\libc_s.a(lib_a-sbrkr.o)
 .debug_frame   0x00002740       0x28 c:/program files/atollic/truestudio for arm lite 5.0.0/armtools/bin/../lib/gcc/arm-atollic-eabi/4.7.3/../../../../arm-atollic-eabi/lib/armv7e-m/fpu\libc_s.a(lib_a-strcat.o)
 .debug_frame   0x00002768       0x20 c:/program files/atollic/truestudio for arm lite 5.0.0/armtools/bin/../lib/gcc/arm-atollic-eabi/4.7.3/../../../../arm-atollic-eabi/lib/armv7e-m/fpu\libc_s.a(lib_a-strcmp.o)
 .debug_frame   0x00002788       0x20 c:/program files/atollic/truestudio for arm lite 5.0.0/armtools/bin/../lib/gcc/arm-atollic-eabi/4.7.3/../../../../arm-atollic-eabi/lib/armv7e-m/fpu\libc_s.a(lib_a-strlen.o)
 .debug_frame   0x000027a8      0x14c c:/program files/atollic/truestudio for arm lite 5.0.0/armtools/bin/../lib/gcc/arm-atollic-eabi/4.7.3/../../../../arm-atollic-eabi/lib/armv7e-m/fpu\libc_s.a(lib_a-syscalls.o)
 .debug_frame   0x000028f4       0x64 c:/program files/atollic/truestudio for arm lite 5.0.0/armtools/bin/../lib/gcc/arm-atollic-eabi/4.7.3/../../../../arm-atollic-eabi/lib/armv7e-m/fpu\libc_s.a(lib_a-reent.o)

Cross Reference Table

Symbol                                            File
ADC_AnalogWatchdogCmd                             Libraries\STM32F4xx_StdPeriph_Driver\src\stm32f4xx_adc.o
ADC_AnalogWatchdogSingleChannelConfig             Libraries\STM32F4xx_StdPeriph_Driver\src\stm32f4xx_adc.o
ADC_AnalogWatchdogThresholdsConfig                Libraries\STM32F4xx_StdPeriph_Driver\src\stm32f4xx_adc.o
ADC_AutoInjectedConvCmd                           Libraries\STM32F4xx_StdPeriph_Driver\src\stm32f4xx_adc.o
ADC_ClearFlag                                     Libraries\STM32F4xx_StdPeriph_Driver\src\stm32f4xx_adc.o
ADC_ClearITPendingBit                             Libraries\STM32F4xx_StdPeriph_Driver\src\stm32f4xx_adc.o
ADC_Cmd                                           Libraries\STM32F4xx_StdPeriph_Driver\src\stm32f4xx_adc.o
ADC_CommonInit                                    Libraries\STM32F4xx_StdPeriph_Driver\src\stm32f4xx_adc.o
ADC_CommonStructInit                              Libraries\STM32F4xx_StdPeriph_Driver\src\stm32f4xx_adc.o
ADC_ContinuousModeCmd                             Libraries\STM32F4xx_StdPeriph_Driver\src\stm32f4xx_adc.o
ADC_DMACmd                                        Libraries\STM32F4xx_StdPeriph_Driver\src\stm32f4xx_adc.o
ADC_DMARequestAfterLastTransferCmd                Libraries\STM32F4xx_StdPeriph_Driver\src\stm32f4xx_adc.o
ADC_DeInit                                        Libraries\STM32F4xx_StdPeriph_Driver\src\stm32f4xx_adc.o
ADC_DiscModeChannelCountConfig                    Libraries\STM32F4xx_StdPeriph_Driver\src\stm32f4xx_adc.o
ADC_DiscModeCmd                                   Libraries\STM32F4xx_StdPeriph_Driver\src\stm32f4xx_adc.o
ADC_EOCOnEachRegularChannelCmd                    Libraries\STM32F4xx_StdPeriph_Driver\src\stm32f4xx_adc.o
ADC_ExternalTrigInjectedConvConfig                Libraries\STM32F4xx_StdPeriph_Driver\src\stm32f4xx_adc.o
ADC_ExternalTrigInjectedConvEdgeConfig            Libraries\STM32F4xx_StdPeriph_Driver\src\stm32f4xx_adc.o
ADC_GetConversionValue                            Libraries\STM32F4xx_StdPeriph_Driver\src\stm32f4xx_adc.o
ADC_GetFlagStatus                                 Libraries\STM32F4xx_StdPeriph_Driver\src\stm32f4xx_adc.o
ADC_GetITStatus                                   Libraries\STM32F4xx_StdPeriph_Driver\src\stm32f4xx_adc.o
ADC_GetInjectedConversionValue                    Libraries\STM32F4xx_StdPeriph_Driver\src\stm32f4xx_adc.o
ADC_GetMultiModeConversionValue                   Libraries\STM32F4xx_StdPeriph_Driver\src\stm32f4xx_adc.o
ADC_GetSoftwareStartConvStatus                    Libraries\STM32F4xx_StdPeriph_Driver\src\stm32f4xx_adc.o
ADC_GetSoftwareStartInjectedConvCmdStatus         Libraries\STM32F4xx_StdPeriph_Driver\src\stm32f4xx_adc.o
ADC_IRQHandler                                    src\startup_stm32f429x.o
ADC_ITConfig                                      Libraries\STM32F4xx_StdPeriph_Driver\src\stm32f4xx_adc.o
ADC_Init                                          Libraries\STM32F4xx_StdPeriph_Driver\src\stm32f4xx_adc.o
ADC_InjectedChannelConfig                         Libraries\STM32F4xx_StdPeriph_Driver\src\stm32f4xx_adc.o
ADC_InjectedDiscModeCmd                           Libraries\STM32F4xx_StdPeriph_Driver\src\stm32f4xx_adc.o
ADC_InjectedSequencerLengthConfig                 Libraries\STM32F4xx_StdPeriph_Driver\src\stm32f4xx_adc.o
ADC_MultiModeDMARequestAfterLastTransferCmd       Libraries\STM32F4xx_StdPeriph_Driver\src\stm32f4xx_adc.o
ADC_RegularChannelConfig                          Libraries\STM32F4xx_StdPeriph_Driver\src\stm32f4xx_adc.o
ADC_SetInjectedOffset                             Libraries\STM32F4xx_StdPeriph_Driver\src\stm32f4xx_adc.o
ADC_SoftwareStartConv                             Libraries\STM32F4xx_StdPeriph_Driver\src\stm32f4xx_adc.o
ADC_SoftwareStartInjectedConv                     Libraries\STM32F4xx_StdPeriph_Driver\src\stm32f4xx_adc.o
ADC_StructInit                                    Libraries\STM32F4xx_StdPeriph_Driver\src\stm32f4xx_adc.o
ADC_TempSensorVrefintCmd                          Libraries\STM32F4xx_StdPeriph_Driver\src\stm32f4xx_adc.o
ADC_VBATCmd                                       Libraries\STM32F4xx_StdPeriph_Driver\src\stm32f4xx_adc.o
AHBPrescTable                                     src\system_stm32f4xx.o
BusFault_Handler                                  src\stm32f4xx_it.o
CAN1_RX0_IRQHandler                               src\startup_stm32f429x.o
CAN1_RX1_IRQHandler                               src\startup_stm32f429x.o
CAN1_SCE_IRQHandler                               src\startup_stm32f429x.o
CAN1_TX_IRQHandler                                src\startup_stm32f429x.o
CAN2_RX0_IRQHandler                               src\startup_stm32f429x.o
CAN2_RX1_IRQHandler                               src\startup_stm32f429x.o
CAN2_SCE_IRQHandler                               src\startup_stm32f429x.o
CAN2_TX_IRQHandler                                src\startup_stm32f429x.o
CAN_CancelTransmit                                Libraries\STM32F4xx_StdPeriph_Driver\src\stm32f4xx_can.o
CAN_ClearFlag                                     Libraries\STM32F4xx_StdPeriph_Driver\src\stm32f4xx_can.o
CAN_ClearITPendingBit                             Libraries\STM32F4xx_StdPeriph_Driver\src\stm32f4xx_can.o
CAN_DBGFreeze                                     Libraries\STM32F4xx_StdPeriph_Driver\src\stm32f4xx_can.o
CAN_DeInit                                        Libraries\STM32F4xx_StdPeriph_Driver\src\stm32f4xx_can.o
CAN_FIFORelease                                   Libraries\STM32F4xx_StdPeriph_Driver\src\stm32f4xx_can.o
CAN_FilterInit                                    Libraries\STM32F4xx_StdPeriph_Driver\src\stm32f4xx_can.o
CAN_GetFlagStatus                                 Libraries\STM32F4xx_StdPeriph_Driver\src\stm32f4xx_can.o
CAN_GetITStatus                                   Libraries\STM32F4xx_StdPeriph_Driver\src\stm32f4xx_can.o
CAN_GetLSBTransmitErrorCounter                    Libraries\STM32F4xx_StdPeriph_Driver\src\stm32f4xx_can.o
CAN_GetLastErrorCode                              Libraries\STM32F4xx_StdPeriph_Driver\src\stm32f4xx_can.o
CAN_GetReceiveErrorCounter                        Libraries\STM32F4xx_StdPeriph_Driver\src\stm32f4xx_can.o
CAN_ITConfig                                      Libraries\STM32F4xx_StdPeriph_Driver\src\stm32f4xx_can.o
CAN_Init                                          Libraries\STM32F4xx_StdPeriph_Driver\src\stm32f4xx_can.o
CAN_MessagePending                                Libraries\STM32F4xx_StdPeriph_Driver\src\stm32f4xx_can.o
CAN_OperatingModeRequest                          Libraries\STM32F4xx_StdPeriph_Driver\src\stm32f4xx_can.o
CAN_Receive                                       Libraries\STM32F4xx_StdPeriph_Driver\src\stm32f4xx_can.o
CAN_SlaveStartBank                                Libraries\STM32F4xx_StdPeriph_Driver\src\stm32f4xx_can.o
CAN_Sleep                                         Libraries\STM32F4xx_StdPeriph_Driver\src\stm32f4xx_can.o
CAN_StructInit                                    Libraries\STM32F4xx_StdPeriph_Driver\src\stm32f4xx_can.o
CAN_TTComModeCmd                                  Libraries\STM32F4xx_StdPeriph_Driver\src\stm32f4xx_can.o
CAN_Transmit                                      Libraries\STM32F4xx_StdPeriph_Driver\src\stm32f4xx_can.o
CAN_TransmitStatus                                Libraries\STM32F4xx_StdPeriph_Driver\src\stm32f4xx_can.o
CAN_WakeUp                                        Libraries\STM32F4xx_StdPeriph_Driver\src\stm32f4xx_can.o
CRC_CalcBlockCRC                                  Libraries\STM32F4xx_StdPeriph_Driver\src\stm32f4xx_crc.o
CRC_CalcCRC                                       Libraries\STM32F4xx_StdPeriph_Driver\src\stm32f4xx_crc.o
CRC_GetCRC                                        Libraries\STM32F4xx_StdPeriph_Driver\src\stm32f4xx_crc.o
CRC_GetIDRegister                                 Libraries\STM32F4xx_StdPeriph_Driver\src\stm32f4xx_crc.o
CRC_ResetDR                                       Libraries\STM32F4xx_StdPeriph_Driver\src\stm32f4xx_crc.o
CRC_SetIDRegister                                 Libraries\STM32F4xx_StdPeriph_Driver\src\stm32f4xx_crc.o
CRYP_AES_CBC                                      Libraries\STM32F4xx_StdPeriph_Driver\src\stm32f4xx_cryp_aes.o
CRYP_AES_CCM                                      Libraries\STM32F4xx_StdPeriph_Driver\src\stm32f4xx_cryp_aes.o
CRYP_AES_CTR                                      Libraries\STM32F4xx_StdPeriph_Driver\src\stm32f4xx_cryp_aes.o
CRYP_AES_ECB                                      Libraries\STM32F4xx_StdPeriph_Driver\src\stm32f4xx_cryp_aes.o
CRYP_AES_GCM                                      Libraries\STM32F4xx_StdPeriph_Driver\src\stm32f4xx_cryp_aes.o
CRYP_Cmd                                          Libraries\STM32F4xx_StdPeriph_Driver\src\stm32f4xx_cryp.o
                                                  Libraries\STM32F4xx_StdPeriph_Driver\src\stm32f4xx_cryp_aes.o
                                                  Libraries\STM32F4xx_StdPeriph_Driver\src\stm32f4xx_cryp_des.o
                                                  Libraries\STM32F4xx_StdPeriph_Driver\src\stm32f4xx_cryp_tdes.o
CRYP_DES_CBC                                      Libraries\STM32F4xx_StdPeriph_Driver\src\stm32f4xx_cryp_des.o
CRYP_DES_ECB                                      Libraries\STM32F4xx_StdPeriph_Driver\src\stm32f4xx_cryp_des.o
CRYP_DMACmd                                       Libraries\STM32F4xx_StdPeriph_Driver\src\stm32f4xx_cryp.o
CRYP_DataIn                                       Libraries\STM32F4xx_StdPeriph_Driver\src\stm32f4xx_cryp.o
                                                  Libraries\STM32F4xx_StdPeriph_Driver\src\stm32f4xx_cryp_aes.o
                                                  Libraries\STM32F4xx_StdPeriph_Driver\src\stm32f4xx_cryp_des.o
                                                  Libraries\STM32F4xx_StdPeriph_Driver\src\stm32f4xx_cryp_tdes.o
CRYP_DataOut                                      Libraries\STM32F4xx_StdPeriph_Driver\src\stm32f4xx_cryp.o
                                                  Libraries\STM32F4xx_StdPeriph_Driver\src\stm32f4xx_cryp_aes.o
                                                  Libraries\STM32F4xx_StdPeriph_Driver\src\stm32f4xx_cryp_des.o
                                                  Libraries\STM32F4xx_StdPeriph_Driver\src\stm32f4xx_cryp_tdes.o
CRYP_DeInit                                       Libraries\STM32F4xx_StdPeriph_Driver\src\stm32f4xx_cryp.o
CRYP_FIFOFlush                                    Libraries\STM32F4xx_StdPeriph_Driver\src\stm32f4xx_cryp.o
                                                  Libraries\STM32F4xx_StdPeriph_Driver\src\stm32f4xx_cryp_aes.o
                                                  Libraries\STM32F4xx_StdPeriph_Driver\src\stm32f4xx_cryp_des.o
                                                  Libraries\STM32F4xx_StdPeriph_Driver\src\stm32f4xx_cryp_tdes.o
CRYP_GetCmdStatus                                 Libraries\STM32F4xx_StdPeriph_Driver\src\stm32f4xx_cryp.o
                                                  Libraries\STM32F4xx_StdPeriph_Driver\src\stm32f4xx_cryp_aes.o
                                                  Libraries\STM32F4xx_StdPeriph_Driver\src\stm32f4xx_cryp_des.o
                                                  Libraries\STM32F4xx_StdPeriph_Driver\src\stm32f4xx_cryp_tdes.o
CRYP_GetFlagStatus                                Libraries\STM32F4xx_StdPeriph_Driver\src\stm32f4xx_cryp.o
                                                  Libraries\STM32F4xx_StdPeriph_Driver\src\stm32f4xx_cryp_aes.o
                                                  Libraries\STM32F4xx_StdPeriph_Driver\src\stm32f4xx_cryp_des.o
                                                  Libraries\STM32F4xx_StdPeriph_Driver\src\stm32f4xx_cryp_tdes.o
CRYP_GetITStatus                                  Libraries\STM32F4xx_StdPeriph_Driver\src\stm32f4xx_cryp.o
CRYP_IRQHandler                                   src\startup_stm32f429x.o
CRYP_ITConfig                                     Libraries\STM32F4xx_StdPeriph_Driver\src\stm32f4xx_cryp.o
CRYP_IVInit                                       Libraries\STM32F4xx_StdPeriph_Driver\src\stm32f4xx_cryp.o
                                                  Libraries\STM32F4xx_StdPeriph_Driver\src\stm32f4xx_cryp_aes.o
                                                  Libraries\STM32F4xx_StdPeriph_Driver\src\stm32f4xx_cryp_des.o
                                                  Libraries\STM32F4xx_StdPeriph_Driver\src\stm32f4xx_cryp_tdes.o
CRYP_IVStructInit                                 Libraries\STM32F4xx_StdPeriph_Driver\src\stm32f4xx_cryp.o
CRYP_Init                                         Libraries\STM32F4xx_StdPeriph_Driver\src\stm32f4xx_cryp.o
                                                  Libraries\STM32F4xx_StdPeriph_Driver\src\stm32f4xx_cryp_aes.o
                                                  Libraries\STM32F4xx_StdPeriph_Driver\src\stm32f4xx_cryp_des.o
                                                  Libraries\STM32F4xx_StdPeriph_Driver\src\stm32f4xx_cryp_tdes.o
CRYP_KeyInit                                      Libraries\STM32F4xx_StdPeriph_Driver\src\stm32f4xx_cryp.o
                                                  Libraries\STM32F4xx_StdPeriph_Driver\src\stm32f4xx_cryp_aes.o
                                                  Libraries\STM32F4xx_StdPeriph_Driver\src\stm32f4xx_cryp_des.o
                                                  Libraries\STM32F4xx_StdPeriph_Driver\src\stm32f4xx_cryp_tdes.o
CRYP_KeyStructInit                                Libraries\STM32F4xx_StdPeriph_Driver\src\stm32f4xx_cryp.o
                                                  Libraries\STM32F4xx_StdPeriph_Driver\src\stm32f4xx_cryp_aes.o
                                                  Libraries\STM32F4xx_StdPeriph_Driver\src\stm32f4xx_cryp_des.o
                                                  Libraries\STM32F4xx_StdPeriph_Driver\src\stm32f4xx_cryp_tdes.o
CRYP_PhaseConfig                                  Libraries\STM32F4xx_StdPeriph_Driver\src\stm32f4xx_cryp.o
                                                  Libraries\STM32F4xx_StdPeriph_Driver\src\stm32f4xx_cryp_aes.o
CRYP_RestoreContext                               Libraries\STM32F4xx_StdPeriph_Driver\src\stm32f4xx_cryp.o
CRYP_SaveContext                                  Libraries\STM32F4xx_StdPeriph_Driver\src\stm32f4xx_cryp.o
CRYP_StructInit                                   Libraries\STM32F4xx_StdPeriph_Driver\src\stm32f4xx_cryp.o
CRYP_TDES_CBC                                     Libraries\STM32F4xx_StdPeriph_Driver\src\stm32f4xx_cryp_tdes.o
CRYP_TDES_ECB                                     Libraries\STM32F4xx_StdPeriph_Driver\src\stm32f4xx_cryp_tdes.o
DAC_ClearFlag                                     Libraries\STM32F4xx_StdPeriph_Driver\src\stm32f4xx_dac.o
DAC_ClearITPendingBit                             Libraries\STM32F4xx_StdPeriph_Driver\src\stm32f4xx_dac.o
DAC_Cmd                                           Libraries\STM32F4xx_StdPeriph_Driver\src\stm32f4xx_dac.o
DAC_DMACmd                                        Libraries\STM32F4xx_StdPeriph_Driver\src\stm32f4xx_dac.o
DAC_DeInit                                        Libraries\STM32F4xx_StdPeriph_Driver\src\stm32f4xx_dac.o
DAC_DualSoftwareTriggerCmd                        Libraries\STM32F4xx_StdPeriph_Driver\src\stm32f4xx_dac.o
DAC_GetDataOutputValue                            Libraries\STM32F4xx_StdPeriph_Driver\src\stm32f4xx_dac.o
DAC_GetFlagStatus                                 Libraries\STM32F4xx_StdPeriph_Driver\src\stm32f4xx_dac.o
DAC_GetITStatus                                   Libraries\STM32F4xx_StdPeriph_Driver\src\stm32f4xx_dac.o
DAC_ITConfig                                      Libraries\STM32F4xx_StdPeriph_Driver\src\stm32f4xx_dac.o
DAC_Init                                          Libraries\STM32F4xx_StdPeriph_Driver\src\stm32f4xx_dac.o
DAC_SetChannel1Data                               Libraries\STM32F4xx_StdPeriph_Driver\src\stm32f4xx_dac.o
DAC_SetChannel2Data                               Libraries\STM32F4xx_StdPeriph_Driver\src\stm32f4xx_dac.o
DAC_SetDualChannelData                            Libraries\STM32F4xx_StdPeriph_Driver\src\stm32f4xx_dac.o
DAC_SoftwareTriggerCmd                            Libraries\STM32F4xx_StdPeriph_Driver\src\stm32f4xx_dac.o
DAC_StructInit                                    Libraries\STM32F4xx_StdPeriph_Driver\src\stm32f4xx_dac.o
DAC_WaveGenerationCmd                             Libraries\STM32F4xx_StdPeriph_Driver\src\stm32f4xx_dac.o
DBGMCU_APB1PeriphConfig                           Libraries\STM32F4xx_StdPeriph_Driver\src\stm32f4xx_dbgmcu.o
DBGMCU_APB2PeriphConfig                           Libraries\STM32F4xx_StdPeriph_Driver\src\stm32f4xx_dbgmcu.o
DBGMCU_Config                                     Libraries\STM32F4xx_StdPeriph_Driver\src\stm32f4xx_dbgmcu.o
DBGMCU_GetDEVID                                   Libraries\STM32F4xx_StdPeriph_Driver\src\stm32f4xx_dbgmcu.o
DBGMCU_GetREVID                                   Libraries\STM32F4xx_StdPeriph_Driver\src\stm32f4xx_dbgmcu.o
DCMI_CROPCmd                                      Libraries\STM32F4xx_StdPeriph_Driver\src\stm32f4xx_dcmi.o
DCMI_CROPConfig                                   Libraries\STM32F4xx_StdPeriph_Driver\src\stm32f4xx_dcmi.o
DCMI_CaptureCmd                                   Libraries\STM32F4xx_StdPeriph_Driver\src\stm32f4xx_dcmi.o
                                                  src\camera.o
DCMI_ClearFlag                                    Libraries\STM32F4xx_StdPeriph_Driver\src\stm32f4xx_dcmi.o
DCMI_ClearITPendingBit                            Libraries\STM32F4xx_StdPeriph_Driver\src\stm32f4xx_dcmi.o
                                                  src\camera.o
DCMI_Cmd                                          Libraries\STM32F4xx_StdPeriph_Driver\src\stm32f4xx_dcmi.o
                                                  src\camera.o
DCMI_DeInit                                       Libraries\STM32F4xx_StdPeriph_Driver\src\stm32f4xx_dcmi.o
DCMI_GetFlagStatus                                Libraries\STM32F4xx_StdPeriph_Driver\src\stm32f4xx_dcmi.o
DCMI_GetITStatus                                  Libraries\STM32F4xx_StdPeriph_Driver\src\stm32f4xx_dcmi.o
                                                  src\camera.o
DCMI_IRQHandler                                   src\camera.o
                                                  src\startup_stm32f429x.o
DCMI_ITConfig                                     Libraries\STM32F4xx_StdPeriph_Driver\src\stm32f4xx_dcmi.o
                                                  src\camera.o
DCMI_Init                                         Libraries\STM32F4xx_StdPeriph_Driver\src\stm32f4xx_dcmi.o
                                                  src\camera.o
DCMI_JPEGCmd                                      Libraries\STM32F4xx_StdPeriph_Driver\src\stm32f4xx_dcmi.o
DCMI_ReadData                                     Libraries\STM32F4xx_StdPeriph_Driver\src\stm32f4xx_dcmi.o
DCMI_SetEmbeddedSynchroCodes                      Libraries\STM32F4xx_StdPeriph_Driver\src\stm32f4xx_dcmi.o
DCMI_StructInit                                   Libraries\STM32F4xx_StdPeriph_Driver\src\stm32f4xx_dcmi.o
DMA1_Stream0_IRQHandler                           src\startup_stm32f429x.o
DMA1_Stream1_IRQHandler                           src\startup_stm32f429x.o
DMA1_Stream2_IRQHandler                           src\startup_stm32f429x.o
DMA1_Stream3_IRQHandler                           src\startup_stm32f429x.o
DMA1_Stream4_IRQHandler                           src\startup_stm32f429x.o
DMA1_Stream5_IRQHandler                           src\startup_stm32f429x.o
DMA1_Stream6_IRQHandler                           src\startup_stm32f429x.o
DMA1_Stream7_IRQHandler                           src\startup_stm32f429x.o
DMA2D_AbortTransfer                               Libraries\STM32F4xx_StdPeriph_Driver\src\stm32f4xx_dma2d.o
DMA2D_BGConfig                                    Libraries\STM32F4xx_StdPeriph_Driver\src\stm32f4xx_dma2d.o
DMA2D_BGStart                                     Libraries\STM32F4xx_StdPeriph_Driver\src\stm32f4xx_dma2d.o
DMA2D_BG_StructInit                               Libraries\STM32F4xx_StdPeriph_Driver\src\stm32f4xx_dma2d.o
DMA2D_ClearFlag                                   Libraries\STM32F4xx_StdPeriph_Driver\src\stm32f4xx_dma2d.o
DMA2D_ClearITPendingBit                           Libraries\STM32F4xx_StdPeriph_Driver\src\stm32f4xx_dma2d.o
DMA2D_DeInit                                      Libraries\STM32F4xx_StdPeriph_Driver\src\stm32f4xx_dma2d.o
DMA2D_DeadTimeConfig                              Libraries\STM32F4xx_StdPeriph_Driver\src\stm32f4xx_dma2d.o
DMA2D_FGConfig                                    Libraries\STM32F4xx_StdPeriph_Driver\src\stm32f4xx_dma2d.o
DMA2D_FGStart                                     Libraries\STM32F4xx_StdPeriph_Driver\src\stm32f4xx_dma2d.o
DMA2D_FG_StructInit                               Libraries\STM32F4xx_StdPeriph_Driver\src\stm32f4xx_dma2d.o
DMA2D_GetFlagStatus                               Libraries\STM32F4xx_StdPeriph_Driver\src\stm32f4xx_dma2d.o
DMA2D_GetITStatus                                 Libraries\STM32F4xx_StdPeriph_Driver\src\stm32f4xx_dma2d.o
DMA2D_IRQHandler                                  src\startup_stm32f429x.o
DMA2D_ITConfig                                    Libraries\STM32F4xx_StdPeriph_Driver\src\stm32f4xx_dma2d.o
DMA2D_Init                                        Libraries\STM32F4xx_StdPeriph_Driver\src\stm32f4xx_dma2d.o
DMA2D_LineWatermarkConfig                         Libraries\STM32F4xx_StdPeriph_Driver\src\stm32f4xx_dma2d.o
DMA2D_StartTransfer                               Libraries\STM32F4xx_StdPeriph_Driver\src\stm32f4xx_dma2d.o
DMA2D_StructInit                                  Libraries\STM32F4xx_StdPeriph_Driver\src\stm32f4xx_dma2d.o
DMA2D_Suspend                                     Libraries\STM32F4xx_StdPeriph_Driver\src\stm32f4xx_dma2d.o
DMA2_Stream0_IRQHandler                           src\startup_stm32f429x.o
DMA2_Stream1_IRQHandler                           src\camera.o
                                                  src\startup_stm32f429x.o
DMA2_Stream2_IRQHandler                           src\startup_stm32f429x.o
DMA2_Stream3_IRQHandler                           src\startup_stm32f429x.o
DMA2_Stream4_IRQHandler                           src\startup_stm32f429x.o
DMA2_Stream5_IRQHandler                           src\startup_stm32f429x.o
DMA2_Stream6_IRQHandler                           src\startup_stm32f429x.o
DMA2_Stream7_IRQHandler                           src\startup_stm32f429x.o
DMA_ClearFlag                                     Libraries\STM32F4xx_StdPeriph_Driver\src\stm32f4xx_dma.o
DMA_ClearITPendingBit                             Libraries\STM32F4xx_StdPeriph_Driver\src\stm32f4xx_dma.o
                                                  src\camera.o
DMA_Cmd                                           Libraries\STM32F4xx_StdPeriph_Driver\src\stm32f4xx_dma.o
DMA_DeInit                                        Libraries\STM32F4xx_StdPeriph_Driver\src\stm32f4xx_dma.o
DMA_DoubleBufferModeCmd                           Libraries\STM32F4xx_StdPeriph_Driver\src\stm32f4xx_dma.o
DMA_DoubleBufferModeConfig                        Libraries\STM32F4xx_StdPeriph_Driver\src\stm32f4xx_dma.o
DMA_FlowControllerConfig                          Libraries\STM32F4xx_StdPeriph_Driver\src\stm32f4xx_dma.o
DMA_GetCmdStatus                                  Libraries\STM32F4xx_StdPeriph_Driver\src\stm32f4xx_dma.o
DMA_GetCurrDataCounter                            Libraries\STM32F4xx_StdPeriph_Driver\src\stm32f4xx_dma.o
DMA_GetCurrentMemoryTarget                        Libraries\STM32F4xx_StdPeriph_Driver\src\stm32f4xx_dma.o
DMA_GetFIFOStatus                                 Libraries\STM32F4xx_StdPeriph_Driver\src\stm32f4xx_dma.o
DMA_GetFlagStatus                                 Libraries\STM32F4xx_StdPeriph_Driver\src\stm32f4xx_dma.o
DMA_GetITStatus                                   Libraries\STM32F4xx_StdPeriph_Driver\src\stm32f4xx_dma.o
                                                  src\camera.o
DMA_ITConfig                                      Libraries\STM32F4xx_StdPeriph_Driver\src\stm32f4xx_dma.o
DMA_Init                                          Libraries\STM32F4xx_StdPeriph_Driver\src\stm32f4xx_dma.o
DMA_MemoryTargetConfig                            Libraries\STM32F4xx_StdPeriph_Driver\src\stm32f4xx_dma.o
DMA_PeriphIncOffsetSizeConfig                     Libraries\STM32F4xx_StdPeriph_Driver\src\stm32f4xx_dma.o
DMA_SetCurrDataCounter                            Libraries\STM32F4xx_StdPeriph_Driver\src\stm32f4xx_dma.o
DMA_StructInit                                    Libraries\STM32F4xx_StdPeriph_Driver\src\stm32f4xx_dma.o
DebugMon_Handler                                  src\stm32f4xx_it.o
Default_Handler                                   src\startup_stm32f429x.o
ETH_IRQHandler                                    src\startup_stm32f429x.o
ETH_WKUP_IRQHandler                               src\startup_stm32f429x.o
EXTI0_IRQHandler                                  src\startup_stm32f429x.o
EXTI15_10_IRQHandler                              src\startup_stm32f429x.o
EXTI1_IRQHandler                                  src\startup_stm32f429x.o
EXTI2_IRQHandler                                  src\startup_stm32f429x.o
EXTI3_IRQHandler                                  src\startup_stm32f429x.o
EXTI4_IRQHandler                                  src\startup_stm32f429x.o
EXTI9_5_IRQHandler                                src\startup_stm32f429x.o
EXTI_ClearFlag                                    Libraries\STM32F4xx_StdPeriph_Driver\src\stm32f4xx_exti.o
EXTI_ClearITPendingBit                            Libraries\STM32F4xx_StdPeriph_Driver\src\stm32f4xx_exti.o
EXTI_DeInit                                       Libraries\STM32F4xx_StdPeriph_Driver\src\stm32f4xx_exti.o
EXTI_GenerateSWInterrupt                          Libraries\STM32F4xx_StdPeriph_Driver\src\stm32f4xx_exti.o
EXTI_GetFlagStatus                                Libraries\STM32F4xx_StdPeriph_Driver\src\stm32f4xx_exti.o
EXTI_GetITStatus                                  Libraries\STM32F4xx_StdPeriph_Driver\src\stm32f4xx_exti.o
EXTI_Init                                         Libraries\STM32F4xx_StdPeriph_Driver\src\stm32f4xx_exti.o
EXTI_StructInit                                   Libraries\STM32F4xx_StdPeriph_Driver\src\stm32f4xx_exti.o
FLASH_ClearFlag                                   Libraries\STM32F4xx_StdPeriph_Driver\src\stm32f4xx_flash.o
FLASH_DataCacheCmd                                Libraries\STM32F4xx_StdPeriph_Driver\src\stm32f4xx_flash.o
FLASH_DataCacheReset                              Libraries\STM32F4xx_StdPeriph_Driver\src\stm32f4xx_flash.o
FLASH_EraseAllBank1Sectors                        Libraries\STM32F4xx_StdPeriph_Driver\src\stm32f4xx_flash.o
FLASH_EraseAllBank2Sectors                        Libraries\STM32F4xx_StdPeriph_Driver\src\stm32f4xx_flash.o
FLASH_EraseAllSectors                             Libraries\STM32F4xx_StdPeriph_Driver\src\stm32f4xx_flash.o
FLASH_EraseSector                                 Libraries\STM32F4xx_StdPeriph_Driver\src\stm32f4xx_flash.o
FLASH_GetFlagStatus                               Libraries\STM32F4xx_StdPeriph_Driver\src\stm32f4xx_flash.o
FLASH_GetStatus                                   Libraries\STM32F4xx_StdPeriph_Driver\src\stm32f4xx_flash.o
FLASH_IRQHandler                                  src\startup_stm32f429x.o
FLASH_ITConfig                                    Libraries\STM32F4xx_StdPeriph_Driver\src\stm32f4xx_flash.o
FLASH_InstructionCacheCmd                         Libraries\STM32F4xx_StdPeriph_Driver\src\stm32f4xx_flash.o
FLASH_InstructionCacheReset                       Libraries\STM32F4xx_StdPeriph_Driver\src\stm32f4xx_flash.o
FLASH_Lock                                        Libraries\STM32F4xx_StdPeriph_Driver\src\stm32f4xx_flash.o
FLASH_OB_BORConfig                                Libraries\STM32F4xx_StdPeriph_Driver\src\stm32f4xx_flash.o
FLASH_OB_BootConfig                               Libraries\STM32F4xx_StdPeriph_Driver\src\stm32f4xx_flash.o
FLASH_OB_GetBOR                                   Libraries\STM32F4xx_StdPeriph_Driver\src\stm32f4xx_flash.o
FLASH_OB_GetPCROP                                 Libraries\STM32F4xx_StdPeriph_Driver\src\stm32f4xx_flash.o
FLASH_OB_GetPCROP1                                Libraries\STM32F4xx_StdPeriph_Driver\src\stm32f4xx_flash.o
FLASH_OB_GetRDP                                   Libraries\STM32F4xx_StdPeriph_Driver\src\stm32f4xx_flash.o
FLASH_OB_GetUser                                  Libraries\STM32F4xx_StdPeriph_Driver\src\stm32f4xx_flash.o
FLASH_OB_GetWRP                                   Libraries\STM32F4xx_StdPeriph_Driver\src\stm32f4xx_flash.o
FLASH_OB_GetWRP1                                  Libraries\STM32F4xx_StdPeriph_Driver\src\stm32f4xx_flash.o
FLASH_OB_Launch                                   Libraries\STM32F4xx_StdPeriph_Driver\src\stm32f4xx_flash.o
FLASH_OB_Lock                                     Libraries\STM32F4xx_StdPeriph_Driver\src\stm32f4xx_flash.o
FLASH_OB_PCROP1Config                             Libraries\STM32F4xx_StdPeriph_Driver\src\stm32f4xx_flash.o
FLASH_OB_PCROPConfig                              Libraries\STM32F4xx_StdPeriph_Driver\src\stm32f4xx_flash.o
FLASH_OB_PCROPSelectionConfig                     Libraries\STM32F4xx_StdPeriph_Driver\src\stm32f4xx_flash.o
FLASH_OB_RDPConfig                                Libraries\STM32F4xx_StdPeriph_Driver\src\stm32f4xx_flash.o
FLASH_OB_Unlock                                   Libraries\STM32F4xx_StdPeriph_Driver\src\stm32f4xx_flash.o
FLASH_OB_UserConfig                               Libraries\STM32F4xx_StdPeriph_Driver\src\stm32f4xx_flash.o
FLASH_OB_WRP1Config                               Libraries\STM32F4xx_StdPeriph_Driver\src\stm32f4xx_flash.o
FLASH_OB_WRPConfig                                Libraries\STM32F4xx_StdPeriph_Driver\src\stm32f4xx_flash.o
FLASH_PrefetchBufferCmd                           Libraries\STM32F4xx_StdPeriph_Driver\src\stm32f4xx_flash.o
FLASH_ProgramByte                                 Libraries\STM32F4xx_StdPeriph_Driver\src\stm32f4xx_flash.o
FLASH_ProgramDoubleWord                           Libraries\STM32F4xx_StdPeriph_Driver\src\stm32f4xx_flash.o
FLASH_ProgramHalfWord                             Libraries\STM32F4xx_StdPeriph_Driver\src\stm32f4xx_flash.o
FLASH_ProgramWord                                 Libraries\STM32F4xx_StdPeriph_Driver\src\stm32f4xx_flash.o
FLASH_SetLatency                                  Libraries\STM32F4xx_StdPeriph_Driver\src\stm32f4xx_flash.o
FLASH_Unlock                                      Libraries\STM32F4xx_StdPeriph_Driver\src\stm32f4xx_flash.o
FLASH_WaitForLastOperation                        Libraries\STM32F4xx_StdPeriph_Driver\src\stm32f4xx_flash.o
FMC_ClearFlag                                     Libraries\STM32F4xx_StdPeriph_Driver\src\stm32f4xx_fmc.o
FMC_ClearITPendingBit                             Libraries\STM32F4xx_StdPeriph_Driver\src\stm32f4xx_fmc.o
FMC_GetECC                                        Libraries\STM32F4xx_StdPeriph_Driver\src\stm32f4xx_fmc.o
FMC_GetFlagStatus                                 Libraries\STM32F4xx_StdPeriph_Driver\src\stm32f4xx_fmc.o
FMC_GetITStatus                                   Libraries\STM32F4xx_StdPeriph_Driver\src\stm32f4xx_fmc.o
FMC_GetModeStatus                                 Libraries\STM32F4xx_StdPeriph_Driver\src\stm32f4xx_fmc.o
FMC_IRQHandler                                    src\startup_stm32f429x.o
FMC_ITConfig                                      Libraries\STM32F4xx_StdPeriph_Driver\src\stm32f4xx_fmc.o
FMC_NANDCmd                                       Libraries\STM32F4xx_StdPeriph_Driver\src\stm32f4xx_fmc.o
FMC_NANDDeInit                                    Libraries\STM32F4xx_StdPeriph_Driver\src\stm32f4xx_fmc.o
FMC_NANDECCCmd                                    Libraries\STM32F4xx_StdPeriph_Driver\src\stm32f4xx_fmc.o
FMC_NANDInit                                      Libraries\STM32F4xx_StdPeriph_Driver\src\stm32f4xx_fmc.o
FMC_NANDStructInit                                Libraries\STM32F4xx_StdPeriph_Driver\src\stm32f4xx_fmc.o
FMC_NORSRAMCmd                                    Libraries\STM32F4xx_StdPeriph_Driver\src\stm32f4xx_fmc.o
FMC_NORSRAMDeInit                                 Libraries\STM32F4xx_StdPeriph_Driver\src\stm32f4xx_fmc.o
FMC_NORSRAMInit                                   Libraries\STM32F4xx_StdPeriph_Driver\src\stm32f4xx_fmc.o
FMC_NORSRAMStructInit                             Libraries\STM32F4xx_StdPeriph_Driver\src\stm32f4xx_fmc.o
FMC_PCCARDCmd                                     Libraries\STM32F4xx_StdPeriph_Driver\src\stm32f4xx_fmc.o
FMC_PCCARDDeInit                                  Libraries\STM32F4xx_StdPeriph_Driver\src\stm32f4xx_fmc.o
FMC_PCCARDInit                                    Libraries\STM32F4xx_StdPeriph_Driver\src\stm32f4xx_fmc.o
FMC_PCCARDStructInit                              Libraries\STM32F4xx_StdPeriph_Driver\src\stm32f4xx_fmc.o
FMC_SDRAMCmdConfig                                Libraries\STM32F4xx_StdPeriph_Driver\src\stm32f4xx_fmc.o
FMC_SDRAMDeInit                                   Libraries\STM32F4xx_StdPeriph_Driver\src\stm32f4xx_fmc.o
FMC_SDRAMInit                                     Libraries\STM32F4xx_StdPeriph_Driver\src\stm32f4xx_fmc.o
FMC_SDRAMStructInit                               Libraries\STM32F4xx_StdPeriph_Driver\src\stm32f4xx_fmc.o
FMC_SDRAMWriteProtectionConfig                    Libraries\STM32F4xx_StdPeriph_Driver\src\stm32f4xx_fmc.o
FMC_SetAutoRefresh_Number                         Libraries\STM32F4xx_StdPeriph_Driver\src\stm32f4xx_fmc.o
FMC_SetRefreshCount                               Libraries\STM32F4xx_StdPeriph_Driver\src\stm32f4xx_fmc.o
FPU_IRQHandler                                    src\startup_stm32f429x.o
GPIO_DeInit                                       Libraries\STM32F4xx_StdPeriph_Driver\src\stm32f4xx_gpio.o
GPIO_Init                                         Libraries\STM32F4xx_StdPeriph_Driver\src\stm32f4xx_gpio.o
                                                  src\camera.o
                                                  src\clock.o
                                                  src\gpio.o
                                                  src\i2c.o
                                                  src\main.o
                                                  src\uart.o
GPIO_PinAFConfig                                  Libraries\STM32F4xx_StdPeriph_Driver\src\stm32f4xx_gpio.o
                                                  src\camera.o
                                                  src\clock.o
                                                  src\i2c.o
                                                  src\main.o
                                                  src\uart.o
GPIO_PinLockConfig                                Libraries\STM32F4xx_StdPeriph_Driver\src\stm32f4xx_gpio.o
GPIO_ReadInputData                                Libraries\STM32F4xx_StdPeriph_Driver\src\stm32f4xx_gpio.o
GPIO_ReadInputDataBit                             Libraries\STM32F4xx_StdPeriph_Driver\src\stm32f4xx_gpio.o
                                                  src\gpio.o
                                                  src\main.o
GPIO_ReadOutputData                               Libraries\STM32F4xx_StdPeriph_Driver\src\stm32f4xx_gpio.o
GPIO_ReadOutputDataBit                            Libraries\STM32F4xx_StdPeriph_Driver\src\stm32f4xx_gpio.o
GPIO_ResetBits                                    Libraries\STM32F4xx_StdPeriph_Driver\src\stm32f4xx_gpio.o
GPIO_SetBits                                      Libraries\STM32F4xx_StdPeriph_Driver\src\stm32f4xx_gpio.o
GPIO_StructInit                                   Libraries\STM32F4xx_StdPeriph_Driver\src\stm32f4xx_gpio.o
GPIO_ToggleBits                                   Libraries\STM32F4xx_StdPeriph_Driver\src\stm32f4xx_gpio.o
GPIO_Write                                        Libraries\STM32F4xx_StdPeriph_Driver\src\stm32f4xx_gpio.o
GPIO_WriteBit                                     Libraries\STM32F4xx_StdPeriph_Driver\src\stm32f4xx_gpio.o
                                                  src\gpio.o
HASH_AutoStartDigest                              Libraries\STM32F4xx_StdPeriph_Driver\src\stm32f4xx_hash.o
HASH_ClearFlag                                    Libraries\STM32F4xx_StdPeriph_Driver\src\stm32f4xx_hash.o
HASH_ClearITPendingBit                            Libraries\STM32F4xx_StdPeriph_Driver\src\stm32f4xx_hash.o
HASH_DMACmd                                       Libraries\STM32F4xx_StdPeriph_Driver\src\stm32f4xx_hash.o
HASH_DataIn                                       Libraries\STM32F4xx_StdPeriph_Driver\src\stm32f4xx_hash.o
                                                  Libraries\STM32F4xx_StdPeriph_Driver\src\stm32f4xx_hash_md5.o
                                                  Libraries\STM32F4xx_StdPeriph_Driver\src\stm32f4xx_hash_sha1.o
HASH_DeInit                                       Libraries\STM32F4xx_StdPeriph_Driver\src\stm32f4xx_hash.o
                                                  Libraries\STM32F4xx_StdPeriph_Driver\src\stm32f4xx_hash_md5.o
                                                  Libraries\STM32F4xx_StdPeriph_Driver\src\stm32f4xx_hash_sha1.o
HASH_GetDigest                                    Libraries\STM32F4xx_StdPeriph_Driver\src\stm32f4xx_hash.o
                                                  Libraries\STM32F4xx_StdPeriph_Driver\src\stm32f4xx_hash_md5.o
                                                  Libraries\STM32F4xx_StdPeriph_Driver\src\stm32f4xx_hash_sha1.o
HASH_GetFlagStatus                                Libraries\STM32F4xx_StdPeriph_Driver\src\stm32f4xx_hash.o
                                                  Libraries\STM32F4xx_StdPeriph_Driver\src\stm32f4xx_hash_md5.o
                                                  Libraries\STM32F4xx_StdPeriph_Driver\src\stm32f4xx_hash_sha1.o
HASH_GetITStatus                                  Libraries\STM32F4xx_StdPeriph_Driver\src\stm32f4xx_hash.o
HASH_GetInFIFOWordsNbr                            Libraries\STM32F4xx_StdPeriph_Driver\src\stm32f4xx_hash.o
HASH_ITConfig                                     Libraries\STM32F4xx_StdPeriph_Driver\src\stm32f4xx_hash.o
HASH_Init                                         Libraries\STM32F4xx_StdPeriph_Driver\src\stm32f4xx_hash.o
                                                  Libraries\STM32F4xx_StdPeriph_Driver\src\stm32f4xx_hash_md5.o
                                                  Libraries\STM32F4xx_StdPeriph_Driver\src\stm32f4xx_hash_sha1.o
HASH_MD5                                          Libraries\STM32F4xx_StdPeriph_Driver\src\stm32f4xx_hash_md5.o