Archive member included because of file (symbol)

c:/program files/atollic/truestudio for arm lite 5.0.0/armtools/bin/../lib/gcc/arm-atollic-eabi/4.7.3/../../../../arm-atollic-eabi/lib/armv7e-m/fpu\libc_s.a(lib_a-init.o)
                              src\startup_stm32f429x.o (__libc_init_array)
c:/program files/atollic/truestudio for arm lite 5.0.0/armtools/bin/../lib/gcc/arm-atollic-eabi/4.7.3/../../../../arm-atollic-eabi/lib/armv7e-m/fpu\libc_s.a(lib_a-malloc.o)
                              src\uart.o (malloc)
c:/program files/atollic/truestudio for arm lite 5.0.0/armtools/bin/../lib/gcc/arm-atollic-eabi/4.7.3/../../../../arm-atollic-eabi/lib/armv7e-m/fpu\libc_s.a(lib_a-mallocr.o)
                              c:/program files/atollic/truestudio for arm lite 5.0.0/armtools/bin/../lib/gcc/arm-atollic-eabi/4.7.3/../../../../arm-atollic-eabi/lib/armv7e-m/fpu\libc_s.a(lib_a-malloc.o) (_malloc_r)
c:/program files/atollic/truestudio for arm lite 5.0.0/armtools/bin/../lib/gcc/arm-atollic-eabi/4.7.3/../../../../arm-atollic-eabi/lib/armv7e-m/fpu\libc_s.a(lib_a-memset.o)
                              src\camera.o (memset)
c:/program files/atollic/truestudio for arm lite 5.0.0/armtools/bin/../lib/gcc/arm-atollic-eabi/4.7.3/../../../../arm-atollic-eabi/lib/armv7e-m/fpu\libc_s.a(lib_a-sbrkr.o)
                              c:/program files/atollic/truestudio for arm lite 5.0.0/armtools/bin/../lib/gcc/arm-atollic-eabi/4.7.3/../../../../arm-atollic-eabi/lib/armv7e-m/fpu\libc_s.a(lib_a-mallocr.o) (_sbrk_r)
c:/program files/atollic/truestudio for arm lite 5.0.0/armtools/bin/../lib/gcc/arm-atollic-eabi/4.7.3/../../../../arm-atollic-eabi/lib/armv7e-m/fpu\libc_s.a(lib_a-strcmp.o)
                              src\main.o (strcmp)
c:/program files/atollic/truestudio for arm lite 5.0.0/armtools/bin/../lib/gcc/arm-atollic-eabi/4.7.3/../../../../arm-atollic-eabi/lib/armv7e-m/fpu\libc_s.a(lib_a-strcpy.o)
                              src\string_queue.o (strcpy)
c:/program files/atollic/truestudio for arm lite 5.0.0/armtools/bin/../lib/gcc/arm-atollic-eabi/4.7.3/../../../../arm-atollic-eabi/lib/armv7e-m/fpu\libc_s.a(lib_a-strlen.o)
                              src\uart.o (strlen)
c:/program files/atollic/truestudio for arm lite 5.0.0/armtools/bin/../lib/gcc/arm-atollic-eabi/4.7.3/../../../../arm-atollic-eabi/lib/armv7e-m/fpu\libc_s.a(lib_a-strncmp.o)
                              src\main.o (strncmp)
c:/program files/atollic/truestudio for arm lite 5.0.0/armtools/bin/../lib/gcc/arm-atollic-eabi/4.7.3/../../../../arm-atollic-eabi/lib/armv7e-m/fpu\libc_s.a(lib_a-syscalls.o)
                              src\tiny_printf.o (_write)
c:/program files/atollic/truestudio for arm lite 5.0.0/armtools/bin/../lib/gcc/arm-atollic-eabi/4.7.3/../../../../arm-atollic-eabi/lib/armv7e-m/fpu\libc_s.a(lib_a-freer.o)
                              c:/program files/atollic/truestudio for arm lite 5.0.0/armtools/bin/../lib/gcc/arm-atollic-eabi/4.7.3/../../../../arm-atollic-eabi/lib/armv7e-m/fpu\libc_s.a(lib_a-malloc.o) (_free_r)
c:/program files/atollic/truestudio for arm lite 5.0.0/armtools/bin/../lib/gcc/arm-atollic-eabi/4.7.3/../../../../arm-atollic-eabi/lib/armv7e-m/fpu\libc_s.a(lib_a-impure.o)
                              c:/program files/atollic/truestudio for arm lite 5.0.0/armtools/bin/../lib/gcc/arm-atollic-eabi/4.7.3/../../../../arm-atollic-eabi/lib/armv7e-m/fpu\libc_s.a(lib_a-malloc.o) (_impure_ptr)
c:/program files/atollic/truestudio for arm lite 5.0.0/armtools/bin/../lib/gcc/arm-atollic-eabi/4.7.3/../../../../arm-atollic-eabi/lib/armv7e-m/fpu\libc_s.a(lib_a-reent.o)
                              c:/program files/atollic/truestudio for arm lite 5.0.0/armtools/bin/../lib/gcc/arm-atollic-eabi/4.7.3/../../../../arm-atollic-eabi/lib/armv7e-m/fpu\libc_s.a(lib_a-sbrkr.o) (errno)

Allocating common symbols
Common symbol       size              file

errno               0x4               c:/program files/atollic/truestudio for arm lite 5.0.0/armtools/bin/../lib/gcc/arm-atollic-eabi/4.7.3/../../../../arm-atollic-eabi/lib/armv7e-m/fpu\libc_s.a(lib_a-reent.o)
dbg                 0x4               src\camera.o
image               0x27100           src\main.o
buf                 0x400             src\main.o
uart                0x3c              src\main.o

Discarded input sections

 .text          0x00000000        0x0 c:/program files/atollic/truestudio for arm lite 5.0.0/armtools/bin/../lib/gcc/arm-atollic-eabi/4.7.3/armv7e-m/fpu/crti.o
 .data          0x00000000        0x0 c:/program files/atollic/truestudio for arm lite 5.0.0/armtools/bin/../lib/gcc/arm-atollic-eabi/4.7.3/armv7e-m/fpu/crti.o
 .bss           0x00000000        0x0 c:/program files/atollic/truestudio for arm lite 5.0.0/armtools/bin/../lib/gcc/arm-atollic-eabi/4.7.3/armv7e-m/fpu/crti.o
 .data          0x00000000        0x4 c:/program files/atollic/truestudio for arm lite 5.0.0/armtools/bin/../lib/gcc/arm-atollic-eabi/4.7.3/armv7e-m/fpu/crtbegin.o
[...]
Memory Configuration

Name             Origin             Length             Attributes
FLASH            0x08000000         0x00100000         xr
RAM              0x20000000         0x00030000         xrw
MEMORY_B1        0x60000000         0x00000000         xr
CCMRAM           0x10000000         0x00010000         rw
*default*        0x00000000         0xffffffff

Linker script and memory map

LOAD c:/program files/atollic/truestudio for arm lite 5.0.0/armtools/bin/../lib/gcc/arm-atollic-eabi/4.7.3/armv7e-m/fpu/crti.o
LOAD c:/program files/atollic/truestudio for arm lite 5.0.0/armtools/bin/../lib/gcc/arm-atollic-eabi/4.7.3/armv7e-m/fpu/crtbegin.o
LOAD src\uart.o
LOAD src\tiny_printf.o
LOAD src\system_stm32f4xx.o
LOAD src\string_queue.o
LOAD src\stm32f4xx_it.o
LOAD src\startup_stm32f429x.o
LOAD src\main.o
LOAD src\i2c.o
LOAD src\gpio.o
LOAD src\event_timer.o
LOAD src\clock.o
LOAD src\camera.o
LOAD Libraries\STM32F4xx_StdPeriph_Driver\src\stm32f4xx_wwdg.o
LOAD Libraries\STM32F4xx_StdPeriph_Driver\src\stm32f4xx_usart.o
LOAD Libraries\STM32F4xx_StdPeriph_Driver\src\stm32f4xx_tim.o
LOAD Libraries\STM32F4xx_StdPeriph_Driver\src\stm32f4xx_syscfg.o
LOAD Libraries\STM32F4xx_StdPeriph_Driver\src\stm32f4xx_spi.o
LOAD Libraries\STM32F4xx_StdPeriph_Driver\src\stm32f4xx_sdio.o
LOAD Libraries\STM32F4xx_StdPeriph_Driver\src\stm32f4xx_sai.o
LOAD Libraries\STM32F4xx_StdPeriph_Driver\src\stm32f4xx_rtc.o
LOAD Libraries\STM32F4xx_StdPeriph_Driver\src\stm32f4xx_rng.o
LOAD Libraries\STM32F4xx_StdPeriph_Driver\src\stm32f4xx_rcc.o
LOAD Libraries\STM32F4xx_StdPeriph_Driver\src\stm32f4xx_pwr.o
LOAD Libraries\STM32F4xx_StdPeriph_Driver\src\stm32f4xx_ltdc.o
LOAD Libraries\STM32F4xx_StdPeriph_Driver\src\stm32f4xx_iwdg.o
LOAD Libraries\STM32F4xx_StdPeriph_Driver\src\stm32f4xx_i2c.o
LOAD Libraries\STM32F4xx_StdPeriph_Driver\src\stm32f4xx_hash_sha1.o
LOAD Libraries\STM32F4xx_StdPeriph_Driver\src\stm32f4xx_hash_md5.o
LOAD Libraries\STM32F4xx_StdPeriph_Driver\src\stm32f4xx_hash.o
LOAD Libraries\STM32F4xx_StdPeriph_Driver\src\stm32f4xx_gpio.o
LOAD Libraries\STM32F4xx_StdPeriph_Driver\src\stm32f4xx_fmc.o
LOAD Libraries\STM32F4xx_StdPeriph_Driver\src\stm32f4xx_flash.o
LOAD Libraries\STM32F4xx_StdPeriph_Driver\src\stm32f4xx_exti.o
LOAD Libraries\STM32F4xx_StdPeriph_Driver\src\stm32f4xx_dma2d.o
LOAD Libraries\STM32F4xx_StdPeriph_Driver\src\stm32f4xx_dma.o
LOAD Libraries\STM32F4xx_StdPeriph_Driver\src\stm32f4xx_dcmi.o
LOAD Libraries\STM32F4xx_StdPeriph_Driver\src\stm32f4xx_dbgmcu.o
LOAD Libraries\STM32F4xx_StdPeriph_Driver\src\stm32f4xx_dac.o
LOAD Libraries\STM32F4xx_StdPeriph_Driver\src\stm32f4xx_cryp_tdes.o
LOAD Libraries\STM32F4xx_StdPeriph_Driver\src\stm32f4xx_cryp_des.o
LOAD Libraries\STM32F4xx_StdPeriph_Driver\src\stm32f4xx_cryp_aes.o
LOAD Libraries\STM32F4xx_StdPeriph_Driver\src\stm32f4xx_cryp.o
LOAD Libraries\STM32F4xx_StdPeriph_Driver\src\stm32f4xx_crc.o
LOAD Libraries\STM32F4xx_StdPeriph_Driver\src\stm32f4xx_can.o
LOAD Libraries\STM32F4xx_StdPeriph_Driver\src\stm32f4xx_adc.o
LOAD Libraries\STM32F4xx_StdPeriph_Driver\src\misc.o
START GROUP
LOAD c:/program files/atollic/truestudio for arm lite 5.0.0/armtools/bin/../lib/gcc/arm-atollic-eabi/4.7.3/../../../../arm-atollic-eabi/lib/armv7e-m/fpu\libc_s.a
LOAD c:/program files/atollic/truestudio for arm lite 5.0.0/armtools/bin/../lib/gcc/arm-atollic-eabi/4.7.3/../../../../arm-atollic-eabi/lib/armv7e-m/fpu\libm.a
END GROUP
                0x00001000                malloc_getpagesize_P = 0x1000
START GROUP
LOAD c:/program files/atollic/truestudio for arm lite 5.0.0/armtools/bin/../lib/gcc/arm-atollic-eabi/4.7.3/armv7e-m/fpu\libgcc.a
LOAD c:/program files/atollic/truestudio for arm lite 5.0.0/armtools/bin/../lib/gcc/arm-atollic-eabi/4.7.3/../../../../arm-atollic-eabi/lib/armv7e-m/fpu\libc.a
END GROUP
LOAD c:/program files/atollic/truestudio for arm lite 5.0.0/armtools/bin/../lib/gcc/arm-atollic-eabi/4.7.3/armv7e-m/fpu/crtend.o
LOAD c:/program files/atollic/truestudio for arm lite 5.0.0/armtools/bin/../lib/gcc/arm-atollic-eabi/4.7.3/armv7e-m/fpu/crtn.o
                0x20030000                _estack = 0x20030000
                0x00000000                _Min_Heap_Size = 0x0
                0x00000400                _Min_Stack_Size = 0x400

.isr_vector     0x08000000      0x1ac
                0x08000000                . = ALIGN (0x4)
 *(.isr_vector)
 .isr_vector    0x08000000      0x1ac src\startup_stm32f429x.o
                0x08000000                g_pfnVectors
                0x080001ac                . = ALIGN (0x4)

.text           0x080001ac     0x4958
                0x080001ac                . = ALIGN (0x4)
 *(.text)
 .text          0x080001ac       0x54 c:/program files/atollic/truestudio for arm lite 5.0.0/armtools/bin/../lib/gcc/arm-atollic-eabi/4.7.3/armv7e-m/fpu/crtbegin.o
 *(.text*)
 .text.NVIC_EnableIRQ
                0x08000200       0x38 src\uart.o
 .text.UART_init
                0x08000238      0x1d4 src\uart.o
                0x08000238                UART_init
 .text.UART_set_state
                0x0800040c       0x94 src\uart.o
                0x0800040c                UART_set_state
 .text.uart_putc
                0x080004a0       0x48 src\uart.o
                0x080004a0                uart_putc
 .text.uart_putstr
                0x080004e8       0x40 src\uart.o
                0x080004e8                uart_putstr
 .text.uart_putline
                0x08000528       0x30 src\uart.o
                0x08000528                uart_putline
 .text.uart_inbox_count
                0x08000558       0x18 src\uart.o
                0x08000558                uart_inbox_count
 .text.uart_getstr
                0x08000570       0x64 src\uart.o
                0x08000570                uart_getstr
 .text.process_reception
                0x080005d4       0x70 src\uart.o
                0x080005d4                process_reception
 .text.UART_IRQ_process
                0x08000644       0xa0 src\uart.o
                0x08000644                UART_IRQ_process
 .text.USART1_IRQHandler
                0x080006e4       0x18 src\uart.o
                0x080006e4                USART1_IRQHandler
 .text.USART2_IRQHandler
                0x080006fc       0x18 src\uart.o
                0x080006fc                USART2_IRQHandler
 .text.USART3_IRQHandler
                0x08000714       0x18 src\uart.o
                0x08000714                USART3_IRQHandler
 .text.UART4_IRQHandler
                0x0800072c       0x18 src\uart.o
                0x0800072c                UART4_IRQHandler
 .text.UART5_IRQHandler
                0x08000744       0x18 src\uart.o
                0x08000744                UART5_IRQHandler
 .text.UART_enqueue
                0x0800075c       0x50 src\uart.o
                0x0800075c                UART_enqueue
 .text.UART_dequeue
                0x080007ac       0x50 src\uart.o
                0x080007ac                UART_dequeue
 .text.ts_itoa  0x080007fc       0x9c src\tiny_printf.o
                0x080007fc                ts_itoa
 .text.ts_formatstring
                0x08000898      0x164 src\tiny_printf.o
                0x08000898                ts_formatstring
 .text.siprintf
                0x080009fc       0x30 src\tiny_printf.o
                0x080009fc                siprintf
                0x080009fc                sprintf
 .text.SystemInit
                0x08000a2c       0xb0 src\system_stm32f4xx.o
                0x08000a2c                SystemInit
 .text.SetSysClock
                0x08000adc      0x188 src\system_stm32f4xx.o
 .text.NMI_Handler
                0x08000c64        0xc src\stm32f4xx_it.o
                0x08000c64                NMI_Handler
 .text.HardFault_Handler
                0x08000c70        0x8 src\stm32f4xx_it.o
                0x08000c70                HardFault_Handler
 .text.MemManage_Handler
                0x08000c78        0x8 src\stm32f4xx_it.o
                0x08000c78                MemManage_Handler
 .text.BusFault_Handler
                0x08000c80        0x8 src\stm32f4xx_it.o
                0x08000c80                BusFault_Handler
 .text.UsageFault_Handler
                0x08000c88        0x8 src\stm32f4xx_it.o
                0x08000c88                UsageFault_Handler
 .text.SVC_Handler
                0x08000c90        0xc src\stm32f4xx_it.o
                0x08000c90                SVC_Handler
 .text.DebugMon_Handler
                0x08000c9c        0xc src\stm32f4xx_it.o
                0x08000c9c                DebugMon_Handler
 .text.PendSV_Handler
                0x08000ca8        0xc src\stm32f4xx_it.o
                0x08000ca8                PendSV_Handler
 .text.SysTick_Handler
                0x08000cb4        0xc src\stm32f4xx_it.o
                0x08000cb4                SysTick_Handler
 .text.Reset_Handler
                0x08000cc0       0x58 src\startup_stm32f429x.o
                0x08000cc0                Reset_Handler
 .text.Default_Handler
                0x08000d18        0x4 src\startup_stm32f429x.o
                0x08000d18                RTC_Alarm_IRQHandler
                0x08000d18                HASH_RNG_IRQHandler
                0x08000d18                EXTI2_IRQHandler
                0x08000d18                TIM8_CC_IRQHandler
                0x08000d18                UART8_IRQHandler
                0x08000d18                SPI4_IRQHandler
                0x08000d18                TIM1_CC_IRQHandler
                0x08000d18                DMA2_Stream5_IRQHandler
                0x08000d18                DMA1_Stream5_IRQHandler
                0x08000d18                PVD_IRQHandler
                0x08000d18                SDIO_IRQHandler
                0x08000d18                TAMP_STAMP_IRQHandler
                0x08000d18                CAN2_RX1_IRQHandler
                0x08000d18                EXTI3_IRQHandler
                0x08000d18                TIM8_TRG_COM_TIM14_IRQHandler
                0x08000d18                TIM1_UP_TIM10_IRQHandler
                0x08000d18                TIM8_UP_TIM13_IRQHandler
                0x08000d18                I2C3_ER_IRQHandler
                0x08000d18                EXTI0_IRQHandler
                0x08000d18                I2C2_EV_IRQHandler
                0x08000d18                DMA1_Stream2_IRQHandler
                0x08000d18                CAN1_RX0_IRQHandler
                0x08000d18                FPU_IRQHandler
                0x08000d18                OTG_HS_WKUP_IRQHandler
                0x08000d18                LTDC_ER_IRQHandler
                0x08000d18                CAN2_SCE_IRQHandler
                0x08000d18                DMA2_Stream2_IRQHandler
                0x08000d18                SPI1_IRQHandler
                0x08000d18                TIM1_BRK_TIM9_IRQHandler
                0x08000d18                CAN2_RX0_IRQHandler
                0x08000d18                DMA2_Stream3_IRQHandler
                0x08000d18                USART6_IRQHandler
                0x08000d18                CRYP_IRQHandler
                0x08000d18                CAN1_RX1_IRQHandler
                0x08000d18                DMA2_Stream0_IRQHandler
                0x08000d18                TIM4_IRQHandler
                0x08000d18                I2C1_EV_IRQHandler
                0x08000d18                DMA1_Stream6_IRQHandler
                0x08000d18                DMA1_Stream1_IRQHandler
                0x08000d18                TIM3_IRQHandler
                0x08000d18                RCC_IRQHandler
                0x08000d18                TIM8_BRK_TIM12_IRQHandler
                0x08000d18                Default_Handler
                0x08000d18                EXTI15_10_IRQHandler
                0x08000d18                ADC_IRQHandler
                0x08000d18                DMA1_Stream7_IRQHandler
                0x08000d18                SPI5_IRQHandler
                0x08000d18                CAN2_TX_IRQHandler
                0x08000d18                TIM5_IRQHandler
                0x08000d18                DMA2_Stream7_IRQHandler
                0x08000d18                I2C3_EV_IRQHandler
                0x08000d18                EXTI9_5_IRQHandler
                0x08000d18                RTC_WKUP_IRQHandler
                0x08000d18                LTDC_IRQHandler
                0x08000d18                ETH_WKUP_IRQHandler
                0x08000d18                SPI2_IRQHandler
                0x08000d18                OTG_HS_EP1_IN_IRQHandler
                0x08000d18                DMA1_Stream0_IRQHandler
                0x08000d18                CAN1_TX_IRQHandler
                0x08000d18                EXTI4_IRQHandler
                0x08000d18                ETH_IRQHandler
                0x08000d18                OTG_HS_EP1_OUT_IRQHandler
                0x08000d18                WWDG_IRQHandler
                0x08000d18                SPI6_IRQHandler
                0x08000d18                TIM2_IRQHandler
                0x08000d18                OTG_FS_WKUP_IRQHandler
                0x08000d18                TIM1_TRG_COM_TIM11_IRQHandler
                0x08000d18                OTG_HS_IRQHandler
                0x08000d18                DMA2D_IRQHandler
                0x08000d18                EXTI1_IRQHandler
                0x08000d18                UART7_IRQHandler
                0x08000d18                I2C2_ER_IRQHandler
                0x08000d18                CAN1_SCE_IRQHandler
                0x08000d18                FLASH_IRQHandler
                0x08000d18                DMA2_Stream4_IRQHandler
                0x08000d18                OTG_FS_IRQHandler
                0x08000d18                SPI3_IRQHandler
                0x08000d18                DMA1_Stream4_IRQHandler
                0x08000d18                I2C1_ER_IRQHandler
                0x08000d18                FMC_IRQHandler
                0x08000d18                DMA2_Stream6_IRQHandler
                0x08000d18                SAI1_IRQHandler
                0x08000d18                DMA1_Stream3_IRQHandler
 .text.NVIC_SetPriority
                0x08000d1c       0x5c src\main.o
 .text.NVIC_SystemReset
                0x08000d78       0x30 src\main.o
 .text.SysTick_Config
                0x08000da8       0x64 src\main.o
 .text.main     0x08000e0c      0x368 src\main.o
                0x08000e0c                main
 .text.str_to_i
                0x08001174       0x6c src\main.o
                0x08001174                str_to_i
 .text.process_command
                0x080011e0      0x86c src\main.o
                0x080011e0                process_command
 .text.init_sdram
                0x08001a4c      0x504 src\main.o
                0x08001a4c                init_sdram
 .text.set_test_pattern
                0x08001f50       0x4c src\main.o
                0x08001f50                set_test_pattern
 .text.test_pattern_red
                0x08001f9c       0x38 src\main.o
                0x08001f9c                test_pattern_red
 .text.test_pattern_green
                0x08001fd4       0x38 src\main.o
                0x08001fd4                test_pattern_green
 .text.test_pattern_blue
                0x0800200c       0x38 src\main.o
                0x0800200c                test_pattern_blue
 .text.clear_pattern
                0x08002044       0x14 src\main.o
                0x08002044                clear_pattern
 .text.take_picture
                0x08002058      0x148 src\main.o
                0x08002058                take_picture
 .text.snapshot_falling_edge
                0x080021a0       0x64 src\main.o
                0x080021a0                snapshot_falling_edge
 .text.i2c_init
                0x08002204       0xc4 src\i2c.o
                0x08002204                i2c_init
 .text.sensor_get
                0x080022c8      0x1a8 src\i2c.o
                0x080022c8                sensor_get
 .text.sensor_set
                0x08002470      0x120 src\i2c.o
                0x08002470                sensor_set
 .text.gpio_init
                0x08002590       0xe0 src\gpio.o
                0x08002590                gpio_init
 .text.gpio_set
                0x08002670       0x50 src\gpio.o
                0x08002670                gpio_set
 .text.gpio_toggle
                0x080026c0       0x90 src\gpio.o
                0x080026c0                gpio_toggle
 .text.gpio_read
                0x08002750       0x48 src\gpio.o
                0x08002750                gpio_read
 .text.event_timer_init
                0x08002798       0x60 src\event_timer.o
                0x08002798                event_timer_init
 .text.event_timer_increment
                0x080027f8       0x90 src\event_timer.o
                0x080027f8                event_timer_increment
 .text.TIM7_IRQHandler
                0x08002888        0xc src\event_timer.o
                0x08002888                TIM7_IRQHandler
 .text.TIM6_DAC_IRQHandler
                0x08002894        0xc src\event_timer.o
                0x08002894                TIM6_DAC_IRQHandler
 .text.event_flag_is_set
                0x080028a0       0x4c src\event_timer.o
                0x080028a0                event_flag_is_set
 .text.delay_ms
                0x080028ec       0x34 src\event_timer.o
                0x080028ec                delay_ms
 .text.clock_init
                0x08002920       0xec src\clock.o
                0x08002920                clock_init
 .text.NVIC_EnableIRQ
                0x08002a0c       0x38 src\camera.o
 .text.camera_init
                0x08002a44      0x488 src\camera.o
                0x08002a44                camera_init
 .text.camera_capture_frame
                0x08002ecc       0x10 src\camera.o
                0x08002ecc                camera_capture_frame
 .text.camera_clear_image_array
                0x08002edc       0x24 src\camera.o
                0x08002edc                camera_clear_image_array
 .text.camera_take_picture
                0x08002f00      0x220 src\camera.o
                0x08002f00                camera_take_picture
 .text.camera_set_bin
                0x08003120       0xc4 src\camera.o
                0x08003120                camera_set_bin
 .text.camera_set_row
                0x080031e4       0x3c src\camera.o
                0x080031e4                camera_set_row
 .text.camera_set_column
                0x08003220       0x3c src\camera.o
                0x08003220                camera_set_column
 .text.camera_set_width
                0x0800325c       0x3c src\camera.o
                0x0800325c                camera_set_width
 .text.camera_set_height
                0x08003298       0x3c src\camera.o
                0x08003298                camera_set_height
 .text.camera_set_shutter_speed
                0x080032d4       0x24 src\camera.o
                0x080032d4                camera_set_shutter_speed
 .text.camera_frame_width
                0x080032f8       0x18 src\camera.o
                0x080032f8                camera_frame_width
 .text.camera_frame_height
                0x08003310       0x18 src\camera.o
                0x08003310                camera_frame_height
 .text.camera_bin
                0x08003328       0x18 src\camera.o
                0x08003328                camera_bin
 .text.camera_set_rshift
                0x08003340       0x24 src\camera.o
                0x08003340                camera_set_rshift
 .text.DCMI_IRQHandler
                0x08003364      0x114 src\camera.o
                0x08003364                DCMI_IRQHandler
 .text.DMA2_Stream1_IRQHandler
                0x08003478      0x100 src\camera.o
                0x08003478                DMA2_Stream1_IRQHandler
 .text.USART_Init
                0x08003578      0x1ac Libraries\STM32F4xx_StdPeriph_Driver\src\stm32f4xx_usart.o
                0x08003578                USART_Init
 .text.USART_Cmd
                0x08003724       0x40 Libraries\STM32F4xx_StdPeriph_Driver\src\stm32f4xx_usart.o
                0x08003724                USART_Cmd
 .text.USART_SendData
                0x08003764       0x28 Libraries\STM32F4xx_StdPeriph_Driver\src\stm32f4xx_usart.o
                0x08003764                USART_SendData
 .text.USART_ReceiveData
                0x0800378c       0x24 Libraries\STM32F4xx_StdPeriph_Driver\src\stm32f4xx_usart.o
                0x0800378c                USART_ReceiveData
 .text.USART_ITConfig
                0x080037b0       0xa4 Libraries\STM32F4xx_StdPeriph_Driver\src\stm32f4xx_usart.o
                0x080037b0                USART_ITConfig
 .text.USART_GetITStatus
                0x08003854       0xc4 Libraries\STM32F4xx_StdPeriph_Driver\src\stm32f4xx_usart.o
                0x08003854                USART_GetITStatus
 .text.TIM_TimeBaseInit
                0x08003918       0xf4 Libraries\STM32F4xx_StdPeriph_Driver\src\stm32f4xx_tim.o
                0x08003918                TIM_TimeBaseInit
 .text.TIM_Cmd  0x08003a0c       0x40 Libraries\STM32F4xx_StdPeriph_Driver\src\stm32f4xx_tim.o
                0x08003a0c                TIM_Cmd
 .text.TIM_OC1Init
                0x08003a4c       0xfc Libraries\STM32F4xx_StdPeriph_Driver\src\stm32f4xx_tim.o
                0x08003a4c                TIM_OC1Init
 .text.TIM_OC1PreloadConfig
                0x08003b48       0x38 Libraries\STM32F4xx_StdPeriph_Driver\src\stm32f4xx_tim.o
                0x08003b48                TIM_OC1PreloadConfig
 .text.RCC_GetClocksFreq
                0x08003b80      0x1cc Libraries\STM32F4xx_StdPeriph_Driver\src\stm32f4xx_rcc.o
                0x08003b80                RCC_GetClocksFreq
 .text.RCC_AHB1PeriphClockCmd
                0x08003d4c       0x54 Libraries\STM32F4xx_StdPeriph_Driver\src\stm32f4xx_rcc.o
                0x08003d4c                RCC_AHB1PeriphClockCmd
 .text.RCC_AHB2PeriphClockCmd
                0x08003da0       0x54 Libraries\STM32F4xx_StdPeriph_Driver\src\stm32f4xx_rcc.o
                0x08003da0                RCC_AHB2PeriphClockCmd
 .text.RCC_AHB3PeriphClockCmd
                0x08003df4       0x54 Libraries\STM32F4xx_StdPeriph_Driver\src\stm32f4xx_rcc.o
                0x08003df4                RCC_AHB3PeriphClockCmd
 .text.RCC_APB1PeriphClockCmd
                0x08003e48       0x54 Libraries\STM32F4xx_StdPeriph_Driver\src\stm32f4xx_rcc.o
                0x08003e48                RCC_APB1PeriphClockCmd
 .text.RCC_APB2PeriphClockCmd
                0x08003e9c       0x54 Libraries\STM32F4xx_StdPeriph_Driver\src\stm32f4xx_rcc.o
                0x08003e9c                RCC_APB2PeriphClockCmd
 .text.I2C_Init
                0x08003ef0      0x1ac Libraries\STM32F4xx_StdPeriph_Driver\src\stm32f4xx_i2c.o
                0x08003ef0                I2C_Init
 .text.I2C_Cmd  0x0800409c       0x40 Libraries\STM32F4xx_StdPeriph_Driver\src\stm32f4xx_i2c.o
                0x0800409c                I2C_Cmd
 .text.I2C_GenerateSTART
                0x080040dc       0x40 Libraries\STM32F4xx_StdPeriph_Driver\src\stm32f4xx_i2c.o
                0x080040dc                I2C_GenerateSTART
 .text.I2C_GenerateSTOP
                0x0800411c       0x40 Libraries\STM32F4xx_StdPeriph_Driver\src\stm32f4xx_i2c.o
                0x0800411c                I2C_GenerateSTOP
 .text.I2C_Send7bitAddress
                0x0800415c       0x3c Libraries\STM32F4xx_StdPeriph_Driver\src\stm32f4xx_i2c.o
                0x0800415c                I2C_Send7bitAddress
 .text.I2C_AcknowledgeConfig
                0x08004198       0x40 Libraries\STM32F4xx_StdPeriph_Driver\src\stm32f4xx_i2c.o
                0x08004198                I2C_AcknowledgeConfig
 .text.I2C_SendData
                0x080041d8       0x20 Libraries\STM32F4xx_StdPeriph_Driver\src\stm32f4xx_i2c.o
                0x080041d8                I2C_SendData
 .text.I2C_ReceiveData
                0x080041f8       0x1c Libraries\STM32F4xx_StdPeriph_Driver\src\stm32f4xx_i2c.o
                0x080041f8                I2C_ReceiveData
 .text.I2C_CheckEvent
                0x08004214       0x70 Libraries\STM32F4xx_StdPeriph_Driver\src\stm32f4xx_i2c.o
                0x08004214                I2C_CheckEvent
 .text.I2C_GetFlagStatus
                0x08004284       0x78 Libraries\STM32F4xx_StdPeriph_Driver\src\stm32f4xx_i2c.o
                0x08004284                I2C_GetFlagStatus
 .text.GPIO_Init
                0x080042fc      0x144 Libraries\STM32F4xx_StdPeriph_Driver\src\stm32f4xx_gpio.o
                0x080042fc                GPIO_Init
 .text.GPIO_ReadInputDataBit
                0x08004440       0x3c Libraries\STM32F4xx_StdPeriph_Driver\src\stm32f4xx_gpio.o
                0x08004440                GPIO_ReadInputDataBit
 .text.GPIO_WriteBit
                0x0800447c       0x30 Libraries\STM32F4xx_StdPeriph_Driver\src\stm32f4xx_gpio.o
                0x0800447c                GPIO_WriteBit
 .text.GPIO_PinAFConfig
                0x080044ac       0xa8 Libraries\STM32F4xx_StdPeriph_Driver\src\stm32f4xx_gpio.o
                0x080044ac                GPIO_PinAFConfig
 .text.DMA_GetITStatus
                0x08004554       0xc0 Libraries\STM32F4xx_StdPeriph_Driver\src\stm32f4xx_dma.o
                0x08004554                DMA_GetITStatus
 .text.DMA_ClearITPendingBit
                0x08004614       0x60 Libraries\STM32F4xx_StdPeriph_Driver\src\stm32f4xx_dma.o
                0x08004614                DMA_ClearITPendingBit
 .text.DCMI_Init
                0x08004674       0x94 Libraries\STM32F4xx_StdPeriph_Driver\src\stm32f4xx_dcmi.o
                0x08004674                DCMI_Init
 .text.DCMI_Cmd
                0x08004708       0x4c Libraries\STM32F4xx_StdPeriph_Driver\src\stm32f4xx_dcmi.o
                0x08004708                DCMI_Cmd
 .text.DCMI_CaptureCmd
                0x08004754       0x4c Libraries\STM32F4xx_StdPeriph_Driver\src\stm32f4xx_dcmi.o
                0x08004754                DCMI_CaptureCmd
 .text.DCMI_ITConfig
                0x080047a0       0x58 Libraries\STM32F4xx_StdPeriph_Driver\src\stm32f4xx_dcmi.o
                0x080047a0                DCMI_ITConfig
 .text.DCMI_GetITStatus
                0x080047f8       0x48 Libraries\STM32F4xx_StdPeriph_Driver\src\stm32f4xx_dcmi.o
                0x080047f8                DCMI_GetITStatus
 .text.DCMI_ClearITPendingBit
                0x08004840       0x20 Libraries\STM32F4xx_StdPeriph_Driver\src\stm32f4xx_dcmi.o
                0x08004840                DCMI_ClearITPendingBit
 .text.NVIC_Init
                0x08004860       0xe4 Libraries\STM32F4xx_StdPeriph_Driver\src\misc.o
                0x08004860                NVIC_Init
 .text.__libc_init_array
                0x08004944       0x4c c:/program files/atollic/truestudio for arm lite 5.0.0/armtools/bin/../lib/gcc/arm-atollic-eabi/4.7.3/../../../../arm-atollic-eabi/lib/armv7e-m/fpu\libc_s.a(lib_a-init.o)
                0x08004944                __libc_init_array
 .text.malloc   0x08004990       0x10 c:/program files/atollic/truestudio for arm lite 5.0.0/armtools/bin/../lib/gcc/arm-atollic-eabi/4.7.3/../../../../arm-atollic-eabi/lib/armv7e-m/fpu\libc_s.a(lib_a-malloc.o)
                0x08004990                malloc
 .text._malloc_r
                0x080049a0       0x94 c:/program files/atollic/truestudio for arm lite 5.0.0/armtools/bin/../lib/gcc/arm-atollic-eabi/4.7.3/../../../../arm-atollic-eabi/lib/armv7e-m/fpu\libc_s.a(lib_a-mallocr.o)
                0x080049a0                _malloc_r
 .text.memset   0x08004a34       0x10 c:/program files/atollic/truestudio for arm lite 5.0.0/armtools/bin/../lib/gcc/arm-atollic-eabi/4.7.3/../../../../arm-atollic-eabi/lib/armv7e-m/fpu\libc_s.a(lib_a-memset.o)
                0x08004a34                memset
 .text._sbrk_r  0x08004a44       0x20 c:/program files/atollic/truestudio for arm lite 5.0.0/armtools/bin/../lib/gcc/arm-atollic-eabi/4.7.3/../../../../arm-atollic-eabi/lib/armv7e-m/fpu\libc_s.a(lib_a-sbrkr.o)
                0x08004a44                _sbrk_r
 .text.strcmp   0x08004a64       0x16 c:/program files/atollic/truestudio for arm lite 5.0.0/armtools/bin/../lib/gcc/arm-atollic-eabi/4.7.3/../../../../arm-atollic-eabi/lib/armv7e-m/fpu\libc_s.a(lib_a-strcmp.o)
                0x08004a64                strcmp
 .text.strlen   0x08004a7a       0x10 c:/program files/atollic/truestudio for arm lite 5.0.0/armtools/bin/../lib/gcc/arm-atollic-eabi/4.7.3/../../../../arm-atollic-eabi/lib/armv7e-m/fpu\libc_s.a(lib_a-strlen.o)
                0x08004a7a                strlen
 .text.strncmp  0x08004a8a       0x2e c:/program files/atollic/truestudio for arm lite 5.0.0/armtools/bin/../lib/gcc/arm-atollic-eabi/4.7.3/../../../../arm-atollic-eabi/lib/armv7e-m/fpu\libc_s.a(lib_a-strncmp.o)
                0x08004a8a                strncmp
 .text._sbrk    0x08004ab8       0x34 c:/program files/atollic/truestudio for arm lite 5.0.0/armtools/bin/../lib/gcc/arm-atollic-eabi/4.7.3/../../../../arm-atollic-eabi/lib/armv7e-m/fpu\libc_s.a(lib_a-syscalls.o)
                0x08004ab8                _sbrk
 *(.glue_7)
 .glue_7        0x00000000        0x0 linker stubs
 *(.glue_7t)
 .glue_7t       0x00000000        0x0 linker stubs
 *(.eh_frame)
 .eh_frame      0x08004aec        0x0 c:/program files/atollic/truestudio for arm lite 5.0.0/armtools/bin/../lib/gcc/arm-atollic-eabi/4.7.3/armv7e-m/fpu/crtbegin.o
 *(.init)
 .init          0x08004aec        0x4 c:/program files/atollic/truestudio for arm lite 5.0.0/armtools/bin/../lib/gcc/arm-atollic-eabi/4.7.3/armv7e-m/fpu/crti.o
                0x08004aec                _init
 .init          0x08004af0        0x8 c:/program files/atollic/truestudio for arm lite 5.0.0/armtools/bin/../lib/gcc/arm-atollic-eabi/4.7.3/armv7e-m/fpu/crtn.o
 *(.fini)
 .fini          0x08004af8        0x4 c:/program files/atollic/truestudio for arm lite 5.0.0/armtools/bin/../lib/gcc/arm-atollic-eabi/4.7.3/armv7e-m/fpu/crti.o
                0x08004af8                _fini
 .fini          0x08004afc        0x8 c:/program files/atollic/truestudio for arm lite 5.0.0/armtools/bin/../lib/gcc/arm-atollic-eabi/4.7.3/armv7e-m/fpu/crtn.o
                0x08004b04                . = ALIGN (0x4)
                0x08004b04                _etext = .

.vfp11_veneer   0x08004b04        0x0
 .vfp11_veneer  0x00000000        0x0 linker stubs

.v4_bx          0x08004b04        0x0
 .v4_bx         0x00000000        0x0 linker stubs

.iplt           0x08004b04        0x0
 .iplt          0x00000000        0x0 c:/program files/atollic/truestudio for arm lite 5.0.0/armtools/bin/../lib/gcc/arm-atollic-eabi/4.7.3/armv7e-m/fpu/crtbegin.o

.rodata         0x08004b04      0x438
                0x08004b04                . = ALIGN (0x4)
 *(.rodata)
 .rodata        0x08004b04      0x3b0 src\main.o
 .rodata        0x08004eb4       0x84 src\camera.o
 *(.rodata*)
 .rodata.str1.1
                0x08004f38        0x2 c:/program files/atollic/truestudio for arm lite 5.0.0/armtools/bin/../lib/gcc/arm-atollic-eabi/4.7.3/../../../../arm-atollic-eabi/lib/armv7e-m/fpu\libc_s.a(lib_a-impure.o)
                0x08004f3c                . = ALIGN (0x4)
 *fill*         0x08004f3a        0x2 00

.rel.dyn        0x08004f3c        0x0
 .rel.iplt      0x00000000        0x0 c:/program files/atollic/truestudio for arm lite 5.0.0/armtools/bin/../lib/gcc/arm-atollic-eabi/4.7.3/armv7e-m/fpu/crtbegin.o

.ARM.extab
 *(.ARM.extab* .gnu.linkonce.armextab.*)

.ARM            0x08004f3c        0x0
                0x08004f3c                __exidx_start = .
 *(.ARM.exidx*)
                0x08004f3c                __exidx_end = .

.preinit_array  0x08004f3c        0x0
                0x08004f3c                PROVIDE (__preinit_array_start, .)
 *(.preinit_array*)
                0x08004f3c                PROVIDE (__preinit_array_end, .)

.init_array     0x08004f3c        0x4
                0x08004f3c                PROVIDE (__init_array_start, .)
 *(SORT(.init_array.*))
 *(.init_array*)
 .init_array    0x08004f3c        0x4 c:/program files/atollic/truestudio for arm lite 5.0.0/armtools/bin/../lib/gcc/arm-atollic-eabi/4.7.3/armv7e-m/fpu/crtbegin.o
                0x08004f40                PROVIDE (__init_array_end, .)

.fini_array     0x08004f40        0x4
                0x08004f40                PROVIDE (__fini_array_start, .)
 *(SORT(.fini_array.*))
 *(.fini_array*)
 .fini_array    0x08004f40        0x4 c:/program files/atollic/truestudio for arm lite 5.0.0/armtools/bin/../lib/gcc/arm-atollic-eabi/4.7.3/armv7e-m/fpu/crtbegin.o
                0x08004f44                PROVIDE (__fini_array_end, .)
                0x08004f44                _sidata = LOADADDR (.data)

.data           0x20000000       0xe8 load address 0x08004f44
                0x20000000                . = ALIGN (0x4)
                0x20000000                _sdata = .
 *(.data)
 *(.data*)
 .data.snapshot_prev
                0x20000000        0x4 src\main.o
                0x20000000                snapshot_prev
 .data.snapshot_cur
                0x20000004        0x4 src\main.o
                0x20000004                snapshot_cur
 .data.gpio_config_list
                0x20000008       0x50 src\gpio.o
                0x20000008                gpio_config_list
 .data.event_flag_periods
                0x20000058        0x4 src\event_timer.o
 .data.img_width
                0x2000005c        0x4 src\camera.o
                0x2000005c                img_width
 .data.img_height
                0x20000060        0x4 src\camera.o
                0x20000060                img_height
 .data.img_shutter_speed_ms
                0x20000064        0x4 src\camera.o
                0x20000064                img_shutter_speed_ms
 .data.rshift   0x20000068        0x4 src\camera.o
                0x20000068                rshift
 .data.read_in_time
                0x2000006c        0x4 src\camera.o
                0x2000006c                read_in_time
 .data.APBAHBPrescTable
                0x20000070       0x10 Libraries\STM32F4xx_StdPeriph_Driver\src\stm32f4xx_rcc.o
 .data.impure_data
                0x20000080       0x64 c:/program files/atollic/truestudio for arm lite 5.0.0/armtools/bin/../lib/gcc/arm-atollic-eabi/4.7.3/../../../../arm-atollic-eabi/lib/armv7e-m/fpu\libc_s.a(lib_a-impure.o)
 .data._impure_ptr
                0x200000e4        0x4 c:/program files/atollic/truestudio for arm lite 5.0.0/armtools/bin/../lib/gcc/arm-atollic-eabi/4.7.3/../../../../arm-atollic-eabi/lib/armv7e-m/fpu\libc_s.a(lib_a-impure.o)
                0x200000e4                _impure_ptr
                0x200000e8                . = ALIGN (0x4)
                0x200000e8                _edata = .
                0x0800502c                _siccmram = LOADADDR (.ccmram)

.jcr            0x200000e8        0x0 load address 0x0800502c
 .jcr           0x200000e8        0x0 c:/program files/atollic/truestudio for arm lite 5.0.0/armtools/bin/../lib/gcc/arm-atollic-eabi/4.7.3/armv7e-m/fpu/crtbegin.o

.igot.plt       0x200000e8        0x0 load address 0x0800502c
 .igot.plt      0x00000000        0x0 c:/program files/atollic/truestudio for arm lite 5.0.0/armtools/bin/../lib/gcc/arm-atollic-eabi/4.7.3/armv7e-m/fpu/crtbegin.o

.ccmram         0x10000000        0x0 load address 0x0800502c
                0x10000000                . = ALIGN (0x4)
                0x10000000                _sccmram = .
 *(.ccmram)
 *(.ccmram*)
                0x10000000                . = ALIGN (0x4)
                0x10000000                _eccmram = .
                0x10000000                . = ALIGN (0x4)

.bss            0x200000e8    0x275ac
                0x200000e8                _sbss = .
                0x200000e8                __bss_start__ = _sbss
 *(.bss)
 .bss           0x200000e8       0x1c c:/program files/atollic/truestudio for arm lite 5.0.0/armtools/bin/../lib/gcc/arm-atollic-eabi/4.7.3/armv7e-m/fpu/crtbegin.o
 *(.bss*)
 .bss.peripheral_address
                0x20000104       0x14 src\uart.o
 .bss.event_flags
                0x20000118        0x4 src\event_timer.o
 .bss.event_flag_time
                0x2000011c        0x4 src\event_timer.o
 .bss.absolute_time
                0x20000120        0x4 src\event_timer.o
 .bss.chip_version
                0x20000124        0x4 src\camera.o
                0x20000124                chip_version
 .bss.img_row   0x20000128        0x4 src\camera.o
                0x20000128                img_row
 .bss.img_column
                0x2000012c        0x4 src\camera.o
                0x2000012c                img_column
 .bss.img_bin   0x20000130        0x4 src\camera.o
                0x20000130                img_bin
 .bss.line_even_odd
                0x20000134        0x4 src\camera.o
                0x20000134                line_even_odd
 .bss.overflow_count
                0x20000138        0x4 src\camera.o
                0x20000138                overflow_count
 .bss.sync_error_count
                0x2000013c        0x4 src\camera.o
                0x2000013c                sync_error_count
 .bss.fv_count  0x20000140        0x4 src\camera.o
                0x20000140                fv_count
 .bss.lv_count  0x20000144        0x4 src\camera.o
                0x20000144                lv_count
 .bss.__malloc_free_list
                0x20000148        0x4 c:/program files/atollic/truestudio for arm lite 5.0.0/armtools/bin/../lib/gcc/arm-atollic-eabi/4.7.3/../../../../arm-atollic-eabi/lib/armv7e-m/fpu\libc_s.a(lib_a-mallocr.o)
                0x20000148                __malloc_free_list
 .bss.heap_end.5107
                0x2000014c        0x4 c:/program files/atollic/truestudio for arm lite 5.0.0/armtools/bin/../lib/gcc/arm-atollic-eabi/4.7.3/../../../../arm-atollic-eabi/lib/armv7e-m/fpu\libc_s.a(lib_a-syscalls.o)
 *(COMMON)
 COMMON         0x20000150    0x2753c src\main.o
                0x20000150                image
                0x20027250                buf
                0x20027650                uart
 COMMON         0x2002768c        0x4 src\camera.o
                0x2002768c                dbg
 COMMON         0x20027690        0x4 c:/program files/atollic/truestudio for arm lite 5.0.0/armtools/bin/../lib/gcc/arm-atollic-eabi/4.7.3/../../../../arm-atollic-eabi/lib/armv7e-m/fpu\libc_s.a(lib_a-reent.o)
                0x20027690                errno
                0x20027694                . = ALIGN (0x4)
                0x20027694                _ebss = .
                0x20027694                __bss_end__ = _ebss

._user_heap_stack
                0x20027694      0x400
                0x20027694                . = ALIGN (0x4)
                0x20027694                PROVIDE (end, .)
                0x20027694                PROVIDE (_end, .)
                0x20027694                . = (. + _Min_Heap_Size)
                0x20027a94                . = (. + _Min_Stack_Size)
 *fill*         0x20027694      0x400 00
                0x20027a94                . = ALIGN (0x4)

.memory_b1_text
 *(.mb1text)
 *(.mb1text*)
 *(.mb1rodata)
 *(.mb1rodata*)

/DISCARD/
 libc.a(*)
 libm.a(*)
 libgcc.a(*)

.ARM.attributes
                0x00000000       0x32
 *(.ARM.attributes)
 .ARM.attributes
                0x00000000       0x24 c:/program files/atollic/truestudio for arm lite 5.0.0/armtools/bin/../lib/gcc/arm-atollic-eabi/4.7.3/armv7e-m/fpu/crti.o
 .ARM.attributes
                0x00000024       0x36 c:/program files/atollic/truestudio for arm lite 5.0.0/armtools/bin/../lib/gcc/arm-atollic-eabi/4.7.3/armv7e-m/fpu/crtbegin.o
 .ARM.attributes
                0x0000005a       0x3b src\uart.o
 .ARM.attributes
                0x00000095       0x3b src\tiny_printf.o
 .ARM.attributes
                0x000000d0       0x3b src\system_stm32f4xx.o
 .ARM.attributes
                0x0000010b       0x3b src\stm32f4xx_it.o
 .ARM.attributes
                0x00000146       0x21 src\startup_stm32f429x.o
 .ARM.attributes
                0x00000167       0x3b src\main.o
 .ARM.attributes
                0x000001a2       0x3b src\i2c.o
 .ARM.attributes
                0x000001dd       0x3b src\gpio.o
 .ARM.attributes
                0x00000218       0x3b src\event_timer.o
 .ARM.attributes
                0x00000253       0x3b src\clock.o
 .ARM.attributes
                0x0000028e       0x3b src\camera.o
 .ARM.attributes
                0x000002c9       0x3b Libraries\STM32F4xx_StdPeriph_Driver\src\stm32f4xx_usart.o
 .ARM.attributes
                0x00000304       0x3b Libraries\STM32F4xx_StdPeriph_Driver\src\stm32f4xx_tim.o
 .ARM.attributes
                0x0000033f       0x3b Libraries\STM32F4xx_StdPeriph_Driver\src\stm32f4xx_rcc.o
 .ARM.attributes
                0x0000037a       0x3b Libraries\STM32F4xx_StdPeriph_Driver\src\stm32f4xx_i2c.o
 .ARM.attributes
                0x000003b5       0x3b Libraries\STM32F4xx_StdPeriph_Driver\src\stm32f4xx_gpio.o
 .ARM.attributes
                0x000003f0       0x3b Libraries\STM32F4xx_StdPeriph_Driver\src\stm32f4xx_dma.o
 .ARM.attributes
                0x0000042b       0x3b Libraries\STM32F4xx_StdPeriph_Driver\src\stm32f4xx_dcmi.o
 .ARM.attributes
                0x00000466       0x3b Libraries\STM32F4xx_StdPeriph_Driver\src\misc.o
 .ARM.attributes
                0x000004a1       0x36 c:/program files/atollic/truestudio for arm lite 5.0.0/armtools/bin/../lib/gcc/arm-atollic-eabi/4.7.3/../../../../arm-atollic-eabi/lib/armv7e-m/fpu\libc_s.a(lib_a-init.o)
 .ARM.attributes
                0x000004d7       0x36 c:/program files/atollic/truestudio for arm lite 5.0.0/armtools/bin/../lib/gcc/arm-atollic-eabi/4.7.3/../../../../arm-atollic-eabi/lib/armv7e-m/fpu\libc_s.a(lib_a-malloc.o)
 .ARM.attributes
                0x0000050d       0x36 c:/program files/atollic/truestudio for arm lite 5.0.0/armtools/bin/../lib/gcc/arm-atollic-eabi/4.7.3/../../../../arm-atollic-eabi/lib/armv7e-m/fpu\libc_s.a(lib_a-mallocr.o)
 .ARM.attributes
                0x00000543       0x36 c:/program files/atollic/truestudio for arm lite 5.0.0/armtools/bin/../lib/gcc/arm-atollic-eabi/4.7.3/../../../../arm-atollic-eabi/lib/armv7e-m/fpu\libc_s.a(lib_a-memset.o)
 .ARM.attributes
                0x00000579       0x36 c:/program files/atollic/truestudio for arm lite 5.0.0/armtools/bin/../lib/gcc/arm-atollic-eabi/4.7.3/../../../../arm-atollic-eabi/lib/armv7e-m/fpu\libc_s.a(lib_a-sbrkr.o)
 .ARM.attributes
                0x000005af       0x36 c:/program files/atollic/truestudio for arm lite 5.0.0/armtools/bin/../lib/gcc/arm-atollic-eabi/4.7.3/../../../../arm-atollic-eabi/lib/armv7e-m/fpu\libc_s.a(lib_a-strcmp.o)
 .ARM.attributes
                0x000005e5       0x36 c:/program files/atollic/truestudio for arm lite 5.0.0/armtools/bin/../lib/gcc/arm-atollic-eabi/4.7.3/../../../../arm-atollic-eabi/lib/armv7e-m/fpu\libc_s.a(lib_a-strlen.o)
 .ARM.attributes
                0x0000061b       0x36 c:/program files/atollic/truestudio for arm lite 5.0.0/armtools/bin/../lib/gcc/arm-atollic-eabi/4.7.3/../../../../arm-atollic-eabi/lib/armv7e-m/fpu\libc_s.a(lib_a-strncmp.o)
 .ARM.attributes
                0x00000651       0x36 c:/program files/atollic/truestudio for arm lite 5.0.0/armtools/bin/../lib/gcc/arm-atollic-eabi/4.7.3/../../../../arm-atollic-eabi/lib/armv7e-m/fpu\libc_s.a(lib_a-syscalls.o)
 .ARM.attributes
                0x00000687       0x36 c:/program files/atollic/truestudio for arm lite 5.0.0/armtools/bin/../lib/gcc/arm-atollic-eabi/4.7.3/../../../../arm-atollic-eabi/lib/armv7e-m/fpu\libc_s.a(lib_a-impure.o)
 .ARM.attributes
                0x000006bd       0x36 c:/program files/atollic/truestudio for arm lite 5.0.0/armtools/bin/../lib/gcc/arm-atollic-eabi/4.7.3/../../../../arm-atollic-eabi/lib/armv7e-m/fpu\libc_s.a(lib_a-reent.o)
 .ARM.attributes
                0x000006f3       0x24 c:/program files/atollic/truestudio for arm lite 5.0.0/armtools/bin/../lib/gcc/arm-atollic-eabi/4.7.3/armv7e-m/fpu/crtn.o
OUTPUT(camera_1.elf elf32-littlearm)

.debug_info     0x00000000     0xb30a
 .debug_info    0x00000000      0xde2 src\uart.o
 .debug_info    0x00000de2      0xcbb src\tiny_printf.o
 .debug_info    0x00001a9d      0x62b src\system_stm32f4xx.o
 .debug_info    0x000020c8      0x191 src\stm32f4xx_it.o
 .debug_info    0x00002259       0x91 src\startup_stm32f429x.o
 .debug_info    0x000022ea     0x11ef src\main.o
 .debug_info    0x000034d9      0x4e0 src\i2c.o
 .debug_info    0x000039b9      0x41b src\gpio.o
 .debug_info    0x00003dd4      0x27b src\event_timer.o
 .debug_info    0x0000404f      0x5e0 src\clock.o
 .debug_info    0x0000462f      0xf29 src\camera.o
 .debug_info    0x00005558      0xa69 Libraries\STM32F4xx_StdPeriph_Driver\src\stm32f4xx_usart.o
 .debug_info    0x00005fc1     0x1e81 Libraries\STM32F4xx_StdPeriph_Driver\src\stm32f4xx_tim.o
 .debug_info    0x00007e42      0xf3f Libraries\STM32F4xx_StdPeriph_Driver\src\stm32f4xx_rcc.o
 .debug_info    0x00008d81      0xc50 Libraries\STM32F4xx_StdPeriph_Driver\src\stm32f4xx_i2c.o
 .debug_info    0x000099d1      0x647 Libraries\STM32F4xx_StdPeriph_Driver\src\stm32f4xx_gpio.o
 .debug_info    0x0000a018      0x7b3 Libraries\STM32F4xx_StdPeriph_Driver\src\stm32f4xx_dma.o
 .debug_info    0x0000a7cb      0x5a9 Libraries\STM32F4xx_StdPeriph_Driver\src\stm32f4xx_dcmi.o
 .debug_info    0x0000ad74      0x596 Libraries\STM32F4xx_StdPeriph_Driver\src\misc.o

.debug_abbrev   0x00000000     0x1be8
 .debug_abbrev  0x00000000      0x20e src\uart.o
 .debug_abbrev  0x0000020e      0x23b src\tiny_printf.o
 .debug_abbrev  0x00000449      0x13a src\system_stm32f4xx.o
 .debug_abbrev  0x00000583       0xb8 src\stm32f4xx_it.o
 .debug_abbrev  0x0000063b       0x12 src\startup_stm32f429x.o
 .debug_abbrev  0x0000064d      0x292 src\main.o
 .debug_abbrev  0x000008df      0x155 src\i2c.o
 .debug_abbrev  0x00000a34      0x16f src\gpio.o
 .debug_abbrev  0x00000ba3      0x10a src\event_timer.o
 .debug_abbrev  0x00000cad      0x110 src\clock.o
 .debug_abbrev  0x00000dbd      0x26b src\camera.o
 .debug_abbrev  0x00001028      0x159 Libraries\STM32F4xx_StdPeriph_Driver\src\stm32f4xx_usart.o
 .debug_abbrev  0x00001181      0x18b Libraries\STM32F4xx_StdPeriph_Driver\src\stm32f4xx_tim.o
 .debug_abbrev  0x0000130c      0x1be Libraries\STM32F4xx_StdPeriph_Driver\src\stm32f4xx_rcc.o
 .debug_abbrev  0x000014ca      0x168 Libraries\STM32F4xx_StdPeriph_Driver\src\stm32f4xx_i2c.o
 .debug_abbrev  0x00001632      0x1a7 Libraries\STM32F4xx_StdPeriph_Driver\src\stm32f4xx_gpio.o
 .debug_abbrev  0x000017d9      0x159 Libraries\STM32F4xx_StdPeriph_Driver\src\stm32f4xx_dma.o
 .debug_abbrev  0x00001932      0x18b Libraries\STM32F4xx_StdPeriph_Driver\src\stm32f4xx_dcmi.o
 .debug_abbrev  0x00001abd      0x12b Libraries\STM32F4xx_StdPeriph_Driver\src\misc.o

.debug_loc      0x00000000     0x4bed
 .debug_loc     0x00000000      0x424 src\uart.o
 .debug_loc     0x00000424      0x220 src\tiny_printf.o
 .debug_loc     0x00000644       0x9c src\system_stm32f4xx.o
 .debug_loc     0x000006e0      0x18c src\stm32f4xx_it.o
 .debug_loc     0x0000086c      0x369 src\main.o
 .debug_loc     0x00000bd5       0xa8 src\i2c.o
 .debug_loc     0x00000c7d       0xe0 src\gpio.o
 .debug_loc     0x00000d5d      0x1e0 src\event_timer.o
 .debug_loc     0x00000f3d       0x38 src\clock.o
 .debug_loc     0x00000f75      0x39c src\camera.o
 .debug_loc     0x00001311      0x658 Libraries\STM32F4xx_StdPeriph_Driver\src\stm32f4xx_usart.o
 .debug_loc     0x00001969     0x1420 Libraries\STM32F4xx_StdPeriph_Driver\src\stm32f4xx_tim.o
 .debug_loc     0x00002d89      0xb3c Libraries\STM32F4xx_StdPeriph_Driver\src\stm32f4xx_rcc.o
 .debug_loc     0x000038c5      0x7a8 Libraries\STM32F4xx_StdPeriph_Driver\src\stm32f4xx_i2c.o
 .debug_loc     0x0000406d      0x310 Libraries\STM32F4xx_StdPeriph_Driver\src\stm32f4xx_gpio.o
 .debug_loc     0x0000437d      0x428 Libraries\STM32F4xx_StdPeriph_Driver\src\stm32f4xx_dma.o
 .debug_loc     0x000047a5      0x330 Libraries\STM32F4xx_StdPeriph_Driver\src\stm32f4xx_dcmi.o
 .debug_loc     0x00004ad5      0x118 Libraries\STM32F4xx_StdPeriph_Driver\src\misc.o

.debug_aranges  0x00000000      0xce8
 .debug_aranges
                0x00000000       0xb8 src\uart.o
 .debug_aranges
                0x000000b8       0x60 src\tiny_printf.o
 .debug_aranges
                0x00000118       0x30 src\system_stm32f4xx.o
 .debug_aranges
                0x00000148       0x60 src\stm32f4xx_it.o
 .debug_aranges
                0x000001a8       0x28 src\startup_stm32f429x.o
 .debug_aranges
                0x000001d0       0xa0 src\main.o
 .debug_aranges
                0x00000270       0x30 src\i2c.o
 .debug_aranges
                0x000002a0       0x38 src\gpio.o
 .debug_aranges
                0x000002d8       0x60 src\event_timer.o
 .debug_aranges
                0x00000338       0x20 src\clock.o
 .debug_aranges
                0x00000358       0xa8 src\camera.o
 .debug_aranges
                0x00000400      0x100 Libraries\STM32F4xx_StdPeriph_Driver\src\stm32f4xx_usart.o
 .debug_aranges
                0x00000500      0x2f8 Libraries\STM32F4xx_StdPeriph_Driver\src\stm32f4xx_tim.o
 .debug_aranges
                0x000007f8      0x1b8 Libraries\STM32F4xx_StdPeriph_Driver\src\stm32f4xx_rcc.o
 .debug_aranges
                0x000009b0      0x130 Libraries\STM32F4xx_StdPeriph_Driver\src\stm32f4xx_i2c.o
 .debug_aranges
                0x00000ae0       0x88 Libraries\STM32F4xx_StdPeriph_Driver\src\stm32f4xx_gpio.o
 .debug_aranges
                0x00000b68       0xb0 Libraries\STM32F4xx_StdPeriph_Driver\src\stm32f4xx_dma.o
 .debug_aranges
                0x00000c18       0x90 Libraries\STM32F4xx_StdPeriph_Driver\src\stm32f4xx_dcmi.o
 .debug_aranges
                0x00000ca8       0x40 Libraries\STM32F4xx_StdPeriph_Driver\src\misc.o

.debug_ranges   0x00000000      0xbc0
 .debug_ranges  0x00000000       0xa8 src\uart.o
 .debug_ranges  0x000000a8       0x50 src\tiny_printf.o
 .debug_ranges  0x000000f8       0x20 src\system_stm32f4xx.o
 .debug_ranges  0x00000118       0x50 src\stm32f4xx_it.o
 .debug_ranges  0x00000168       0x20 src\startup_stm32f429x.o
 .debug_ranges  0x00000188       0x90 src\main.o
 .debug_ranges  0x00000218       0x20 src\i2c.o
 .debug_ranges  0x00000238       0x28 src\gpio.o
 .debug_ranges  0x00000260       0x50 src\event_timer.o
 .debug_ranges  0x000002b0       0x10 src\clock.o
 .debug_ranges  0x000002c0       0x98 src\camera.o
 .debug_ranges  0x00000358       0xf0 Libraries\STM32F4xx_StdPeriph_Driver\src\stm32f4xx_usart.o
 .debug_ranges  0x00000448      0x2e8 Libraries\STM32F4xx_StdPeriph_Driver\src\stm32f4xx_tim.o
 .debug_ranges  0x00000730      0x1a8 Libraries\STM32F4xx_StdPeriph_Driver\src\stm32f4xx_rcc.o
 .debug_ranges  0x000008d8      0x120 Libraries\STM32F4xx_StdPeriph_Driver\src\stm32f4xx_i2c.o
 .debug_ranges  0x000009f8       0x78 Libraries\STM32F4xx_StdPeriph_Driver\src\stm32f4xx_gpio.o
 .debug_ranges  0x00000a70       0xa0 Libraries\STM32F4xx_StdPeriph_Driver\src\stm32f4xx_dma.o
 .debug_ranges  0x00000b10       0x80 Libraries\STM32F4xx_StdPeriph_Driver\src\stm32f4xx_dcmi.o
 .debug_ranges  0x00000b90       0x30 Libraries\STM32F4xx_StdPeriph_Driver\src\misc.o

.debug_line     0x00000000     0x3ff6
 .debug_line    0x00000000      0x3ce src\uart.o
 .debug_line    0x000003ce      0x339 src\tiny_printf.o
 .debug_line    0x00000707      0x1b8 src\system_stm32f4xx.o
 .debug_line    0x000008bf      0x1b0 src\stm32f4xx_it.o
 .debug_line    0x00000a6f       0x7a src\startup_stm32f429x.o
 .debug_line    0x00000ae9      0x4fe src\main.o
 .debug_line    0x00000fe7      0x23b src\i2c.o
 .debug_line    0x00001222      0x1ee src\gpio.o
 .debug_line    0x00001410      0x1dd src\event_timer.o
 .debug_line    0x000015ed      0x1a1 src\clock.o
 .debug_line    0x0000178e      0x416 src\camera.o
 .debug_line    0x00001ba4      0x452 Libraries\STM32F4xx_StdPeriph_Driver\src\stm32f4xx_usart.o
 .debug_line    0x00001ff6      0xa21 Libraries\STM32F4xx_StdPeriph_Driver\src\stm32f4xx_tim.o
 .debug_line    0x00002a17      0x5ec Libraries\STM32F4xx_StdPeriph_Driver\src\stm32f4xx_rcc.o
 .debug_line    0x00003003      0x4ae Libraries\STM32F4xx_StdPeriph_Driver\src\stm32f4xx_i2c.o
 .debug_line    0x000034b1      0x2ed Libraries\STM32F4xx_StdPeriph_Driver\src\stm32f4xx_gpio.o
 .debug_line    0x0000379e      0x384 Libraries\STM32F4xx_StdPeriph_Driver\src\stm32f4xx_dma.o
 .debug_line    0x00003b22      0x2e7 Libraries\STM32F4xx_StdPeriph_Driver\src\stm32f4xx_dcmi.o
 .debug_line    0x00003e09      0x1ed Libraries\STM32F4xx_StdPeriph_Driver\src\misc.o

.debug_str      0x00000000     0x3c3c
 .debug_str     0x00000000      0xc98 src\uart.o
                                0xd0b (size before relaxing)
 .debug_str     0x00000c98      0x427 src\tiny_printf.o
                                0x5a4 (size before relaxing)
 .debug_str     0x000010bf      0x1d2 src\system_stm32f4xx.o
                                0x38c (size before relaxing)
 .debug_str     0x00001291       0xd1 src\stm32f4xx_it.o
                                0x20d (size before relaxing)
 .debug_str     0x00001362      0x228 src\main.o
                                0xdfb (size before relaxing)
 .debug_str     0x0000158a       0xef src\i2c.o
                                0x434 (size before relaxing)
 .debug_str     0x00001679       0x7e src\gpio.o
                                0x3c5 (size before relaxing)
 .debug_str     0x000016f7       0xef src\event_timer.o
                                0x25b (size before relaxing)
 .debug_str     0x000017e6      0x190 src\clock.o
                                0x4ee (size before relaxing)
 .debug_str     0x00001976      0x347 src\camera.o
                                0xe5f (size before relaxing)
 .debug_str     0x00001cbd      0x3b7 Libraries\STM32F4xx_StdPeriph_Driver\src\stm32f4xx_usart.o
                                0x676 (size before relaxing)
 .debug_str     0x00002074      0x9f1 Libraries\STM32F4xx_StdPeriph_Driver\src\stm32f4xx_tim.o
                                0xdb7 (size before relaxing)
 .debug_str     0x00002a65      0x639 Libraries\STM32F4xx_StdPeriph_Driver\src\stm32f4xx_rcc.o
                                0x984 (size before relaxing)
 .debug_str     0x0000309e      0x36f Libraries\STM32F4xx_StdPeriph_Driver\src\stm32f4xx_i2c.o
                                0x699 (size before relaxing)
 .debug_str     0x0000340d      0x180 Libraries\STM32F4xx_StdPeriph_Driver\src\stm32f4xx_gpio.o
                                0x48a (size before relaxing)
 .debug_str     0x0000358d      0x355 Libraries\STM32F4xx_StdPeriph_Driver\src\stm32f4xx_dma.o
                                0x533 (size before relaxing)
 .debug_str     0x000038e2      0x254 Libraries\STM32F4xx_StdPeriph_Driver\src\stm32f4xx_dcmi.o
                                0x4c0 (size before relaxing)
 .debug_str     0x00003b36      0x106 Libraries\STM32F4xx_StdPeriph_Driver\src\misc.o
                                0x3c0 (size before relaxing)

.comment        0x00000000       0x83
 .comment       0x00000000       0x83 src\uart.o
                                 0x84 (size before relaxing)
 .comment       0x00000000       0x84 src\tiny_printf.o
 .comment       0x00000000       0x84 src\system_stm32f4xx.o
 .comment       0x00000000       0x84 src\stm32f4xx_it.o
 .comment       0x00000000       0x84 src\main.o
 .comment       0x00000000       0x84 src\i2c.o
 .comment       0x00000000       0x84 src\gpio.o
 .comment       0x00000000       0x84 src\event_timer.o
 .comment       0x00000000       0x84 src\clock.o
 .comment       0x00000000       0x84 src\camera.o
 .comment       0x00000000       0x84 Libraries\STM32F4xx_StdPeriph_Driver\src\stm32f4xx_usart.o
 .comment       0x00000000       0x84 Libraries\STM32F4xx_StdPeriph_Driver\src\stm32f4xx_tim.o
 .comment       0x00000000       0x84 Libraries\STM32F4xx_StdPeriph_Driver\src\stm32f4xx_rcc.o
 .comment       0x00000000       0x84 Libraries\STM32F4xx_StdPeriph_Driver\src\stm32f4xx_i2c.o
 .comment       0x00000000       0x84 Libraries\STM32F4xx_StdPeriph_Driver\src\stm32f4xx_gpio.o
 .comment       0x00000000       0x84 Libraries\STM32F4xx_StdPeriph_Driver\src\stm32f4xx_dma.o
 .comment       0x00000000       0x84 Libraries\STM32F4xx_StdPeriph_Driver\src\stm32f4xx_dcmi.o
 .comment       0x00000000       0x84 Libraries\STM32F4xx_StdPeriph_Driver\src\misc.o

.debug_frame    0x00000000     0x2b88
 .debug_frame   0x00000000      0x268 src\uart.o
 .debug_frame   0x00000268      0x154 src\tiny_printf.o
 .debug_frame   0x000003bc       0x64 src\system_stm32f4xx.o
 .debug_frame   0x00000420       0xec src\stm32f4xx_it.o
 .debug_frame   0x0000050c      0x210 src\main.o
 .debug_frame   0x0000071c       0x70 src\i2c.o
 .debug_frame   0x0000078c       0x90 src\gpio.o
 .debug_frame   0x0000081c      0x104 src\event_timer.o
 .debug_frame   0x00000920       0x30 src\clock.o
 .debug_frame   0x00000950      0x21c src\camera.o
 .debug_frame   0x00000b6c      0x344 Libraries\STM32F4xx_StdPeriph_Driver\src\stm32f4xx_usart.o
 .debug_frame   0x00000eb0      0xa3c Libraries\STM32F4xx_StdPeriph_Driver\src\stm32f4xx_tim.o
 .debug_frame   0x000018ec      0x5b8 Libraries\STM32F4xx_StdPeriph_Driver\src\stm32f4xx_rcc.o
 .debug_frame   0x00001ea4      0x3ec Libraries\STM32F4xx_StdPeriph_Driver\src\stm32f4xx_i2c.o
 .debug_frame   0x00002290      0x19c Libraries\STM32F4xx_StdPeriph_Driver\src\stm32f4xx_gpio.o
 .debug_frame   0x0000242c      0x224 Libraries\STM32F4xx_StdPeriph_Driver\src\stm32f4xx_dma.o
 .debug_frame   0x00002650      0x1ac Libraries\STM32F4xx_StdPeriph_Driver\src\stm32f4xx_dcmi.o
 .debug_frame   0x000027fc       0x9c Libraries\STM32F4xx_StdPeriph_Driver\src\misc.o
 .debug_frame   0x00002898       0x2c c:/program files/atollic/truestudio for arm lite 5.0.0/armtools/bin/../lib/gcc/arm-atollic-eabi/4.7.3/../../../../arm-atollic-eabi/lib/armv7e-m/fpu\libc_s.a(lib_a-init.o)
 .debug_frame   0x000028c4       0x30 c:/program files/atollic/truestudio for arm lite 5.0.0/armtools/bin/../lib/gcc/arm-atollic-eabi/4.7.3/../../../../arm-atollic-eabi/lib/armv7e-m/fpu\libc_s.a(lib_a-malloc.o)
 .debug_frame   0x000028f4       0x2c c:/program files/atollic/truestudio for arm lite 5.0.0/armtools/bin/../lib/gcc/arm-atollic-eabi/4.7.3/../../../../arm-atollic-eabi/lib/armv7e-m/fpu\libc_s.a(lib_a-mallocr.o)
 .debug_frame   0x00002920       0x20 c:/program files/atollic/truestudio for arm lite 5.0.0/armtools/bin/../lib/gcc/arm-atollic-eabi/4.7.3/../../../../arm-atollic-eabi/lib/armv7e-m/fpu\libc_s.a(lib_a-memset.o)
 .debug_frame   0x00002940       0x2c c:/program files/atollic/truestudio for arm lite 5.0.0/armtools/bin/../lib/gcc/arm-atollic-eabi/4.7.3/../../../../arm-atollic-eabi/lib/armv7e-m/fpu\libc_s.a(lib_a-sbrkr.o)
 .debug_frame   0x0000296c       0x20 c:/program files/atollic/truestudio for arm lite 5.0.0/armtools/bin/../lib/gcc/arm-atollic-eabi/4.7.3/../../../../arm-atollic-eabi/lib/armv7e-m/fpu\libc_s.a(lib_a-strcmp.o)
 .debug_frame   0x0000298c       0x20 c:/program files/atollic/truestudio for arm lite 5.0.0/armtools/bin/../lib/gcc/arm-atollic-eabi/4.7.3/../../../../arm-atollic-eabi/lib/armv7e-m/fpu\libc_s.a(lib_a-strlen.o)
 .debug_frame   0x000029ac       0x2c c:/program files/atollic/truestudio for arm lite 5.0.0/armtools/bin/../lib/gcc/arm-atollic-eabi/4.7.3/../../../../arm-atollic-eabi/lib/armv7e-m/fpu\libc_s.a(lib_a-strncmp.o)
 .debug_frame   0x000029d8      0x14c c:/program files/atollic/truestudio for arm lite 5.0.0/armtools/bin/../lib/gcc/arm-atollic-eabi/4.7.3/../../../../arm-atollic-eabi/lib/armv7e-m/fpu\libc_s.a(lib_a-syscalls.o)
 .debug_frame   0x00002b24       0x64 c:/program files/atollic/truestudio for arm lite 5.0.0/armtools/bin/../lib/gcc/arm-atollic-eabi/4.7.3/../../../../arm-atollic-eabi/lib/armv7e-m/fpu\libc_s.a(lib_a-reent.o)

Cross Reference Table

Symbol                                            File
ADC_AnalogWatchdogCmd                             Libraries\STM32F4xx_StdPeriph_Driver\src\stm32f4xx_adc.o
ADC_AnalogWatchdogSingleChannelConfig             Libraries\STM32F4xx_StdPeriph_Driver\src\stm32f4xx_adc.o
ADC_AnalogWatchdogThresholdsConfig                Libraries\STM32F4xx_StdPeriph_Driver\src\stm32f4xx_adc.o
ADC_AutoInjectedConvCmd                           Libraries\STM32F4xx_StdPeriph_Driver\src\stm32f4xx_adc.o
ADC_ClearFlag                                     Libraries\STM32F4xx_StdPeriph_Driver\src\stm32f4xx_adc.o
ADC_ClearITPendingBit                             Libraries\STM32F4xx_StdPeriph_Driver\src\stm32f4xx_adc.o
ADC_Cmd                                           Libraries\STM32F4xx_StdPeriph_Driver\src\stm32f4xx_adc.o
ADC_CommonInit                                    Libraries\STM32F4xx_StdPeriph_Driver\src\stm32f4xx_adc.o
ADC_CommonStructInit                              Libraries\STM32F4xx_StdPeriph_Driver\src\stm32f4xx_adc.o
ADC_ContinuousModeCmd                             Libraries\STM32F4xx_StdPeriph_Driver\src\stm32f4xx_adc.o
ADC_DMACmd                                        Libraries\STM32F4xx_StdPeriph_Driver\src\stm32f4xx_adc.o
ADC_DMARequestAfterLastTransferCmd                Libraries\STM32F4xx_StdPeriph_Driver\src\stm32f4xx_adc.o
ADC_DeInit                                        Libraries\STM32F4xx_StdPeriph_Driver\src\stm32f4xx_adc.o
ADC_DiscModeChannelCountConfig                    Libraries\STM32F4xx_StdPeriph_Driver\src\stm32f4xx_adc.o
ADC_DiscModeCmd                                   Libraries\STM32F4xx_StdPeriph_Driver\src\stm32f4xx_adc.o
ADC_EOCOnEachRegularChannelCmd                    Libraries\STM32F4xx_StdPeriph_Driver\src\stm32f4xx_adc.o
ADC_ExternalTrigInjectedConvConfig                Libraries\STM32F4xx_StdPeriph_Driver\src\stm32f4xx_adc.o
ADC_ExternalTrigInjectedConvEdgeConfig            Libraries\STM32F4xx_StdPeriph_Driver\src\stm32f4xx_adc.o
ADC_GetConversionValue                            Libraries\STM32F4xx_StdPeriph_Driver\src\stm32f4xx_adc.o
ADC_GetFlagStatus                                 Libraries\STM32F4xx_StdPeriph_Driver\src\stm32f4xx_adc.o
ADC_GetITStatus                                   Libraries\STM32F4xx_StdPeriph_Driver\src\stm32f4xx_adc.o
ADC_GetInjectedConversionValue                    Libraries\STM32F4xx_StdPeriph_Driver\src\stm32f4xx_adc.o
ADC_GetMultiModeConversionValue                   Libraries\STM32F4xx_StdPeriph_Driver\src\stm32f4xx_adc.o
ADC_GetSoftwareStartConvStatus                    Libraries\STM32F4xx_StdPeriph_Driver\src\stm32f4xx_adc.o
ADC_GetSoftwareStartInjectedConvCmdStatus         Libraries\STM32F4xx_StdPeriph_Driver\src\stm32f4xx_adc.o
ADC_IRQHandler                                    src\startup_stm32f429x.o
ADC_ITConfig                                      Libraries\STM32F4xx_StdPeriph_Driver\src\stm32f4xx_adc.o
ADC_Init                                          Libraries\STM32F4xx_StdPeriph_Driver\src\stm32f4xx_adc.o
ADC_InjectedChannelConfig                         Libraries\STM32F4xx_StdPeriph_Driver\src\stm32f4xx_adc.o
ADC_InjectedDiscModeCmd                           Libraries\STM32F4xx_StdPeriph_Driver\src\stm32f4xx_adc.o
ADC_InjectedSequencerLengthConfig                 Libraries\STM32F4xx_StdPeriph_Driver\src\stm32f4xx_adc.o
ADC_MultiModeDMARequestAfterLastTransferCmd       Libraries\STM32F4xx_StdPeriph_Driver\src\stm32f4xx_adc.o
ADC_RegularChannelConfig                          Libraries\STM32F4xx_StdPeriph_Driver\src\stm32f4xx_adc.o
ADC_SetInjectedOffset                             Libraries\STM32F4xx_StdPeriph_Driver\src\stm32f4xx_adc.o
ADC_SoftwareStartConv                             Libraries\STM32F4xx_StdPeriph_Driver\src\stm32f4xx_adc.o
ADC_SoftwareStartInjectedConv                     Libraries\STM32F4xx_StdPeriph_Driver\src\stm32f4xx_adc.o
ADC_StructInit                                    Libraries\STM32F4xx_StdPeriph_Driver\src\stm32f4xx_adc.o
ADC_TempSensorVrefintCmd                          Libraries\STM32F4xx_StdPeriph_Driver\src\stm32f4xx_adc.o
ADC_VBATCmd                                       Libraries\STM32F4xx_StdPeriph_Driver\src\stm32f4xx_adc.o
AHBPrescTable                                     src\system_stm32f4xx.o
BusFault_Handler                                  src\stm32f4xx_it.o
CAN1_RX0_IRQHandler                               src\startup_stm32f429x.o
CAN1_RX1_IRQHandler                               src\startup_stm32f429x.o
CAN1_SCE_IRQHandler                               src\startup_stm32f429x.o
CAN1_TX_IRQHandler                                src\startup_stm32f429x.o
CAN2_RX0_IRQHandler                               src\startup_stm32f429x.o
CAN2_RX1_IRQHandler                               src\startup_stm32f429x.o
CAN2_SCE_IRQHandler                               src\startup_stm32f429x.o
CAN2_TX_IRQHandler                                src\startup_stm32f429x.o
CAN_CancelTransmit                                Libraries\STM32F4xx_StdPeriph_Driver\src\stm32f4xx_can.o
CAN_ClearFlag                                     Libraries\STM32F4xx_StdPeriph_Driver\src\stm32f4xx_can.o
CAN_ClearITPendingBit                             Libraries\STM32F4xx_StdPeriph_Driver\src\stm32f4xx_can.o
CAN_DBGFreeze                                     Libraries\STM32F4xx_StdPeriph_Driver\src\stm32f4xx_can.o
CAN_DeInit                                        Libraries\STM32F4xx_StdPeriph_Driver\src\stm32f4xx_can.o
CAN_FIFORelease                                   Libraries\STM32F4xx_StdPeriph_Driver\src\stm32f4xx_can.o
CAN_FilterInit                                    Libraries\STM32F4xx_StdPeriph_Driver\src\stm32f4xx_can.o
CAN_GetFlagStatus                                 Libraries\STM32F4xx_StdPeriph_Driver\src\stm32f4xx_can.o
CAN_GetITStatus                                   Libraries\STM32F4xx_StdPeriph_Driver\src\stm32f4xx_can.o
CAN_GetLSBTransmitErrorCounter                    Libraries\STM32F4xx_StdPeriph_Driver\src\stm32f4xx_can.o
CAN_GetLastErrorCode                              Libraries\STM32F4xx_StdPeriph_Driver\src\stm32f4xx_can.o
CAN_GetReceiveErrorCounter                        Libraries\STM32F4xx_StdPeriph_Driver\src\stm32f4xx_can.o
CAN_ITConfig                                      Libraries\STM32F4xx_StdPeriph_Driver\src\stm32f4xx_can.o
CAN_Init                                          Libraries\STM32F4xx_StdPeriph_Driver\src\stm32f4xx_can.o
CAN_MessagePending                                Libraries\STM32F4xx_StdPeriph_Driver\src\stm32f4xx_can.o
CAN_OperatingModeRequest                          Libraries\STM32F4xx_StdPeriph_Driver\src\stm32f4xx_can.o
CAN_Receive                                       Libraries\STM32F4xx_StdPeriph_Driver\src\stm32f4xx_can.o
CAN_SlaveStartBank                                Libraries\STM32F4xx_StdPeriph_Driver\src\stm32f4xx_can.o
CAN_Sleep                                         Libraries\STM32F4xx_StdPeriph_Driver\src\stm32f4xx_can.o
CAN_StructInit                                    Libraries\STM32F4xx_StdPeriph_Driver\src\stm32f4xx_can.o
CAN_TTComModeCmd                                  Libraries\STM32F4xx_StdPeriph_Driver\src\stm32f4xx_can.o
CAN_Transmit                                      Libraries\STM32F4xx_StdPeriph_Driver\src\stm32f4xx_can.o
CAN_TransmitStatus                                Libraries\STM32F4xx_StdPeriph_Driver\src\stm32f4xx_can.o
CAN_WakeUp                                        Libraries\STM32F4xx_StdPeriph_Driver\src\stm32f4xx_can.o
CRC_CalcBlockCRC                                  Libraries\STM32F4xx_StdPeriph_Driver\src\stm32f4xx_crc.o
CRC_CalcCRC                                       Libraries\STM32F4xx_StdPeriph_Driver\src\stm32f4xx_crc.o
CRC_GetCRC                                        Libraries\STM32F4xx_StdPeriph_Driver\src\stm32f4xx_crc.o
CRC_GetIDRegister                                 Libraries\STM32F4xx_StdPeriph_Driver\src\stm32f4xx_crc.o
CRC_ResetDR                                       Libraries\STM32F4xx_StdPeriph_Driver\src\stm32f4xx_crc.o
CRC_SetIDRegister                                 Libraries\STM32F4xx_StdPeriph_Driver\src\stm32f4xx_crc.o
CRYP_AES_CBC                                      Libraries\STM32F4xx_StdPeriph_Driver\src\stm32f4xx_cryp_aes.o
CRYP_AES_CCM                                      Libraries\STM32F4xx_StdPeriph_Driver\src\stm32f4xx_cryp_aes.o
CRYP_AES_CTR                                      Libraries\STM32F4xx_StdPeriph_Driver\src\stm32f4xx_cryp_aes.o
CRYP_AES_ECB                                      Libraries\STM32F4xx_StdPeriph_Driver\src\stm32f4xx_cryp_aes.o
CRYP_AES_GCM                                      Libraries\STM32F4xx_StdPeriph_Driver\src\stm32f4xx_cryp_aes.o
CRYP_Cmd                                          Libraries\STM32F4xx_StdPeriph_Driver\src\stm32f4xx_cryp.o
                                                  Libraries\STM32F4xx_StdPeriph_Driver\src\stm32f4xx_cryp_aes.o
                                                  Libraries\STM32F4xx_StdPeriph_Driver\src\stm32f4xx_cryp_des.o
                                                  Libraries\STM32F4xx_StdPeriph_Driver\src\stm32f4xx_cryp_tdes.o
CRYP_DES_CBC                                      Libraries\STM32F4xx_StdPeriph_Driver\src\stm32f4xx_cryp_des.o
CRYP_DES_ECB                                      Libraries\STM32F4xx_StdPeriph_Driver\src\stm32f4xx_cryp_des.o
CRYP_DMACmd                                       Libraries\STM32F4xx_StdPeriph_Driver\src\stm32f4xx_cryp.o
CRYP_DataIn                                       Libraries\STM32F4xx_StdPeriph_Driver\src\stm32f4xx_cryp.o
                                                  Libraries\STM32F4xx_StdPeriph_Driver\src\stm32f4xx_cryp_aes.o
                                                  Libraries\STM32F4xx_StdPeriph_Driver\src\stm32f4xx_cryp_des.o
                                                  Libraries\STM32F4xx_StdPeriph_Driver\src\stm32f4xx_cryp_tdes.o
CRYP_DataOut                                      Libraries\STM32F4xx_StdPeriph_Driver\src\stm32f4xx_cryp.o
                                                  Libraries\STM32F4xx_StdPeriph_Driver\src\stm32f4xx_cryp_aes.o
                                                  Libraries\STM32F4xx_StdPeriph_Driver\src\stm32f4xx_cryp_des.o
                                                  Libraries\STM32F4xx_StdPeriph_Driver\src\stm32f4xx_cryp_tdes.o
CRYP_DeInit                                       Libraries\STM32F4xx_StdPeriph_Driver\src\stm32f4xx_cryp.o
CRYP_FIFOFlush                                    Libraries\STM32F4xx_StdPeriph_Driver\src\stm32f4xx_cryp.o
                                                  Libraries\STM32F4xx_StdPeriph_Driver\src\stm32f4xx_cryp_aes.o
                                                  Libraries\STM32F4xx_StdPeriph_Driver\src\stm32f4xx_cryp_des.o
                                                  Libraries\STM32F4xx_StdPeriph_Driver\src\stm32f4xx_cryp_tdes.o
CRYP_GetCmdStatus                                 Libraries\STM32F4xx_StdPeriph_Driver\src\stm32f4xx_cryp.o
                                                  Libraries\STM32F4xx_StdPeriph_Driver\src\stm32f4xx_cryp_aes.o
                                                  Libraries\STM32F4xx_StdPeriph_Driver\src\stm32f4xx_cryp_des.o
                                                  Libraries\STM32F4xx_StdPeriph_Driver\src\stm32f4xx_cryp_tdes.o
CRYP_GetFlagStatus                                Libraries\STM32F4xx_StdPeriph_Driver\src\stm32f4xx_cryp.o
                                                  Libraries\STM32F4xx_StdPeriph_Driver\src\stm32f4xx_cryp_aes.o
                                                  Libraries\STM32F4xx_StdPeriph_Driver\src\stm32f4xx_cryp_des.o
                                                  Libraries\STM32F4xx_StdPeriph_Driver\src\stm32f4xx_cryp_tdes.o
CRYP_GetITStatus                                  Libraries\STM32F4xx_StdPeriph_Driver\src\stm32f4xx_cryp.o
CRYP_IRQHandler                                   src\startup_stm32f429x.o
CRYP_ITConfig                                     Libraries\STM32F4xx_StdPeriph_Driver\src\stm32f4xx_cryp.o
CRYP_IVInit                                       Libraries\STM32F4xx_StdPeriph_Driver\src\stm32f4xx_cryp.o
                                                  Libraries\STM32F4xx_StdPeriph_Driver\src\stm32f4xx_cryp_aes.o
                                                  Libraries\STM32F4xx_StdPeriph_Driver\src\stm32f4xx_cryp_des.o
                                                  Libraries\STM32F4xx_StdPeriph_Driver\src\stm32f4xx_cryp_tdes.o
CRYP_IVStructInit                                 Libraries\STM32F4xx_StdPeriph_Driver\src\stm32f4xx_cryp.o
CRYP_Init                                         Libraries\STM32F4xx_StdPeriph_Driver\src\stm32f4xx_cryp.o
                                                  Libraries\STM32F4xx_StdPeriph_Driver\src\stm32f4xx_cryp_aes.o
                                                  Libraries\STM32F4xx_StdPeriph_Driver\src\stm32f4xx_cryp_des.o
                                                  Libraries\STM32F4xx_StdPeriph_Driver\src\stm32f4xx_cryp_tdes.o
CRYP_KeyInit                                      Libraries\STM32F4xx_StdPeriph_Driver\src\stm32f4xx_cryp.o
                                                  Libraries\STM32F4xx_StdPeriph_Driver\src\stm32f4xx_cryp_aes.o
                                                  Libraries\STM32F4xx_StdPeriph_Driver\src\stm32f4xx_cryp_des.o
                                                  Libraries\STM32F4xx_StdPeriph_Driver\src\stm32f4xx_cryp_tdes.o
CRYP_KeyStructInit                                Libraries\STM32F4xx_StdPeriph_Driver\src\stm32f4xx_cryp.o
                                                  Libraries\STM32F4xx_StdPeriph_Driver\src\stm32f4xx_cryp_aes.o
                                                  Libraries\STM32F4xx_StdPeriph_Driver\src\stm32f4xx_cryp_des.o
                                                  Libraries\STM32F4xx_StdPeriph_Driver\src\stm32f4xx_cryp_tdes.o
CRYP_PhaseConfig                                  Libraries\STM32F4xx_StdPeriph_Driver\src\stm32f4xx_cryp.o
                                                  Libraries\STM32F4xx_StdPeriph_Driver\src\stm32f4xx_cryp_aes.o
CRYP_RestoreContext                               Libraries\STM32F4xx_StdPeriph_Driver\src\stm32f4xx_cryp.o
CRYP_SaveContext                                  Libraries\STM32F4xx_StdPeriph_Driver\src\stm32f4xx_cryp.o
CRYP_StructInit                                   Libraries\STM32F4xx_StdPeriph_Driver\src\stm32f4xx_cryp.o
CRYP_TDES_CBC                                     Libraries\STM32F4xx_StdPeriph_Driver\src\stm32f4xx_cryp_tdes.o
CRYP_TDES_ECB                                     Libraries\STM32F4xx_StdPeriph_Driver\src\stm32f4xx_cryp_tdes.o
DAC_ClearFlag                                     Libraries\STM32F4xx_StdPeriph_Driver\src\stm32f4xx_dac.o
DAC_ClearITPendingBit                             Libraries\STM32F4xx_StdPeriph_Driver\src\stm32f4xx_dac.o
DAC_Cmd                                           Libraries\STM32F4xx_StdPeriph_Driver\src\stm32f4xx_dac.o
DAC_DMACmd                                        Libraries\STM32F4xx_StdPeriph_Driver\src\stm32f4xx_dac.o
DAC_DeInit                                        Libraries\STM32F4xx_StdPeriph_Driver\src\stm32f4xx_dac.o
DAC_DualSoftwareTriggerCmd                        Libraries\STM32F4xx_StdPeriph_Driver\src\stm32f4xx_dac.o
DAC_GetDataOutputValue                            Libraries\STM32F4xx_StdPeriph_Driver\src\stm32f4xx_dac.o
DAC_GetFlagStatus                                 Libraries\STM32F4xx_StdPeriph_Driver\src\stm32f4xx_dac.o
DAC_GetITStatus                                   Libraries\STM32F4xx_StdPeriph_Driver\src\stm32f4xx_dac.o
DAC_ITConfig                                      Libraries\STM32F4xx_StdPeriph_Driver\src\stm32f4xx_dac.o
DAC_Init                                          Libraries\STM32F4xx_StdPeriph_Driver\src\stm32f4xx_dac.o
DAC_SetChannel1Data                               Libraries\STM32F4xx_StdPeriph_Driver\src\stm32f4xx_dac.o
DAC_SetChannel2Data                               Libraries\STM32F4xx_StdPeriph_Driver\src\stm32f4xx_dac.o
DAC_SetDualChannelData                            Libraries\STM32F4xx_StdPeriph_Driver\src\stm32f4xx_dac.o
DAC_SoftwareTriggerCmd                            Libraries\STM32F4xx_StdPeriph_Driver\src\stm32f4xx_dac.o
DAC_StructInit                                    Libraries\STM32F4xx_StdPeriph_Driver\src\stm32f4xx_dac.o
DAC_WaveGenerationCmd                             Libraries\STM32F4xx_StdPeriph_Driver\src\stm32f4xx_dac.o
DBGMCU_APB1PeriphConfig                           Libraries\STM32F4xx_StdPeriph_Driver\src\stm32f4xx_dbgmcu.o
DBGMCU_APB2PeriphConfig                           Libraries\STM32F4xx_StdPeriph_Driver\src\stm32f4xx_dbgmcu.o
DBGMCU_Config                                     Libraries\STM32F4xx_StdPeriph_Driver\src\stm32f4xx_dbgmcu.o
DBGMCU_GetDEVID                                   Libraries\STM32F4xx_StdPeriph_Driver\src\stm32f4xx_dbgmcu.o
DBGMCU_GetREVID                                   Libraries\STM32F4xx_StdPeriph_Driver\src\stm32f4xx_dbgmcu.o
DCMI_CROPCmd                                      Libraries\STM32F4xx_StdPeriph_Driver\src\stm32f4xx_dcmi.o
DCMI_CROPConfig                                   Libraries\STM32F4xx_StdPeriph_Driver\src\stm32f4xx_dcmi.o
DCMI_CaptureCmd                                   Libraries\STM32F4xx_StdPeriph_Driver\src\stm32f4xx_dcmi.o
                                                  src\camera.o
DCMI_ClearFlag                                    Libraries\STM32F4xx_StdPeriph_Driver\src\stm32f4xx_dcmi.o
DCMI_ClearITPendingBit                            Libraries\STM32F4xx_StdPeriph_Driver\src\stm32f4xx_dcmi.o
                                                  src\camera.o
DCMI_Cmd                                          Libraries\STM32F4xx_StdPeriph_Driver\src\stm32f4xx_dcmi.o
                                                  src\camera.o
DCMI_DeInit                                       Libraries\STM32F4xx_StdPeriph_Driver\src\stm32f4xx_dcmi.o
DCMI_GetFlagStatus                                Libraries\STM32F4xx_StdPeriph_Driver\src\stm32f4xx_dcmi.o
DCMI_GetITStatus                                  Libraries\STM32F4xx_StdPeriph_Driver\src\stm32f4xx_dcmi.o
                                                  src\camera.o
DCMI_IRQHandler                                   src\camera.o
                                                  src\startup_stm32f429x.o
DCMI_ITConfig                                     Libraries\STM32F4xx_StdPeriph_Driver\src\stm32f4xx_dcmi.o
                                                  src\camera.o
DCMI_Init                                         Libraries\STM32F4xx_StdPeriph_Driver\src\stm32f4xx_dcmi.o
                                                  src\camera.o
DCMI_JPEGCmd                                      Libraries\STM32F4xx_StdPeriph_Driver\src\stm32f4xx_dcmi.o
DCMI_ReadData                                     Libraries\STM32F4xx_StdPeriph_Driver\src\stm32f4xx_dcmi.o
DCMI_SetEmbeddedSynchroCodes                      Libraries\STM32F4xx_StdPeriph_Driver\src\stm32f4xx_dcmi.o
DCMI_StructInit                                   Libraries\STM32F4xx_StdPeriph_Driver\src\stm32f4xx_dcmi.o
DMA1_Stream0_IRQHandler                           src\startup_stm32f429x.o
DMA1_Stream1_IRQHandler                           src\startup_stm32f429x.o
DMA1_Stream2_IRQHandler                           src\startup_stm32f429x.o
DMA1_Stream3_IRQHandler                           src\startup_stm32f429x.o
DMA1_Stream4_IRQHandler                           src\startup_stm32f429x.o
DMA1_Stream5_IRQHandler                           src\startup_stm32f429x.o
DMA1_Stream6_IRQHandler                           src\startup_stm32f429x.o
DMA1_Stream7_IRQHandler                           src\startup_stm32f429x.o
DMA2D_AbortTransfer                               Libraries\STM32F4xx_StdPeriph_Driver\src\stm32f4xx_dma2d.o
DMA2D_BGConfig                                    Libraries\STM32F4xx_StdPeriph_Driver\src\stm32f4xx_dma2d.o
DMA2D_BGStart                                     Libraries\STM32F4xx_StdPeriph_Driver\src\stm32f4xx_dma2d.o
DMA2D_BG_StructInit                               Libraries\STM32F4xx_StdPeriph_Driver\src\stm32f4xx_dma2d.o
DMA2D_ClearFlag                                   Libraries\STM32F4xx_StdPeriph_Driver\src\stm32f4xx_dma2d.o
DMA2D_ClearITPendingBit                           Libraries\STM32F4xx_StdPeriph_Driver\src\stm32f4xx_dma2d.o
DMA2D_DeInit                                      Libraries\STM32F4xx_StdPeriph_Driver\src\stm32f4xx_dma2d.o
DMA2D_DeadTimeConfig                              Libraries\STM32F4xx_StdPeriph_Driver\src\stm32f4xx_dma2d.o
DMA2D_FGConfig                                    Libraries\STM32F4xx_StdPeriph_Driver\src\stm32f4xx_dma2d.o
DMA2D_FGStart                                     Libraries\STM32F4xx_StdPeriph_Driver\src\stm32f4xx_dma2d.o
DMA2D_FG_StructInit                               Libraries\STM32F4xx_StdPeriph_Driver\src\stm32f4xx_dma2d.o
DMA2D_GetFlagStatus                               Libraries\STM32F4xx_StdPeriph_Driver\src\stm32f4xx_dma2d.o
DMA2D_GetITStatus                                 Libraries\STM32F4xx_StdPeriph_Driver\src\stm32f4xx_dma2d.o
DMA2D_IRQHandler                                  src\startup_stm32f429x.o
DMA2D_ITConfig                                    Libraries\STM32F4xx_StdPeriph_Driver\src\stm32f4xx_dma2d.o
DMA2D_Init                                        Libraries\STM32F4xx_StdPeriph_Driver\src\stm32f4xx_dma2d.o
DMA2D_LineWatermarkConfig                         Libraries\STM32F4xx_StdPeriph_Driver\src\stm32f4xx_dma2d.o
DMA2D_StartTransfer                               Libraries\STM32F4xx_StdPeriph_Driver\src\stm32f4xx_dma2d.o
DMA2D_StructInit                                  Libraries\STM32F4xx_StdPeriph_Driver\src\stm32f4xx_dma2d.o
DMA2D_Suspend                                     Libraries\STM32F4xx_StdPeriph_Driver\src\stm32f4xx_dma2d.o
DMA2_Stream0_IRQHandler                           src\startup_stm32f429x.o
DMA2_Stream1_IRQHandler                           src\camera.o
                                                  src\startup_stm32f429x.o
DMA2_Stream2_IRQHandler                           src\startup_stm32f429x.o
DMA2_Stream3_IRQHandler                           src\startup_stm32f429x.o
DMA2_Stream4_IRQHandler                           src\startup_stm32f429x.o
DMA2_Stream5_IRQHandler                           src\startup_stm32f429x.o
DMA2_Stream6_IRQHandler                           src\startup_stm32f429x.o
DMA2_Stream7_IRQHandler                           src\startup_stm32f429x.o
DMA_ClearFlag                                     Libraries\STM32F4xx_StdPeriph_Driver\src\stm32f4xx_dma.o
DMA_ClearITPendingBit                             Libraries\STM32F4xx_StdPeriph_Driver\src\stm32f4xx_dma.o
                                                  src\camera.o
DMA_Cmd                                           Libraries\STM32F4xx_StdPeriph_Driver\src\stm32f4xx_dma.o
DMA_DeInit                                        Libraries\STM32F4xx_StdPeriph_Driver\src\stm32f4xx_dma.o
DMA_DoubleBufferModeCmd                           Libraries\STM32F4xx_StdPeriph_Driver\src\stm32f4xx_dma.o
DMA_DoubleBufferModeConfig                        Libraries\STM32F4xx_StdPeriph_Driver\src\stm32f4xx_dma.o
DMA_FlowControllerConfig                          Libraries\STM32F4xx_StdPeriph_Driver\src\stm32f4xx_dma.o
DMA_GetCmdStatus                                  Libraries\STM32F4xx_StdPeriph_Driver\src\stm32f4xx_dma.o
DMA_GetCurrDataCounter                            Libraries\STM32F4xx_StdPeriph_Driver\src\stm32f4xx_dma.o
DMA_GetCurrentMemoryTarget                        Libraries\STM32F4xx_StdPeriph_Driver\src\stm32f4xx_dma.o
DMA_GetFIFOStatus                                 Libraries\STM32F4xx_StdPeriph_Driver\src\stm32f4xx_dma.o
DMA_GetFlagStatus                                 Libraries\STM32F4xx_StdPeriph_Driver\src\stm32f4xx_dma.o
DMA_GetITStatus                                   Libraries\STM32F4xx_StdPeriph_Driver\src\stm32f4xx_dma.o
                                                  src\camera.o
DMA_ITConfig                                      Libraries\STM32F4xx_StdPeriph_Driver\src\stm32f4xx_dma.o
DMA_Init                                          Libraries\STM32F4xx_StdPeriph_Driver\src\stm32f4xx_dma.o
DMA_MemoryTargetConfig                            Libraries\STM32F4xx_StdPeriph_Driver\src\stm32f4xx_dma.o
DMA_PeriphIncOffsetSizeConfig                     Libraries\STM32F4xx_StdPeriph_Driver\src\stm32f4xx_dma.o
DMA_SetCurrDataCounter                            Libraries\STM32F4xx_StdPeriph_Driver\src\stm32f4xx_dma.o
DMA_StructInit                                    Libraries\STM32F4xx_StdPeriph_Driver\src\stm32f4xx_dma.o
DebugMon_Handler                                  src\stm32f4xx_it.o
Default_Handler                                   src\startup_stm32f429x.o
ETH_IRQHandler                                    src\startup_stm32f429x.o
ETH_WKUP_IRQHandler                               src\startup_stm32f429x.o
EXTI0_IRQHandler                                  src\startup_stm32f429x.o
EXTI15_10_IRQHandler                              src\startup_stm32f429x.o
EXTI1_IRQHandler                                  src\startup_stm32f429x.o
EXTI2_IRQHandler                                  src\startup_stm32f429x.o
EXTI3_IRQHandler                                  src\startup_stm32f429x.o
EXTI4_IRQHandler                                  src\startup_stm32f429x.o
EXTI9_5_IRQHandler                                src\startup_stm32f429x.o
EXTI_ClearFlag                                    Libraries\STM32F4xx_StdPeriph_Driver\src\stm32f4xx_exti.o
EXTI_ClearITPendingBit                            Libraries\STM32F4xx_StdPeriph_Driver\src\stm32f4xx_exti.o
EXTI_DeInit                                       Libraries\STM32F4xx_StdPeriph_Driver\src\stm32f4xx_exti.o
EXTI_GenerateSWInterrupt                          Libraries\STM32F4xx_StdPeriph_Driver\src\stm32f4xx_exti.o
EXTI_GetFlagStatus                                Libraries\STM32F4xx_StdPeriph_Driver\src\stm32f4xx_exti.o
EXTI_GetITStatus                                  Libraries\STM32F4xx_StdPeriph_Driver\src\stm32f4xx_exti.o
EXTI_Init                                         Libraries\STM32F4xx_StdPeriph_Driver\src\stm32f4xx_exti.o
EXTI_StructInit                                   Libraries\STM32F4xx_StdPeriph_Driver\src\stm32f4xx_exti.o
FLASH_ClearFlag                                   Libraries\STM32F4xx_StdPeriph_Driver\src\stm32f4xx_flash.o
FLASH_DataCacheCmd                                Libraries\STM32F4xx_StdPeriph_Driver\src\stm32f4xx_flash.o
FLASH_DataCacheReset                              Libraries\STM32F4xx_StdPeriph_Driver\src\stm32f4xx_flash.o
FLASH_EraseAllBank1Sectors                        Libraries\STM32F4xx_StdPeriph_Driver\src\stm32f4xx_flash.o
FLASH_EraseAllBank2Sectors                        Libraries\STM32F4xx_StdPeriph_Driver\src\stm32f4xx_flash.o
FLASH_EraseAllSectors                             Libraries\STM32F4xx_StdPeriph_Driver\src\stm32f4xx_flash.o
FLASH_EraseSector                                 Libraries\STM32F4xx_StdPeriph_Driver\src\stm32f4xx_flash.o
FLASH_GetFlagStatus                               Libraries\STM32F4xx_StdPeriph_Driver\src\stm32f4xx_flash.o
FLASH_GetStatus                                   Libraries\STM32F4xx_StdPeriph_Driver\src\stm32f4xx_flash.o
FLASH_IRQHandler                                  src\startup_stm32f429x.o
FLASH_ITConfig                                    Libraries\STM32F4xx_StdPeriph_Driver\src\stm32f4xx_flash.o
FLASH_InstructionCacheCmd                         Libraries\STM32F4xx_StdPeriph_Driver\src\stm32f4xx_flash.o
FLASH_InstructionCacheReset                       Libraries\STM32F4xx_StdPeriph_Driver\src\stm32f4xx_flash.o
FLASH_Lock                                        Libraries\STM32F4xx_StdPeriph_Driver\src\stm32f4xx_flash.o
FLASH_OB_BORConfig                                Libraries\STM32F4xx_StdPeriph_Driver\src\stm32f4xx_flash.o
FLASH_OB_BootConfig                               Libraries\STM32F4xx_StdPeriph_Driver\src\stm32f4xx_flash.o
FLASH_OB_GetBOR                                   Libraries\STM32F4xx_StdPeriph_Driver\src\stm32f4xx_flash.o
FLASH_OB_GetPCROP                                 Libraries\STM32F4xx_StdPeriph_Driver\src\stm32f4xx_flash.o
FLASH_OB_GetPCROP1                                Libraries\STM32F4xx_StdPeriph_Driver\src\stm32f4xx_flash.o
FLASH_OB_GetRDP                                   Libraries\STM32F4xx_StdPeriph_Driver\src\stm32f4xx_flash.o
FLASH_OB_GetUser                                  Libraries\STM32F4xx_StdPeriph_Driver\src\stm32f4xx_flash.o
FLASH_OB_GetWRP                                   Libraries\STM32F4xx_StdPeriph_Driver\src\stm32f4xx_flash.o
FLASH_OB_GetWRP1                                  Libraries\STM32F4xx_StdPeriph_Driver\src\stm32f4xx_flash.o
FLASH_OB_Launch                                   Libraries\STM32F4xx_StdPeriph_Driver\src\stm32f4xx_flash.o
FLASH_OB_Lock                                     Libraries\STM32F4xx_StdPeriph_Driver\src\stm32f4xx_flash.o
FLASH_OB_PCROP1Config                             Libraries\STM32F4xx_StdPeriph_Driver\src\stm32f4xx_flash.o
FLASH_OB_PCROPConfig                              Libraries\STM32F4xx_StdPeriph_Driver\src\stm32f4xx_flash.o
FLASH_OB_PCROPSelectionConfig                     Libraries\STM32F4xx_StdPeriph_Driver\src\stm32f4xx_flash.o
FLASH_OB_RDPConfig                                Libraries\STM32F4xx_StdPeriph_Driver\src\stm32f4xx_flash.o
FLASH_OB_Unlock                                   Libraries\STM32F4xx_StdPeriph_Driver\src\stm32f4xx_flash.o
FLASH_OB_UserConfig                               Libraries\STM32F4xx_StdPeriph_Driver\src\stm32f4xx_flash.o
FLASH_OB_WRP1Config                               Libraries\STM32F4xx_StdPeriph_Driver\src\stm32f4xx_flash.o
FLASH_OB_WRPConfig                                Libraries\STM32F4xx_StdPeriph_Driver\src\stm32f4xx_flash.o
FLASH_PrefetchBufferCmd                           Libraries\STM32F4xx_StdPeriph_Driver\src\stm32f4xx_flash.o
FLASH_ProgramByte                                 Libraries\STM32F4xx_StdPeriph_Driver\src\stm32f4xx_flash.o
FLASH_ProgramDoubleWord                           Libraries\STM32F4xx_StdPeriph_Driver\src\stm32f4xx_flash.o
FLASH_ProgramHalfWord                             Libraries\STM32F4xx_StdPeriph_Driver\src\stm32f4xx_flash.o
FLASH_ProgramWord                                 Libraries\STM32F4xx_StdPeriph_Driver\src\stm32f4xx_flash.o
FLASH_SetLatency                                  Libraries\STM32F4xx_StdPeriph_Driver\src\stm32f4xx_flash.o
FLASH_Unlock                                      Libraries\STM32F4xx_StdPeriph_Driver\src\stm32f4xx_flash.o
FLASH_WaitForLastOperation                        Libraries\STM32F4xx_StdPeriph_Driver\src\stm32f4xx_flash.o
FMC_ClearFlag                                     Libraries\STM32F4xx_StdPeriph_Driver\src\stm32f4xx_fmc.o
FMC_ClearITPendingBit                             Libraries\STM32F4xx_StdPeriph_Driver\src\stm32f4xx_fmc.o
FMC_GetECC                                        Libraries\STM32F4xx_StdPeriph_Driver\src\stm32f4xx_fmc.o
FMC_GetFlagStatus                                 Libraries\STM32F4xx_StdPeriph_Driver\src\stm32f4xx_fmc.o
FMC_GetITStatus                                   Libraries\STM32F4xx_StdPeriph_Driver\src\stm32f4xx_fmc.o
FMC_GetModeStatus                                 Libraries\STM32F4xx_StdPeriph_Driver\src\stm32f4xx_fmc.o
FMC_IRQHandler                                    src\startup_stm32f429x.o
FMC_ITConfig                                      Libraries\STM32F4xx_StdPeriph_Driver\src\stm32f4xx_fmc.o
FMC_NANDCmd                                       Libraries\STM32F4xx_StdPeriph_Driver\src\stm32f4xx_fmc.o
FMC_NANDDeInit                                    Libraries\STM32F4xx_StdPeriph_Driver\src\stm32f4xx_fmc.o
FMC_NANDECCCmd                                    Libraries\STM32F4xx_StdPeriph_Driver\src\stm32f4xx_fmc.o
FMC_NANDInit                                      Libraries\STM32F4xx_StdPeriph_Driver\src\stm32f4xx_fmc.o
FMC_NANDStructInit                                Libraries\STM32F4xx_StdPeriph_Driver\src\stm32f4xx_fmc.o
FMC_NORSRAMCmd                                    Libraries\STM32F4xx_StdPeriph_Driver\src\stm32f4xx_fmc.o
FMC_NORSRAMDeInit                                 Libraries\STM32F4xx_StdPeriph_Driver\src\stm32f4xx_fmc.o
FMC_NORSRAMInit                                   Libraries\STM32F4xx_StdPeriph_Driver\src\stm32f4xx_fmc.o
FMC_NORSRAMStructInit                             Libraries\STM32F4xx_StdPeriph_Driver\src\stm32f4xx_fmc.o
FMC_PCCARDCmd                                     Libraries\STM32F4xx_StdPeriph_Driver\src\stm32f4xx_fmc.o
FMC_PCCARDDeInit                                  Libraries\STM32F4xx_StdPeriph_Driver\src\stm32f4xx_fmc.o
FMC_PCCARDInit                                    Libraries\STM32F4xx_StdPeriph_Driver\src\stm32f4xx_fmc.o
FMC_PCCARDStructInit                              Libraries\STM32F4xx_StdPeriph_Driver\src\stm32f4xx_fmc.o
FMC_SDRAMCmdConfig                                Libraries\STM32F4xx_StdPeriph_Driver\src\stm32f4xx_fmc.o
FMC_SDRAMDeInit                                   Libraries\STM32F4xx_StdPeriph_Driver\src\stm32f4xx_fmc.o
FMC_SDRAMInit                                     Libraries\STM32F4xx_StdPeriph_Driver\src\stm32f4xx_fmc.o
FMC_SDRAMStructInit                               Libraries\STM32F4xx_StdPeriph_Driver\src\stm32f4xx_fmc.o
FMC_SDRAMWriteProtectionConfig                    Libraries\STM32F4xx_StdPeriph_Driver\src\stm32f4xx_fmc.o
FMC_SetAutoRefresh_Number                         Libraries\STM32F4xx_StdPeriph_Driver\src\stm32f4xx_fmc.o
FMC_SetRefreshCount                               Libraries\STM32F4xx_StdPeriph_Driver\src\stm32f4xx_fmc.o
FPU_IRQHandler                                    src\startup_stm32f429x.o
GPIO_DeInit                                       Libraries\STM32F4xx_StdPeriph_Driver\src\stm32f4xx_gpio.o
GPIO_Init                                         Libraries\STM32F4xx_StdPeriph_Driver\src\stm32f4xx_gpio.o
                                                  src\camera.o
                                                  src\clock.o
                                                  src\gpio.o
                                                  src\i2c.o
                                                  src\main.o
                                                  src\uart.o
GPIO_PinAFConfig                                  Libraries\STM32F4xx_StdPeriph_Driver\src\stm32f4xx_gpio.o
                                                  src\camera.o
                                                  src\clock.o
                                                  src\i2c.o
                                                  src\main.o
                                                  src\uart.o
GPIO_PinLockConfig                                Libraries\STM32F4xx_StdPeriph_Driver\src\stm32f4xx_gpio.o
GPIO_ReadInputData                                Libraries\STM32F4xx_StdPeriph_Driver\src\stm32f4xx_gpio.o